
Optional file libmchp_peripheral.a not found

Optional file libmchp_peripheral_32MX795F512L.a not found
Archive member included because of file (symbol)

c:/program files (x86)/microchip/xc32/v1.42/bin/bin/../../lib/gcc/pic32mx/4.8.3\libgcc.a(floatunsisf.o)
                              build/default/debug/_ext/1360937237/colorSensor.o (__floatunsisf)
c:/program files (x86)/microchip/xc32/v1.42/bin/bin/../../lib/gcc/pic32mx/4.8.3/../../../../pic32mx/lib\libpic32.a(memcpy.o)
                              build/default/debug/_ext/1967019917/queue.o (memcpy)
c:/program files (x86)/microchip/xc32/v1.42/bin/bin/../../lib/gcc/pic32mx/4.8.3/../../../../pic32mx/lib\libpic32.a(memset.o)
                              build/default/debug/_ext/1967019917/tasks.o (memset)
c:/program files (x86)/microchip/xc32/v1.42/bin/bin/../../lib/gcc/pic32mx/4.8.3/../../../../pic32mx/lib\libpic32.a(strcmp.o)
                              build/default/debug/_ext/1360937237/communication.o (strcmp)
c:/program files (x86)/microchip/xc32/v1.42/bin/bin/../../lib/gcc/pic32mx/4.8.3/../../../../pic32mx/lib\libpic32.a(strcpy.o)
                              build/default/debug/_ext/1360937237/communication.o (strcpy)
c:/program files (x86)/microchip/xc32/v1.42/bin/bin/../../lib/gcc/pic32mx/4.8.3/../../../../pic32mx/lib\libpic32.a(strlen.o)
                              build/default/debug/_ext/1360937237/debug.o (strlen)
c:/program files (x86)/microchip/xc32/v1.42/bin/bin/../../lib/gcc/pic32mx/4.8.3/../../../../pic32mx/lib\libpic32.a(default-bootstrap-exception-handler.o)
                              c:/program files (x86)/microchip/xc32/v1.42/bin/bin/../../lib/gcc/pic32mx/4.8.3/../../../../pic32mx/lib/./proc/32MX795F512L/crt0_mips32r2.o (_bootstrap_exception_handler)
c:/program files (x86)/microchip/xc32/v1.42/bin/bin/../../lib/gcc/pic32mx/4.8.3/../../../../pic32mx/lib\libpic32.a(default-on-reset.o)
                              c:/program files (x86)/microchip/xc32/v1.42/bin/bin/../../lib/gcc/pic32mx/4.8.3/../../../../pic32mx/lib/./proc/32MX795F512L/crt0_mips32r2.o (_on_reset)
c:/program files (x86)/microchip/xc32/v1.42/bin/bin/../../lib/gcc/pic32mx/4.8.3/../../../../pic32mx/lib\libpic32.a(default-on-bootstrap.o)
                              c:/program files (x86)/microchip/xc32/v1.42/bin/bin/../../lib/gcc/pic32mx/4.8.3/../../../../pic32mx/lib/./proc/32MX795F512L/crt0_mips32r2.o (_on_bootstrap)
c:/program files (x86)/microchip/xc32/v1.42/bin/bin/../../lib/gcc/pic32mx/4.8.3/../../../../pic32mx/lib\libpic32.a(default-nmi-handler.o)
                              c:/program files (x86)/microchip/xc32/v1.42/bin/bin/../../lib/gcc/pic32mx/4.8.3/../../../../pic32mx/lib/./proc/32MX795F512L/crt0_mips32r2.o (_nmi_handler)
c:/program files (x86)/microchip/xc32/v1.42/bin/bin/../../lib/gcc/pic32mx/4.8.3/../../../../pic32mx/lib\libpic32.a(general-exception.o)
                              c:/program files (x86)/microchip/xc32/v1.42/bin/bin/../../lib/gcc/pic32mx/4.8.3/../../../../pic32mx/lib/./proc/32MX795F512L/crt0_mips32r2.o (_general_exception_context)
c:/program files (x86)/microchip/xc32/v1.42/bin/bin/../../lib/gcc/pic32mx/4.8.3/../../../../pic32mx/lib\libpic32.a(vector0.o)
                              c:/program files (x86)/microchip/xc32/v1.42/bin/bin/../../lib/gcc/pic32mx/4.8.3/../../../../pic32mx/lib/./proc/32MX795F512L\default_isr_vectors.o (__vector_dispatch_0)
c:/program files (x86)/microchip/xc32/v1.42/bin/bin/../../lib/gcc/pic32mx/4.8.3/../../../../pic32mx/lib\libpic32.a(vector2.o)
                              c:/program files (x86)/microchip/xc32/v1.42/bin/bin/../../lib/gcc/pic32mx/4.8.3/../../../../pic32mx/lib/./proc/32MX795F512L\default_isr_vectors.o (__vector_dispatch_2)
c:/program files (x86)/microchip/xc32/v1.42/bin/bin/../../lib/gcc/pic32mx/4.8.3/../../../../pic32mx/lib\libpic32.a(vector3.o)
                              c:/program files (x86)/microchip/xc32/v1.42/bin/bin/../../lib/gcc/pic32mx/4.8.3/../../../../pic32mx/lib/./proc/32MX795F512L\default_isr_vectors.o (__vector_dispatch_3)
c:/program files (x86)/microchip/xc32/v1.42/bin/bin/../../lib/gcc/pic32mx/4.8.3/../../../../pic32mx/lib\libpic32.a(vector5.o)
                              c:/program files (x86)/microchip/xc32/v1.42/bin/bin/../../lib/gcc/pic32mx/4.8.3/../../../../pic32mx/lib/./proc/32MX795F512L\default_isr_vectors.o (__vector_dispatch_5)
c:/program files (x86)/microchip/xc32/v1.42/bin/bin/../../lib/gcc/pic32mx/4.8.3/../../../../pic32mx/lib\libpic32.a(vector6.o)
                              c:/program files (x86)/microchip/xc32/v1.42/bin/bin/../../lib/gcc/pic32mx/4.8.3/../../../../pic32mx/lib/./proc/32MX795F512L\default_isr_vectors.o (__vector_dispatch_6)
c:/program files (x86)/microchip/xc32/v1.42/bin/bin/../../lib/gcc/pic32mx/4.8.3/../../../../pic32mx/lib\libpic32.a(vector7.o)
[...]
Memory Configuration

Name             Origin             Length             Attributes
kseg0_data_mem   0x80000000         0x00000200
kseg1_data_mem   0xa0000000         0x00020000         w !x
kseg0_boot_mem   0x9fc00490         0x00000970
kseg1_boot_mem   0xbfc00000         0x00000490
kseg0_program_mem 0x9d000000         0x00080000         xr
exception_mem    0x9fc01000         0x00001000
debug_exec_mem   0xbfc02000         0x00000ff0
config3          0xbfc02ff0         0x00000004
config2          0xbfc02ff4         0x00000004
config1          0xbfc02ff8         0x00000004
config0          0xbfc02ffc         0x00000004
sfrs             0xbf800000         0x00100000
configsfrs       0xbfc02ff0         0x00000010
*default*        0x00000000         0xffffffff

Linker script and memory map


reserve_data_0_kseg0
                0x80000000      0x200
                0x80000000        0x2 SHORT 0x0
                0x000001fd                . = 0x1fd
 *fill*         0x80000002      0x1fb 
                0x80000200                . = ALIGN (0x4)
 *fill*         0x800001fd        0x3 

reserve_data_0_kseg1
                0xa0000000      0x200
                0xa0000000        0x2 SHORT 0x0
                0x000001fd                . = 0x1fd
 *fill*         0xa0000002      0x1fb 
                0xa0000200                . = ALIGN (0x4)
 *fill*         0xa00001fd        0x3 

reserve_boot_0x1fc02000_kseg0
                0x9fc02000      0xff0
                0x9fc02000        0x2 SHORT 0x0
                0x00000500                . = 0x500
 *fill*         0x9fc02002      0x4fe 
                0x9fc02500                . = ALIGN (0x4)
                0x9fc02500        0x2 SHORT 0x0
                0x00000ff0                . = 0xff0
 *fill*         0x9fc02502      0xaee 
                0x9fc02ff0                . = ALIGN (0x4)

reserve_boot_0x1fc02000_kseg1
                0xbfc02000      0xff0
                0xbfc02000        0x2 SHORT 0x0
                0x00000500                . = 0x500
 *fill*         0xbfc02002      0x4fe 
                0xbfc02500                . = ALIGN (0x4)
                0xbfc02500        0x2 SHORT 0x0
                0x00000ff0                . = 0xff0
 *fill*         0xbfc02502      0xaee 
                0xbfc02ff0                . = ALIGN (0x4)
LOAD c:/program files (x86)/microchip/xc32/v1.42/bin/bin/../../lib/gcc/pic32mx/4.8.3/../../../../pic32mx/lib/./proc/32MX795F512L/crt0_mips32r2.o
LOAD c:/program files (x86)/microchip/xc32/v1.42/bin/bin/../../lib/gcc/pic32mx/4.8.3/../../../../pic32mx/lib\software-debug-break.o
LOAD build/default/debug/_ext/1360937237/app.o
LOAD build/default/debug/_ext/1360937237/main.o
LOAD build/default/debug/_ext/1360937237/debug.o
LOAD build/default/debug/_ext/1360937237/motorControl.o
LOAD build/default/debug/_ext/1360937237/communication.o
LOAD build/default/debug/_ext/1360937237/jsmn.o
LOAD build/default/debug/_ext/1360937237/astar.o
LOAD build/default/debug/_ext/1360937237/utility.o
LOAD build/default/debug/_ext/1360937237/pathMovement.o
LOAD build/default/debug/_ext/1360937237/tapeSensor.o
LOAD build/default/debug/_ext/1360937237/controller.o
LOAD build/default/debug/_ext/1360937237/colorSensor.o
LOAD build/default/debug/_ext/1019062744/osal_freertos.o
LOAD build/default/debug/_ext/88147854/sys_devcon.o
LOAD build/default/debug/_ext/88147854/sys_devcon_pic32mx.o
LOAD build/default/debug/_ext/938333736/sys_int_pic32.o
LOAD build/default/debug/_ext/1967019917/croutine.o
LOAD build/default/debug/_ext/1967019917/list.o
LOAD build/default/debug/_ext/1967019917/queue.o
LOAD build/default/debug/_ext/1967019917/tasks.o
LOAD build/default/debug/_ext/1967019917/timers.o
LOAD build/default/debug/_ext/1967019917/event_groups.o
LOAD build/default/debug/_ext/2088708874/heap_1.o
LOAD build/default/debug/_ext/1834392585/port.o
LOAD build/default/debug/_ext/1834392585/port_asm.o
LOAD build/default/debug/_ext/1361460060/drv_adc_static.o
LOAD build/default/debug/_ext/12144542/drv_i2c_static_buffer_model.o
LOAD build/default/debug/_ext/12144542/drv_i2c_mapping.o
LOAD build/default/debug/_ext/1407244131/drv_tmr_static.o
LOAD build/default/debug/_ext/1407244131/drv_tmr_mapping.o
LOAD build/default/debug/_ext/327000265/drv_usart_mapping.o
LOAD build/default/debug/_ext/327000265/drv_usart_static.o
LOAD build/default/debug/_ext/327000265/drv_usart_static_byte_model.o
LOAD build/default/debug/_ext/639803181/sys_clk_static.o
LOAD build/default/debug/_ext/822048611/sys_ports_static.o
LOAD build/default/debug/_ext/1688732426/system_init.o
LOAD build/default/debug/_ext/1688732426/system_interrupt.o
LOAD build/default/debug/_ext/1688732426/system_exceptions.o
LOAD build/default/debug/_ext/1688732426/system_tasks.o
LOAD build/default/debug/_ext/1688732426/system_interrupt_a.o
LOAD build/default/debug/_ext/1688732426/rtos_hooks.o
LOAD ..\..\..\..\..\..\..\microchip\harmony\v1_10\bin\framework\peripheral\PIC32MX795F512L_peripherals.a
                0x00000001                __MPLAB_BUILD = 0x1
                0x00000001                __MPLAB_DEBUG = 0x1
                0x00000001                __DEBUG = 0x1
                0x00000001                __MPLAB_DEBUGGER_PK3 = 0x1
                0x00000000                _min_heap_size = 0x0
LOAD c:/program files (x86)/microchip/xc32/v1.42/bin/bin/../../lib/gcc/pic32mx/4.8.3/../../../../pic32mx/lib/./proc/32MX795F512L\default_isr_vectors.o
LOAD c:/program files (x86)/microchip/xc32/v1.42/bin/bin/../../lib/gcc/pic32mx/4.8.3/../../../../pic32mx/lib\pic32_software_reset.o
                0x00000400                PROVIDE (_min_stack_size, 0x400)
LOAD c:/program files (x86)/microchip/xc32/v1.42/bin/bin/../../lib/gcc/pic32mx/4.8.3/../../../../pic32mx/lib/./proc/32MX795F512L\processor.o
START GROUP
LOAD libmchp_peripheral.a
END GROUP
START GROUP
LOAD libmchp_peripheral_32MX795F512L.a
END GROUP
                0x00000001                PROVIDE (_vector_spacing, 0x1)
                0x9fc01000                PROVIDE (_ebase_address, 0x9fc01000)
                0xbfc00000                _RESET_ADDR = 0xbfc00000
                0xbfc00380                _BEV_EXCPT_ADDR = 0xbfc00380
                0xbfc00480                _DBG_EXCPT_ADDR = 0xbfc00480
                0xbfc02000                _DBG_CODE_ADDR = 0xbfc02000
                0x00000ff0                _DBG_CODE_SIZE = 0xff0
                0x9fc01180                _GEN_EXCPT_ADDR = (_ebase_address + 0x180)

.config_BFC02FF0
                0xbfc02ff0        0x4
 *(.config_BFC02FF0)
 .config_BFC02FF0
                0xbfc02ff0        0x4 build/default/debug/_ext/1688732426/system_init.o

.config_BFC02FF4
                0xbfc02ff4        0x4
 *(.config_BFC02FF4)
 .config_BFC02FF4
                0xbfc02ff4        0x4 build/default/debug/_ext/1688732426/system_init.o

.config_BFC02FF8
                0xbfc02ff8        0x4
 *(.config_BFC02FF8)
 .config_BFC02FF8
                0xbfc02ff8        0x4 build/default/debug/_ext/1688732426/system_init.o

.config_BFC02FFC
                0xbfc02ffc        0x4
 *(.config_BFC02FFC)
 .config_BFC02FFC
                0xbfc02ffc        0x4 build/default/debug/_ext/1688732426/system_init.o
                0xbfc02000                PROVIDE (_DBG_CODE_ADDR, 0xbfc02000)
                0x00000ff0                PROVIDE (_DBG_CODE_SIZE, 0xff0)

.reset          0xbfc00000      0x208
 *(.reset)
 .reset         0xbfc00000        0x8 c:/program files (x86)/microchip/xc32/v1.42/bin/bin/../../lib/gcc/pic32mx/4.8.3/../../../../pic32mx/lib/./proc/32MX795F512L/crt0_mips32r2.o
                0xbfc00000                _reset
 *(.reset.startup)
 .reset.startup
                0xbfc00008      0x200 c:/program files (x86)/microchip/xc32/v1.42/bin/bin/../../lib/gcc/pic32mx/4.8.3/../../../../pic32mx/lib/./proc/32MX795F512L/crt0_mips32r2.o

.bev_excpt      0xbfc00380       0x10
 *(.bev_handler)
 .bev_handler   0xbfc00380       0x10 c:/program files (x86)/microchip/xc32/v1.42/bin/bin/../../lib/gcc/pic32mx/4.8.3/../../../../pic32mx/lib/./proc/32MX795F512L/crt0_mips32r2.o

.dbg_excpt      0xbfc00480        0x0
                0xbfc00480                . = (. + DEFINED (_DEBUGGER)?0x8:0x0)

.dbg_code       0xbfc02000        0x0
                0xbfc02000                . = (. + DEFINED (_DEBUGGER)?_DBG_CODE_SIZE:0x0)

.app_excpt      0x9fc01180       0x10
 *(.gen_handler)
 .gen_handler   0x9fc01180       0x10 c:/program files (x86)/microchip/xc32/v1.42/bin/bin/../../lib/gcc/pic32mx/4.8.3/../../../../pic32mx/lib/./proc/32MX795F512L/crt0_mips32r2.o

.vector_0       0x9fc01200        0x8
 *(.vector_0)
 .vector_0      0x9fc01200        0x8 c:/program files (x86)/microchip/xc32/v1.42/bin/bin/../../lib/gcc/pic32mx/4.8.3/../../../../pic32mx/lib\libpic32.a(vector0.o)
                0x9fc01200                __vector_dispatch_0
                0x00000001                ASSERT (((_vector_spacing == 0x0) || (SIZEOF (.vector_0) <= (_vector_spacing << 0x5))), function at exception vector 0 too large)

.vector_1       0x9fc01220        0x8
 *(.vector_1)
 .vector_1      0x9fc01220        0x8 build/default/debug/_ext/1834392585/port.o
                0x9fc01220                __vector_dispatch_1
                0x00000001                ASSERT (((_vector_spacing == 0x0) || (SIZEOF (.vector_1) <= (_vector_spacing << 0x5))), function at exception vector 1 too large)

.vector_2       0x9fc01240        0x8
 *(.vector_2)
 .vector_2      0x9fc01240        0x8 c:/program files (x86)/microchip/xc32/v1.42/bin/bin/../../lib/gcc/pic32mx/4.8.3/../../../../pic32mx/lib\libpic32.a(vector2.o)
                0x9fc01240                __vector_dispatch_2
                0x00000001                ASSERT (((_vector_spacing == 0x0) || (SIZEOF (.vector_2) <= (_vector_spacing << 0x5))), function at exception vector 2 too large)

.vector_3       0x9fc01260        0x8
 *(.vector_3)
 .vector_3      0x9fc01260        0x8 c:/program files (x86)/microchip/xc32/v1.42/bin/bin/../../lib/gcc/pic32mx/4.8.3/../../../../pic32mx/lib\libpic32.a(vector3.o)
                0x9fc01260                __vector_dispatch_3
                0x00000001                ASSERT (((_vector_spacing == 0x0) || (SIZEOF (.vector_3) <= (_vector_spacing << 0x5))), function at exception vector 3 too large)

.vector_4       0x9fc01280        0x8
 *(.vector_4)
 .vector_4      0x9fc01280        0x8 build/default/debug/_ext/1834392585/port.o
                0x9fc01280                __vector_dispatch_4
                0x00000001                ASSERT (((_vector_spacing == 0x0) || (SIZEOF (.vector_4) <= (_vector_spacing << 0x5))), function at exception vector 4 too large)

.vector_5       0x9fc012a0        0x8
 *(.vector_5)
 .vector_5      0x9fc012a0        0x8 c:/program files (x86)/microchip/xc32/v1.42/bin/bin/../../lib/gcc/pic32mx/4.8.3/../../../../pic32mx/lib\libpic32.a(vector5.o)
                0x9fc012a0                __vector_dispatch_5
                0x00000001                ASSERT (((_vector_spacing == 0x0) || (SIZEOF (.vector_5) <= (_vector_spacing << 0x5))), function at exception vector 5 too large)

.vector_6       0x9fc012c0        0x8
 *(.vector_6)
 .vector_6      0x9fc012c0        0x8 c:/program files (x86)/microchip/xc32/v1.42/bin/bin/../../lib/gcc/pic32mx/4.8.3/../../../../pic32mx/lib\libpic32.a(vector6.o)
                0x9fc012c0                __vector_dispatch_6
                0x00000001                ASSERT (((_vector_spacing == 0x0) || (SIZEOF (.vector_6) <= (_vector_spacing << 0x5))), function at exception vector 6 too large)

.vector_7       0x9fc012e0        0x8
 *(.vector_7)
 .vector_7      0x9fc012e0        0x8 c:/program files (x86)/microchip/xc32/v1.42/bin/bin/../../lib/gcc/pic32mx/4.8.3/../../../../pic32mx/lib\libpic32.a(vector7.o)
                0x9fc012e0                __vector_dispatch_7
                0x00000001                ASSERT (((_vector_spacing == 0x0) || (SIZEOF (.vector_7) <= (_vector_spacing << 0x5))), function at exception vector 7 too large)

.vector_8       0x9fc01300       0x10
 *(.vector_8)
 .vector_8      0x9fc01300       0x10 build/default/debug/_ext/1688732426/system_interrupt_a.o
                0x9fc01300                __vector_dispatch_8
                0x00000001                ASSERT (((_vector_spacing == 0x0) || (SIZEOF (.vector_8) <= (_vector_spacing << 0x5))), function at exception vector 8 too large)

.vector_9       0x9fc01320        0x8
 *(.vector_9)
 .vector_9      0x9fc01320        0x8 c:/program files (x86)/microchip/xc32/v1.42/bin/bin/../../lib/gcc/pic32mx/4.8.3/../../../../pic32mx/lib\libpic32.a(vector9.o)
                0x9fc01320                __vector_dispatch_9
                0x00000001                ASSERT (((_vector_spacing == 0x0) || (SIZEOF (.vector_9) <= (_vector_spacing << 0x5))), function at exception vector 9 too large)

.vector_10      0x9fc01340        0x8
 *(.vector_10)
 .vector_10     0x9fc01340        0x8 c:/program files (x86)/microchip/xc32/v1.42/bin/bin/../../lib/gcc/pic32mx/4.8.3/../../../../pic32mx/lib\libpic32.a(vector10.o)
                0x9fc01340                __vector_dispatch_10
                0x00000001                ASSERT (((_vector_spacing == 0x0) || (SIZEOF (.vector_10) <= (_vector_spacing << 0x5))), function at exception vector 10 too large)

.vector_11      0x9fc01360        0x8
 *(.vector_11)
 .vector_11     0x9fc01360        0x8 c:/program files (x86)/microchip/xc32/v1.42/bin/bin/../../lib/gcc/pic32mx/4.8.3/../../../../pic32mx/lib\libpic32.a(vector11.o)
                0x9fc01360                __vector_dispatch_11
                0x00000001                ASSERT (((_vector_spacing == 0x0) || (SIZEOF (.vector_11) <= (_vector_spacing << 0x5))), function at exception vector 11 too large)

.vector_12      0x9fc01380        0x8
 *(.vector_12)
 .vector_12     0x9fc01380        0x8 c:/program files (x86)/microchip/xc32/v1.42/bin/bin/../../lib/gcc/pic32mx/4.8.3/../../../../pic32mx/lib\libpic32.a(vector12.o)
                0x9fc01380                __vector_dispatch_12
                0x00000001                ASSERT (((_vector_spacing == 0x0) || (SIZEOF (.vector_12) <= (_vector_spacing << 0x5))), function at exception vector 12 too large)

.vector_13      0x9fc013a0        0x8
 *(.vector_13)
 .vector_13     0x9fc013a0        0x8 c:/program files (x86)/microchip/xc32/v1.42/bin/bin/../../lib/gcc/pic32mx/4.8.3/../../../../pic32mx/lib\libpic32.a(vector13.o)
                0x9fc013a0                __vector_dispatch_13
                0x00000001                ASSERT (((_vector_spacing == 0x0) || (SIZEOF (.vector_13) <= (_vector_spacing << 0x5))), function at exception vector 13 too large)

.vector_14      0x9fc013c0        0x8
 *(.vector_14)
 .vector_14     0x9fc013c0        0x8 c:/program files (x86)/microchip/xc32/v1.42/bin/bin/../../lib/gcc/pic32mx/4.8.3/../../../../pic32mx/lib\libpic32.a(vector14.o)
                0x9fc013c0                __vector_dispatch_14
                0x00000001                ASSERT (((_vector_spacing == 0x0) || (SIZEOF (.vector_14) <= (_vector_spacing << 0x5))), function at exception vector 14 too large)

.vector_15      0x9fc013e0        0x8
 *(.vector_15)
 .vector_15     0x9fc013e0        0x8 c:/program files (x86)/microchip/xc32/v1.42/bin/bin/../../lib/gcc/pic32mx/4.8.3/../../../../pic32mx/lib\libpic32.a(vector15.o)
                0x9fc013e0                __vector_dispatch_15
                0x00000001                ASSERT (((_vector_spacing == 0x0) || (SIZEOF (.vector_15) <= (_vector_spacing << 0x5))), function at exception vector 15 too large)

.vector_16      0x9fc01400       0x10
 *(.vector_16)
 .vector_16     0x9fc01400       0x10 build/default/debug/_ext/1688732426/system_interrupt_a.o
                0x9fc01400                __vector_dispatch_16
                0x00000001                ASSERT (((_vector_spacing == 0x0) || (SIZEOF (.vector_16) <= (_vector_spacing << 0x5))), function at exception vector 16 too large)

.vector_17      0x9fc01420        0x8
 *(.vector_17)
 .vector_17     0x9fc01420        0x8 c:/program files (x86)/microchip/xc32/v1.42/bin/bin/../../lib/gcc/pic32mx/4.8.3/../../../../pic32mx/lib\libpic32.a(vector17.o)
                0x9fc01420                __vector_dispatch_17
                0x00000001                ASSERT (((_vector_spacing == 0x0) || (SIZEOF (.vector_17) <= (_vector_spacing << 0x5))), function at exception vector 17 too large)

.vector_18      0x9fc01440        0x8
 *(.vector_18)
 .vector_18     0x9fc01440        0x8 c:/program files (x86)/microchip/xc32/v1.42/bin/bin/../../lib/gcc/pic32mx/4.8.3/../../../../pic32mx/lib\libpic32.a(vector18.o)
                0x9fc01440                __vector_dispatch_18
                0x00000001                ASSERT (((_vector_spacing == 0x0) || (SIZEOF (.vector_18) <= (_vector_spacing << 0x5))), function at exception vector 18 too large)

.vector_19      0x9fc01460        0x8
 *(.vector_19)
 .vector_19     0x9fc01460        0x8 c:/program files (x86)/microchip/xc32/v1.42/bin/bin/../../lib/gcc/pic32mx/4.8.3/../../../../pic32mx/lib\libpic32.a(vector19.o)
                0x9fc01460                __vector_dispatch_19
                0x00000001                ASSERT (((_vector_spacing == 0x0) || (SIZEOF (.vector_19) <= (_vector_spacing << 0x5))), function at exception vector 19 too large)

.vector_20      0x9fc01480        0x8
 *(.vector_20)
 .vector_20     0x9fc01480        0x8 c:/program files (x86)/microchip/xc32/v1.42/bin/bin/../../lib/gcc/pic32mx/4.8.3/../../../../pic32mx/lib\libpic32.a(vector20.o)
                0x9fc01480                __vector_dispatch_20
                0x00000001                ASSERT (((_vector_spacing == 0x0) || (SIZEOF (.vector_20) <= (_vector_spacing << 0x5))), function at exception vector 20 too large)

.vector_21      0x9fc014a0        0x8
 *(.vector_21)
 .vector_21     0x9fc014a0        0x8 c:/program files (x86)/microchip/xc32/v1.42/bin/bin/../../lib/gcc/pic32mx/4.8.3/../../../../pic32mx/lib\libpic32.a(vector21.o)
                0x9fc014a0                __vector_dispatch_21
                0x00000001                ASSERT (((_vector_spacing == 0x0) || (SIZEOF (.vector_21) <= (_vector_spacing << 0x5))), function at exception vector 21 too large)

.vector_22      0x9fc014c0        0x8
 *(.vector_22)
 .vector_22     0x9fc014c0        0x8 c:/program files (x86)/microchip/xc32/v1.42/bin/bin/../../lib/gcc/pic32mx/4.8.3/../../../../pic32mx/lib\libpic32.a(vector22.o)
                0x9fc014c0                __vector_dispatch_22
                0x00000001                ASSERT (((_vector_spacing == 0x0) || (SIZEOF (.vector_22) <= (_vector_spacing << 0x5))), function at exception vector 22 too large)

.vector_23      0x9fc014e0        0x8
 *(.vector_23)
 .vector_23     0x9fc014e0        0x8 c:/program files (x86)/microchip/xc32/v1.42/bin/bin/../../lib/gcc/pic32mx/4.8.3/../../../../pic32mx/lib\libpic32.a(vector23.o)
                0x9fc014e0                __vector_dispatch_23
                0x00000001                ASSERT (((_vector_spacing == 0x0) || (SIZEOF (.vector_23) <= (_vector_spacing << 0x5))), function at exception vector 23 too large)

.vector_24      0x9fc01500       0x10
 *(.vector_24)
 .vector_24     0x9fc01500       0x10 build/default/debug/_ext/1688732426/system_interrupt_a.o
                0x9fc01500                __vector_dispatch_24
                0x00000001                ASSERT (((_vector_spacing == 0x0) || (SIZEOF (.vector_24) <= (_vector_spacing << 0x5))), function at exception vector 24 too large)

.vector_25      0x9fc01520       0x10
 *(.vector_25)
 .vector_25     0x9fc01520       0x10 build/default/debug/_ext/1688732426/system_interrupt_a.o
                0x9fc01520                __vector_dispatch_25
                0x00000001                ASSERT (((_vector_spacing == 0x0) || (SIZEOF (.vector_25) <= (_vector_spacing << 0x5))), function at exception vector 25 too large)

.vector_26      0x9fc01540        0x8
 *(.vector_26)
 .vector_26     0x9fc01540        0x8 c:/program files (x86)/microchip/xc32/v1.42/bin/bin/../../lib/gcc/pic32mx/4.8.3/../../../../pic32mx/lib\libpic32.a(vector26.o)
                0x9fc01540                __vector_dispatch_26
                0x00000001                ASSERT (((_vector_spacing == 0x0) || (SIZEOF (.vector_26) <= (_vector_spacing << 0x5))), function at exception vector 26 too large)

.vector_27      0x9fc01560       0x10
 *(.vector_27)
 .vector_27     0x9fc01560       0x10 build/default/debug/_ext/1688732426/system_interrupt_a.o
                0x9fc01560                __vector_dispatch_27
                0x00000001                ASSERT (((_vector_spacing == 0x0) || (SIZEOF (.vector_27) <= (_vector_spacing << 0x5))), function at exception vector 27 too large)

.vector_28      0x9fc01580        0x8
 *(.vector_28)
 .vector_28     0x9fc01580        0x8 c:/program files (x86)/microchip/xc32/v1.42/bin/bin/../../lib/gcc/pic32mx/4.8.3/../../../../pic32mx/lib\libpic32.a(vector28.o)
                0x9fc01580                __vector_dispatch_28
                0x00000001                ASSERT (((_vector_spacing == 0x0) || (SIZEOF (.vector_28) <= (_vector_spacing << 0x5))), function at exception vector 28 too large)

.vector_29      0x9fc015a0        0x8
 *(.vector_29)
 .vector_29     0x9fc015a0        0x8 c:/program files (x86)/microchip/xc32/v1.42/bin/bin/../../lib/gcc/pic32mx/4.8.3/../../../../pic32mx/lib\libpic32.a(vector29.o)
                0x9fc015a0                __vector_dispatch_29
                0x00000001                ASSERT (((_vector_spacing == 0x0) || (SIZEOF (.vector_29) <= (_vector_spacing << 0x5))), function at exception vector 29 too large)

.vector_30      0x9fc015c0        0x8
 *(.vector_30)
 .vector_30     0x9fc015c0        0x8 c:/program files (x86)/microchip/xc32/v1.42/bin/bin/../../lib/gcc/pic32mx/4.8.3/../../../../pic32mx/lib\libpic32.a(vector30.o)
                0x9fc015c0                __vector_dispatch_30
                0x00000001                ASSERT (((_vector_spacing == 0x0) || (SIZEOF (.vector_30) <= (_vector_spacing << 0x5))), function at exception vector 30 too large)

.vector_31      0x9fc015e0        0x8
 *(.vector_31)
 .vector_31     0x9fc015e0        0x8 c:/program files (x86)/microchip/xc32/v1.42/bin/bin/../../lib/gcc/pic32mx/4.8.3/../../../../pic32mx/lib\libpic32.a(vector31.o)
                0x9fc015e0                __vector_dispatch_31
                0x00000001                ASSERT (((_vector_spacing == 0x0) || (SIZEOF (.vector_31) <= (_vector_spacing << 0x5))), function at exception vector 31 too large)

.vector_32      0x9fc01600        0x8
 *(.vector_32)
 .vector_32     0x9fc01600        0x8 c:/program files (x86)/microchip/xc32/v1.42/bin/bin/../../lib/gcc/pic32mx/4.8.3/../../../../pic32mx/lib\libpic32.a(vector32.o)
                0x9fc01600                __vector_dispatch_32
                0x00000001                ASSERT (((_vector_spacing == 0x0) || (SIZEOF (.vector_32) <= (_vector_spacing << 0x5))), function at exception vector 32 too large)

.vector_33      0x9fc01620       0x10
 *(.vector_33)
 .vector_33     0x9fc01620       0x10 build/default/debug/_ext/1688732426/system_interrupt_a.o
                0x9fc01620                __vector_dispatch_33
                0x00000001                ASSERT (((_vector_spacing == 0x0) || (SIZEOF (.vector_33) <= (_vector_spacing << 0x5))), function at exception vector 33 too large)

.vector_34      0x9fc01640        0x8
 *(.vector_34)
 .vector_34     0x9fc01640        0x8 c:/program files (x86)/microchip/xc32/v1.42/bin/bin/../../lib/gcc/pic32mx/4.8.3/../../../../pic32mx/lib\libpic32.a(vector34.o)
                0x9fc01640                __vector_dispatch_34
                0x00000001                ASSERT (((_vector_spacing == 0x0) || (SIZEOF (.vector_34) <= (_vector_spacing << 0x5))), function at exception vector 34 too large)

.vector_35      0x9fc01660        0x8
 *(.vector_35)
 .vector_35     0x9fc01660        0x8 c:/program files (x86)/microchip/xc32/v1.42/bin/bin/../../lib/gcc/pic32mx/4.8.3/../../../../pic32mx/lib\libpic32.a(vector35.o)
                0x9fc01660                __vector_dispatch_35
                0x00000001                ASSERT (((_vector_spacing == 0x0) || (SIZEOF (.vector_35) <= (_vector_spacing << 0x5))), function at exception vector 35 too large)

.vector_36      0x9fc01680        0x8
 *(.vector_36)
 .vector_36     0x9fc01680        0x8 c:/program files (x86)/microchip/xc32/v1.42/bin/bin/../../lib/gcc/pic32mx/4.8.3/../../../../pic32mx/lib\libpic32.a(vector36.o)
                0x9fc01680                __vector_dispatch_36
                0x00000001                ASSERT (((_vector_spacing == 0x0) || (SIZEOF (.vector_36) <= (_vector_spacing << 0x5))), function at exception vector 36 too large)

.vector_37      0x9fc016a0        0x8
 *(.vector_37)
 .vector_37     0x9fc016a0        0x8 c:/program files (x86)/microchip/xc32/v1.42/bin/bin/../../lib/gcc/pic32mx/4.8.3/../../../../pic32mx/lib\libpic32.a(vector37.o)
                0x9fc016a0                __vector_dispatch_37
                0x00000001                ASSERT (((_vector_spacing == 0x0) || (SIZEOF (.vector_37) <= (_vector_spacing << 0x5))), function at exception vector 37 too large)

.vector_38      0x9fc016c0        0x8
 *(.vector_38)
 .vector_38     0x9fc016c0        0x8 c:/program files (x86)/microchip/xc32/v1.42/bin/bin/../../lib/gcc/pic32mx/4.8.3/../../../../pic32mx/lib\libpic32.a(vector38.o)
                0x9fc016c0                __vector_dispatch_38
                0x00000001                ASSERT (((_vector_spacing == 0x0) || (SIZEOF (.vector_38) <= (_vector_spacing << 0x5))), function at exception vector 38 too large)

.vector_39      0x9fc016e0        0x8
 *(.vector_39)
 .vector_39     0x9fc016e0        0x8 c:/program files (x86)/microchip/xc32/v1.42/bin/bin/../../lib/gcc/pic32mx/4.8.3/../../../../pic32mx/lib\libpic32.a(vector39.o)
                0x9fc016e0                __vector_dispatch_39
                0x00000001                ASSERT (((_vector_spacing == 0x0) || (SIZEOF (.vector_39) <= (_vector_spacing << 0x5))), function at exception vector 39 too large)

.vector_40      0x9fc01700        0x8
 *(.vector_40)
 .vector_40     0x9fc01700        0x8 c:/program files (x86)/microchip/xc32/v1.42/bin/bin/../../lib/gcc/pic32mx/4.8.3/../../../../pic32mx/lib\libpic32.a(vector40.o)
                0x9fc01700                __vector_dispatch_40
                0x00000001                ASSERT (((_vector_spacing == 0x0) || (SIZEOF (.vector_40) <= (_vector_spacing << 0x5))), function at exception vector 40 too large)

.vector_41      0x9fc01720        0x8
 *(.vector_41)
 .vector_41     0x9fc01720        0x8 c:/program files (x86)/microchip/xc32/v1.42/bin/bin/../../lib/gcc/pic32mx/4.8.3/../../../../pic32mx/lib\libpic32.a(vector41.o)
                0x9fc01720                __vector_dispatch_41
                0x00000001                ASSERT (((_vector_spacing == 0x0) || (SIZEOF (.vector_41) <= (_vector_spacing << 0x5))), function at exception vector 41 too large)

.vector_42      0x9fc01740        0x8
 *(.vector_42)
 .vector_42     0x9fc01740        0x8 c:/program files (x86)/microchip/xc32/v1.42/bin/bin/../../lib/gcc/pic32mx/4.8.3/../../../../pic32mx/lib\libpic32.a(vector42.o)
                0x9fc01740                __vector_dispatch_42
                0x00000001                ASSERT (((_vector_spacing == 0x0) || (SIZEOF (.vector_42) <= (_vector_spacing << 0x5))), function at exception vector 42 too large)

.vector_43      0x9fc01760        0x8
 *(.vector_43)
 .vector_43     0x9fc01760        0x8 c:/program files (x86)/microchip/xc32/v1.42/bin/bin/../../lib/gcc/pic32mx/4.8.3/../../../../pic32mx/lib\libpic32.a(vector43.o)
                0x9fc01760                __vector_dispatch_43
                0x00000001                ASSERT (((_vector_spacing == 0x0) || (SIZEOF (.vector_43) <= (_vector_spacing << 0x5))), function at exception vector 43 too large)

.vector_44      0x9fc01780        0x8
 *(.vector_44)
 .vector_44     0x9fc01780        0x8 c:/program files (x86)/microchip/xc32/v1.42/bin/bin/../../lib/gcc/pic32mx/4.8.3/../../../../pic32mx/lib\libpic32.a(vector44.o)
                0x9fc01780                __vector_dispatch_44
                0x00000001                ASSERT (((_vector_spacing == 0x0) || (SIZEOF (.vector_44) <= (_vector_spacing << 0x5))), function at exception vector 44 too large)

.vector_45      0x9fc017a0        0x8
 *(.vector_45)
 .vector_45     0x9fc017a0        0x8 c:/program files (x86)/microchip/xc32/v1.42/bin/bin/../../lib/gcc/pic32mx/4.8.3/../../../../pic32mx/lib\libpic32.a(vector45.o)
                0x9fc017a0                __vector_dispatch_45
                0x00000001                ASSERT (((_vector_spacing == 0x0) || (SIZEOF (.vector_45) <= (_vector_spacing << 0x5))), function at exception vector 45 too large)

.vector_46      0x9fc017c0        0x8
 *(.vector_46)
 .vector_46     0x9fc017c0        0x8 c:/program files (x86)/microchip/xc32/v1.42/bin/bin/../../lib/gcc/pic32mx/4.8.3/../../../../pic32mx/lib\libpic32.a(vector46.o)
                0x9fc017c0                __vector_dispatch_46
                0x00000001                ASSERT (((_vector_spacing == 0x0) || (SIZEOF (.vector_46) <= (_vector_spacing << 0x5))), function at exception vector 46 too large)

.vector_47      0x9fc017e0        0x8
 *(.vector_47)
 .vector_47     0x9fc017e0        0x8 c:/program files (x86)/microchip/xc32/v1.42/bin/bin/../../lib/gcc/pic32mx/4.8.3/../../../../pic32mx/lib\libpic32.a(vector47.o)
                0x9fc017e0                __vector_dispatch_47
                0x00000001                ASSERT (((_vector_spacing == 0x0) || (SIZEOF (.vector_47) <= (_vector_spacing << 0x5))), function at exception vector 47 too large)

.vector_48      0x9fc01800        0x8
 *(.vector_48)
 .vector_48     0x9fc01800        0x8 c:/program files (x86)/microchip/xc32/v1.42/bin/bin/../../lib/gcc/pic32mx/4.8.3/../../../../pic32mx/lib\libpic32.a(vector48.o)
                0x9fc01800                __vector_dispatch_48
                0x00000001                ASSERT (((_vector_spacing == 0x0) || (SIZEOF (.vector_48) <= (_vector_spacing << 0x5))), function at exception vector 48 too large)

.vector_49      0x9fc01820        0x8
 *(.vector_49)
 .vector_49     0x9fc01820        0x8 c:/program files (x86)/microchip/xc32/v1.42/bin/bin/../../lib/gcc/pic32mx/4.8.3/../../../../pic32mx/lib\libpic32.a(vector49.o)
                0x9fc01820                __vector_dispatch_49
                0x00000001                ASSERT (((_vector_spacing == 0x0) || (SIZEOF (.vector_49) <= (_vector_spacing << 0x5))), function at exception vector 49 too large)

.vector_50      0x9fc01840        0x8
 *(.vector_50)
 .vector_50     0x9fc01840        0x8 c:/program files (x86)/microchip/xc32/v1.42/bin/bin/../../lib/gcc/pic32mx/4.8.3/../../../../pic32mx/lib\libpic32.a(vector50.o)
                0x9fc01840                __vector_dispatch_50
                0x00000001                ASSERT (((_vector_spacing == 0x0) || (SIZEOF (.vector_50) <= (_vector_spacing << 0x5))), function at exception vector 50 too large)

.vector_51      0x9fc01860        0x8
 *(.vector_51)
 .vector_51     0x9fc01860        0x8 c:/program files (x86)/microchip/xc32/v1.42/bin/bin/../../lib/gcc/pic32mx/4.8.3/../../../../pic32mx/lib\libpic32.a(vector51.o)
                0x9fc01860                __vector_dispatch_51
                0x00000001                ASSERT (((_vector_spacing == 0x0) || (SIZEOF (.vector_51) <= (_vector_spacing << 0x5))), function at exception vector 51 too large)

.vector_52      0x9fc01880        0x0
 *(.vector_52)
                0x00000001                ASSERT (((_vector_spacing == 0x0) || (SIZEOF (.vector_52) <= (_vector_spacing << 0x5))), function at exception vector 52 too large)

.vector_53      0x9fc018a0        0x0
 *(.vector_53)
                0x00000001                ASSERT (((_vector_spacing == 0x0) || (SIZEOF (.vector_53) <= (_vector_spacing << 0x5))), function at exception vector 53 too large)

.vector_54      0x9fc018c0        0x0
 *(.vector_54)
                0x00000001                ASSERT (((_vector_spacing == 0x0) || (SIZEOF (.vector_54) <= (_vector_spacing << 0x5))), function at exception vector 54 too large)

.vector_55      0x9fc018e0        0x0
 *(.vector_55)
                0x00000001                ASSERT (((_vector_spacing == 0x0) || (SIZEOF (.vector_55) <= (_vector_spacing << 0x5))), function at exception vector 55 too large)

.vector_56      0x9fc01900        0x0
 *(.vector_56)
                0x00000001                ASSERT (((_vector_spacing == 0x0) || (SIZEOF (.vector_56) <= (_vector_spacing << 0x5))), function at exception vector 56 too large)

.vector_57      0x9fc01920        0x0
 *(.vector_57)
                0x00000001                ASSERT (((_vector_spacing == 0x0) || (SIZEOF (.vector_57) <= (_vector_spacing << 0x5))), function at exception vector 57 too large)

.vector_58      0x9fc01940        0x0
 *(.vector_58)
                0x00000001                ASSERT (((_vector_spacing == 0x0) || (SIZEOF (.vector_58) <= (_vector_spacing << 0x5))), function at exception vector 58 too large)

.vector_59      0x9fc01960        0x0
 *(.vector_59)
                0x00000001                ASSERT (((_vector_spacing == 0x0) || (SIZEOF (.vector_59) <= (_vector_spacing << 0x5))), function at exception vector 59 too large)

.vector_60      0x9fc01980        0x0
 *(.vector_60)
                0x00000001                ASSERT (((_vector_spacing == 0x0) || (SIZEOF (.vector_60) <= (_vector_spacing << 0x5))), function at exception vector 60 too large)

.vector_61      0x9fc019a0        0x0
 *(.vector_61)
                0x00000001                ASSERT (((_vector_spacing == 0x0) || (SIZEOF (.vector_61) <= (_vector_spacing << 0x5))), function at exception vector 61 too large)

.vector_62      0x9fc019c0        0x0
 *(.vector_62)
                0x00000001                ASSERT (((_vector_spacing == 0x0) || (SIZEOF (.vector_62) <= (_vector_spacing << 0x5))), function at exception vector 62 too large)

.vector_63      0x9fc019e0        0x0
 *(.vector_63)
                0x00000001                ASSERT (((_vector_spacing == 0x0) || (SIZEOF (.vector_63) <= (_vector_spacing << 0x5))), function at exception vector 63 too large)

.startup
 *(.startup)

.text           0x9d000000        0x0
 *(.stub .gnu.linkonce.t.*)
 *(.text.*personality*)
 *(.mips16.fn.*)
 *(.mips16.call.*)
 *(.gnu.warning)
                0x9d000000                . = ALIGN (0x4)

.init           0x9d000000        0x0
 *crti.o(.init)
 *crtbegin.o(.init)
 *(EXCLUDE_FILE(*crtn.o *crtend?.o *crtend.o) .init)
 *crtend.o(.init)
 *crtn.o(.init)
                0x9d000000                . = ALIGN (0x4)

.fini           0x9d000000        0x0
 *(.fini)
                0x9d000000                . = ALIGN (0x4)

.preinit_array  0x9d000000        0x0
                0x9d000000                PROVIDE (__preinit_array_start, .)
 *(.preinit_array)
                0x9d000000                PROVIDE (__preinit_array_end, .)
                0x9d000000                . = ALIGN (0x4)

.init_array     0x9d000000        0x0
                0x9d000000                PROVIDE (__init_array_start, .)
 *(SORT(.init_array.*))
 *(.init_array)
                0x9d000000                PROVIDE (__init_array_end, .)
                0x9d000000                . = ALIGN (0x4)

.fini_array     0x9d000000        0x0
                0x9d000000                PROVIDE (__fini_array_start, .)
 *(SORT(.fini_array.*))
 *(.fini_array)
                0x9d000000                PROVIDE (__fini_array_end, .)
                0x9d000000                . = ALIGN (0x4)

.ctors          0x9d000000        0x0
 *crtbegin.o(.ctors)
 *crtbegin?.o(.ctors)
 *(EXCLUDE_FILE(*crtend?.o *crtend.o) .ctors)
 *(SORT(.ctors.*))
 *(.ctors)
                0x9d000000                . = ALIGN (0x4)

.dtors          0x9d000000        0x0
 *crtbegin.o(.dtors)
 *crtbegin?.o(.dtors)
 *(EXCLUDE_FILE(*crtend?.o *crtend.o) .dtors)
 *(SORT(.dtors.*))
 *(.dtors)
                0x9d000000                . = ALIGN (0x4)

.rodata         0x9d000000        0x0
 *(.gnu.linkonce.r.*)
 *(.rodata1)
                0x9d000000                . = ALIGN (0x4)

.sdata2         0x9fc00490        0x0
 *(.sdata2 .sdata2.* .gnu.linkonce.s2.*)
                0x9fc00490                . = ALIGN (0x4)

.sbss2          0x9fc00490        0x0
 *(.sbss2 .sbss2.* .gnu.linkonce.sb2.*)
                0x9fc00490                . = ALIGN (0x4)

.eh_frame_hdr
 *(.eh_frame_hdr)
                0x9fc00490                . = ALIGN (0x4)

.eh_frame
 *(.eh_frame)
                0x9fc00490                . = ALIGN (0x4)

.gcc_except_table
 *(.gcc_except_table .gcc_except_table.*)
                0x9fc00490                . = ALIGN (0x4)

.dbg_data       0xa0000200        0x0
                0xa0000200                . = (. + DEFINED (_DEBUGGER)?0x200:0x0)

.jcr            0xa0000200        0x0
 *(.jcr)
                0xa0000200                . = ALIGN (0x4)

.eh_frame
 *(.eh_frame)
                0xa0000200                . = ALIGN (0x4)

.gcc_except_table
 *(.gcc_except_table .gcc_except_table.*)
                0xa0000200                . = ALIGN (0x4)

.persist        0xa0000200        0x0
                0xa0000200                _persist_begin = .
 *(.persist .persist.*)
 *(.pbss .pbss.*)
                0xa0000200                . = ALIGN (0x4)
                0xa0000200                _persist_end = .

.data           0xa0000200        0x0
 *(.gnu.linkonce.d.*)
 *(.data1)
                0xa0000200                . = ALIGN (0x4)
                0xa0000200                . = .
                0xa00081f0                _gp = (ALIGN (0x10) + 0x7ff0)

.got            0xa0000200        0x0
 *(.got.plt)
 *(.got)
                0xa0000200                . = ALIGN (0x4)

.sdata          0xa0000200       0x14
                0xa0000200                _sdata_begin = .
 *(.sdata .sdata.* .gnu.linkonce.s.*)
 .sdata         0xa0000200        0xc build/default/debug/_ext/1360937237/colorSensor.o
 .sdata         0xa000020c        0x4 build/default/debug/_ext/1834392585/port.o
                0xa000020c                uxInterruptNesting
 .sdata         0xa0000210        0x4 c:/program files (x86)/microchip/xc32/v1.42/bin/bin/../../lib/gcc/pic32mx/4.8.3/../../../../pic32mx/lib\libpic32.a(xc32_uart.o)
                0xa0000210                __XC_UART
                0xa0000214                . = ALIGN (0x4)
                0xa0000214                _sdata_end = .

.lit8
 *(.lit8)

.lit4
 *(.lit4)
                0xa0000214                . = ALIGN (0x4)
                0xa0000214                _data_end = .
                0xa0000214                _bss_begin = .

.sbss           0xa0000214      0x11c
                0xa0000214                _sbss_begin = .
 *(.dynsbss)
 *(.sbss .sbss.* .gnu.linkonce.sb.*)
 .sbss          0xa0000214        0x4 build/default/debug/_ext/1360937237/app.o
 .sbss          0xa0000218        0x4 build/default/debug/_ext/1360937237/motorControl.o
 .sbss          0xa000021c        0xc build/default/debug/_ext/1360937237/communication.o
 .sbss          0xa0000228       0x1c build/default/debug/_ext/1360937237/utility.o
 .sbss          0xa0000244        0x8 build/default/debug/_ext/1360937237/pathMovement.o
 .sbss          0xa000024c        0xc build/default/debug/_ext/1360937237/colorSensor.o
 .sbss          0xa0000258       0x34 build/default/debug/_ext/1967019917/tasks.o
                0xa0000258                uxSchedulerSuspended
                0xa000025c                xIdleTaskHandle
                0xa0000260                xNextTaskUnblockTime
                0xa0000264                uxTaskNumber
                0xa0000268                xNumOfOverflows
                0xa000026c                xYieldPending
                0xa0000270                uxPendedTicks
                0xa0000274                xSchedulerRunning
                0xa0000278                uxTopReadyPriority
                0xa000027c                xTickCount
                0xa0000280                uxCurrentNumberOfTasks
                0xa0000284                uxDeletedTasksWaitingCleanUp
                0xa0000288                pxCurrentTCB
 .sbss          0xa000028c        0x8 build/default/debug/_ext/2088708874/heap_1.o
 .sbss          0xa0000294        0x4 build/default/debug/_ext/1834392585/port.o
                0xa0000294                uxSavedTaskStackPointer
 .sbss          0xa0000298        0xc build/default/debug/_ext/12144542/drv_i2c_static_buffer_model.o
                0xa0000298                QueueDelta_1
                0xa000029a                QueueOut_1
                0xa000029c                QueueIn_1
                0xa000029e                QueueDelta_0
                0xa00002a0                QueueOut_0
                0xa00002a2                QueueIn_0
 .sbss          0xa00002a4        0x2 build/default/debug/_ext/1407244131/drv_tmr_static.o
 *fill*         0xa00002a6        0x2 
 .sbss          0xa00002a8        0xc build/default/debug/_ext/1688732426/system_exceptions.o
 *(.scommon)
 .scommon       0xa00002b4       0x40 build/default/debug/_ext/1360937237/app.o
                0xa00002b4                MAX_X
                0xa00002b8                MAX_Y
                0xa00002bc                roverListLen
                0xa00002c0                nodeListLen
                0xa00002c4                MIN_X
                0xa00002c8                MIN_Y
                0xa00002cc                receiveBytes
                0xa00002d0                traceBackListLen
                0xa00002d4                openListLen
                0xa00002d8                closeListLen
                0xa00002dc                goalPosition
                0xa00002e4                boundaryListLen
                0xa00002e8                startPosition
                0xa00002f0                obsticleListLen
 .scommon       0xa00002f4        0x0 build/default/debug/_ext/1360937237/motorControl.o
 .scommon       0xa00002f4        0x0 build/default/debug/_ext/1360937237/communication.o
 .scommon       0xa00002f4        0x0 build/default/debug/_ext/1360937237/astar.o
 .scommon       0xa00002f4        0x0 build/default/debug/_ext/1360937237/utility.o
 .scommon       0xa00002f4        0x0 build/default/debug/_ext/1360937237/pathMovement.o
 .scommon       0xa00002f4        0x0 build/default/debug/_ext/1360937237/tapeSensor.o
 .scommon       0xa00002f4        0x8 build/default/debug/_ext/1360937237/controller.o
                0xa00002f4                controllerData
 .scommon       0xa00002fc        0x0 build/default/debug/_ext/1360937237/colorSensor.o
 .scommon       0xa00002fc        0x8 build/default/debug/_ext/88147854/sys_devcon.o
                0xa00002fc                sysDevconObj
 .scommon       0xa0000304        0x8 build/default/debug/_ext/1967019917/tasks.o
                0xa0000304                pxDelayedTaskList
                0xa0000308                pxOverflowDelayedTaskList
 .scommon       0xa000030c       0x20 build/default/debug/_ext/12144542/drv_i2c_static_buffer_model.o
                0xa000030c                lBufferObj0
                0xa0000310                lBufferObj1
                0xa0000314                i2c1ClientObj
                0xa000031c                i2c0State
                0xa0000320                i2c1State
                0xa0000324                i2c0ClientObj
 .scommon       0xa000032c        0x0 build/default/debug/_ext/327000265/drv_usart_mapping.o
 .scommon       0xa000032c        0x4 build/default/debug/_ext/327000265/drv_usart_static.o
                0xa000032c                gDrvUSART0Obj
 .scommon       0xa0000330        0x0 build/default/debug/_ext/327000265/drv_usart_static_byte_model.o
 .scommon       0xa0000330        0x0 build/default/debug/_ext/639803181/sys_clk_static.o
 .scommon       0xa0000330        0x0 build/default/debug/_ext/1688732426/system_init.o
 .scommon       0xa0000330        0x0 build/default/debug/_ext/1688732426/system_interrupt.o
 .scommon       0xa0000330        0x0 build/default/debug/_ext/1688732426/system_exceptions.o
 .scommon       0xa0000330        0x0 build/default/debug/_ext/1688732426/system_tasks.o
                0xa0000330                _sbss_end = .
                0xa0000330                . = ALIGN (0x4)

.bss            0xa0000330     0x5e0c
 *(.dynbss)
 *(COMMON)
 COMMON         0xa0000330     0x5cd0 build/default/debug/_ext/1360937237/app.o
                0xa0000330                obsticle_list
                0xa0001000                traceback_list
                0xa0001668                open_list
                0xa0001cd0                close_list
                0xa0002338                ex_map
                0xa00032d8                node_list
                0xa00052e0                boundary_list
                0xa00052f0                rover_list
                0xa0005fc0                ex_msg
 COMMON         0xa0006000        0xc build/default/debug/_ext/1360937237/colorSensor.o
                0xa0006000                colorsensorData
 COMMON         0xa000600c       0xc8 build/default/debug/_ext/1967019917/tasks.o
                0xa000600c                pxReadyTasksLists
                0xa0006070                xPendingReadyList
                0xa0006084                xTasksWaitingTermination
                0xa0006098                xSuspendedTaskList
                0xa00060ac                xDelayedTaskList2
                0xa00060c0                xDelayedTaskList1
 COMMON         0xa00060d4       0x58 build/default/debug/_ext/12144542/drv_i2c_static_buffer_model.o
                0xa00060d4                i2c1Obj
                0xa0006100                i2c0Obj
 COMMON         0xa000612c       0x10 build/default/debug/_ext/1688732426/system_init.o
                0xa000612c                sysObj
                0xa000613c                . = ALIGN ((. != 0x0)?0x4:0x1)
                0xa000613c                . = ALIGN (0x4)
                0xa000613c                _end = .
                0xa000613c                _bss_end = .
                0x00020000                _bmxdudba_address = 0x20000
                0x00020000                _bmxdupba_address = 0x20000

/DISCARD/
 *(.pdr)
 *(.rel.dyn)
 *(.note.GNU-stack)
 *(.note.GNU-stack)
 *(.gnu_debuglink)
 *(.gnu.lto_*)
 *(.discard)

.gptab.sdata
 *(.gptab.data)
 *(.gptab.sdata)

.gptab.sbss
 *(.gptab.bss)
 *(.gptab.sbss)

.mdebug.abi32   0xa000613c        0x0
 *(.mdebug.abi32)
 .mdebug.abi32  0xa000613c        0x0 c:/program files (x86)/microchip/xc32/v1.42/bin/bin/../../lib/gcc/pic32mx/4.8.3/../../../../pic32mx/lib\software-debug-break.o
 .mdebug.abi32  0xa000613c        0x0 build/default/debug/_ext/1360937237/app.o
 .mdebug.abi32  0xa000613c        0x0 build/default/debug/_ext/1360937237/main.o
 .mdebug.abi32  0xa000613c        0x0 build/default/debug/_ext/1360937237/debug.o
 .mdebug.abi32  0xa000613c        0x0 build/default/debug/_ext/1360937237/motorControl.o
 .mdebug.abi32  0xa000613c        0x0 build/default/debug/_ext/1360937237/communication.o
 .mdebug.abi32  0xa000613c        0x0 build/default/debug/_ext/1360937237/jsmn.o
 .mdebug.abi32  0xa000613c        0x0 build/default/debug/_ext/1360937237/astar.o
 .mdebug.abi32  0xa000613c        0x0 build/default/debug/_ext/1360937237/utility.o
 .mdebug.abi32  0xa000613c        0x0 build/default/debug/_ext/1360937237/pathMovement.o
 .mdebug.abi32  0xa000613c        0x0 build/default/debug/_ext/1360937237/tapeSensor.o
 .mdebug.abi32  0xa000613c        0x0 build/default/debug/_ext/1360937237/controller.o
 .mdebug.abi32  0xa000613c        0x0 build/default/debug/_ext/1360937237/colorSensor.o
 .mdebug.abi32  0xa000613c        0x0 build/default/debug/_ext/1019062744/osal_freertos.o
 .mdebug.abi32  0xa000613c        0x0 build/default/debug/_ext/88147854/sys_devcon.o
 .mdebug.abi32  0xa000613c        0x0 build/default/debug/_ext/88147854/sys_devcon_pic32mx.o
 .mdebug.abi32  0xa000613c        0x0 build/default/debug/_ext/938333736/sys_int_pic32.o
 .mdebug.abi32  0xa000613c        0x0 build/default/debug/_ext/1967019917/croutine.o
 .mdebug.abi32  0xa000613c        0x0 build/default/debug/_ext/1967019917/list.o
 .mdebug.abi32  0xa000613c        0x0 build/default/debug/_ext/1967019917/queue.o
 .mdebug.abi32  0xa000613c        0x0 build/default/debug/_ext/1967019917/tasks.o
 .mdebug.abi32  0xa000613c        0x0 build/default/debug/_ext/1967019917/timers.o
 .mdebug.abi32  0xa000613c        0x0 build/default/debug/_ext/1967019917/event_groups.o
 .mdebug.abi32  0xa000613c        0x0 build/default/debug/_ext/2088708874/heap_1.o
 .mdebug.abi32  0xa000613c        0x0 build/default/debug/_ext/1834392585/port.o
 .mdebug.abi32  0xa000613c        0x0 build/default/debug/_ext/1361460060/drv_adc_static.o
 .mdebug.abi32  0xa000613c        0x0 build/default/debug/_ext/12144542/drv_i2c_static_buffer_model.o
 .mdebug.abi32  0xa000613c        0x0 build/default/debug/_ext/12144542/drv_i2c_mapping.o
 .mdebug.abi32  0xa000613c        0x0 build/default/debug/_ext/1407244131/drv_tmr_static.o
 .mdebug.abi32  0xa000613c        0x0 build/default/debug/_ext/1407244131/drv_tmr_mapping.o
 .mdebug.abi32  0xa000613c        0x0 build/default/debug/_ext/327000265/drv_usart_mapping.o
 .mdebug.abi32  0xa000613c        0x0 build/default/debug/_ext/327000265/drv_usart_static.o
 .mdebug.abi32  0xa000613c        0x0 build/default/debug/_ext/327000265/drv_usart_static_byte_model.o
 .mdebug.abi32  0xa000613c        0x0 build/default/debug/_ext/639803181/sys_clk_static.o
 .mdebug.abi32  0xa000613c        0x0 build/default/debug/_ext/822048611/sys_ports_static.o
 .mdebug.abi32  0xa000613c        0x0 build/default/debug/_ext/1688732426/system_init.o
 .mdebug.abi32  0xa000613c        0x0 build/default/debug/_ext/1688732426/system_interrupt.o
 .mdebug.abi32  0xa000613c        0x0 build/default/debug/_ext/1688732426/system_exceptions.o
 .mdebug.abi32  0xa000613c        0x0 build/default/debug/_ext/1688732426/system_tasks.o
 .mdebug.abi32  0xa000613c        0x0 build/default/debug/_ext/1688732426/rtos_hooks.o
 .mdebug.abi32  0xa000613c        0x0 c:/program files (x86)/microchip/xc32/v1.42/bin/bin/../../lib/gcc/pic32mx/4.8.3\libgcc.a(floatunsisf.o)
 .mdebug.abi32  0xa000613c        0x0 c:/program files (x86)/microchip/xc32/v1.42/bin/bin/../../lib/gcc/pic32mx/4.8.3/../../../../pic32mx/lib\libpic32.a(default-bootstrap-exception-handler.o)
 .mdebug.abi32  0xa000613c        0x0 c:/program files (x86)/microchip/xc32/v1.42/bin/bin/../../lib/gcc/pic32mx/4.8.3/../../../../pic32mx/lib\libpic32.a(default-on-reset.o)
 .mdebug.abi32  0xa000613c        0x0 c:/program files (x86)/microchip/xc32/v1.42/bin/bin/../../lib/gcc/pic32mx/4.8.3/../../../../pic32mx/lib\libpic32.a(default-on-bootstrap.o)
 .mdebug.abi32  0xa000613c        0x0 c:/program files (x86)/microchip/xc32/v1.42/bin/bin/../../lib/gcc/pic32mx/4.8.3/../../../../pic32mx/lib\libpic32.a(defaultinterrupt.o)
 .mdebug.abi32  0xa000613c        0x0 c:/program files (x86)/microchip/xc32/v1.42/bin/bin/../../lib/gcc/pic32mx/4.8.3/../../../../pic32mx/lib\libc.a(atoi.o)
 .mdebug.abi32  0xa000613c        0x0 c:/program files (x86)/microchip/xc32/v1.42/bin/bin/../../lib/gcc/pic32mx/4.8.3/../../../../pic32mx/lib\libc.a(ctype.o)
 .mdebug.abi32  0xa000613c        0x0 c:/program files (x86)/microchip/xc32/v1.42/bin/bin/../../lib/gcc/pic32mx/4.8.3/../../../../pic32mx/lib\libc.a(strcat.o)
 .mdebug.abi32  0xa000613c        0x0 c:/program files (x86)/microchip/xc32/v1.42/bin/bin/../../lib/gcc/pic32mx/4.8.3/../../../../pic32mx/lib\libc.a(strncmp.o)
 .mdebug.abi32  0xa000613c        0x0 c:/program files (x86)/microchip/xc32/v1.42/bin/bin/../../lib/gcc/pic32mx/4.8.3/../../../../pic32mx/lib\libc.a(strncpy.o)
 .mdebug.abi32  0xa000613c        0x0 c:/program files (x86)/microchip/xc32/v1.42/bin/bin/../../lib/gcc/pic32mx/4.8.3/../../../../pic32mx/lib\libc.a(sprintf_cdnopuxX.eo)
 .mdebug.abi32  0xa000613c        0x0 c:/program files (x86)/microchip/xc32/v1.42/bin/bin/../../lib/gcc/pic32mx/4.8.3/../../../../pic32mx/lib\libc.a(doprnt_cdnopuxX.eo)
 .mdebug.abi32  0xa000613c        0x0 c:/program files (x86)/microchip/xc32/v1.42/bin/bin/../../lib/gcc/pic32mx/4.8.3/../../../../pic32mx/lib\libc.a(_fputc_simple.o)
 .mdebug.abi32  0xa000613c        0x0 c:/program files (x86)/microchip/xc32/v1.42/bin/bin/../../lib/gcc/pic32mx/4.8.3/../../../../pic32mx/lib\libc.a(_iob.o)
 .mdebug.abi32  0xa000613c        0x0 c:/program files (x86)/microchip/xc32/v1.42/bin/bin/../../lib/gcc/pic32mx/4.8.3/../../../../pic32mx/lib\libc.a(_flsbuf_simple.o)
 .mdebug.abi32  0xa000613c        0x0 c:/program files (x86)/microchip/xc32/v1.42/bin/bin/../../lib/gcc/pic32mx/4.8.3/../../../../pic32mx/lib\libpic32.a(write.o)
 .mdebug.abi32  0xa000613c        0x0 c:/program files (x86)/microchip/xc32/v1.42/bin/bin/../../lib/gcc/pic32mx/4.8.3/../../../../pic32mx/lib\libpic32.a(_mon_putc.o)
 .mdebug.abi32  0xa000613c        0x0 c:/program files (x86)/microchip/xc32/v1.42/bin/bin/../../lib/gcc/pic32mx/4.8.3/../../../../pic32mx/lib\libpic32.a(xc32_uart.o)
 .mdebug.abi32  0xa000613c        0x0 c:/program files (x86)/microchip/xc32/v1.42/bin/bin/../../lib/gcc/pic32mx/4.8.3\libgcc.a(_udivdi3.o)
 .mdebug.abi32  0xa000613c        0x0 c:/program files (x86)/microchip/xc32/v1.42/bin/bin/../../lib/gcc/pic32mx/4.8.3\libgcc.a(_umoddi3.o)

.mdebug.abiN32
 *(.mdebug.abiN32)

.mdebug.abi64
 *(.mdebug.abi64)

.mdebug.abiO64
 *(.mdebug.abiO64)

.mdebug.eabi32
 *(.mdebug.eabi32)

.mdebug.eabi64
 *(.mdebug.eabi64)

.gcc_compiled_long32
 *(.gcc_compiled_long32)

.gcc_compiled_long64
 *(.gcc_compiled_long64)

.stab
 *(.stab)

.stabstr
 *(.stabstr)

.stab.excl
 *(.stab.excl)

.stab.exclstr
 *(.stab.exclstr)

.stab.index
 *(.stab.index)

.stab.indexstr
 *(.stab.indexstr)

.comment        0x00000000       0xed
 *(.comment)
 .comment       0x00000000       0x3c c:/program files (x86)/microchip/xc32/v1.42/bin/bin/../../lib/gcc/pic32mx/4.8.3/../../../../pic32mx/lib\software-debug-break.o
                                 0x3d (size before relaxing)
 .comment       0x00000000       0x3d build/default/debug/_ext/1360937237/app.o
 .comment       0x00000000       0x3d build/default/debug/_ext/1360937237/main.o
 .comment       0x00000000       0x3d build/default/debug/_ext/1360937237/debug.o
 .comment       0x00000000       0x3d build/default/debug/_ext/1360937237/motorControl.o
 .comment       0x00000000       0x3d build/default/debug/_ext/1360937237/communication.o
 .comment       0x00000000       0x3d build/default/debug/_ext/1360937237/jsmn.o
 .comment       0x00000000       0x3d build/default/debug/_ext/1360937237/astar.o
 .comment       0x00000000       0x3d build/default/debug/_ext/1360937237/utility.o
 .comment       0x00000000       0x3d build/default/debug/_ext/1360937237/pathMovement.o
 .comment       0x00000000       0x3d build/default/debug/_ext/1360937237/tapeSensor.o
 .comment       0x00000000       0x3d build/default/debug/_ext/1360937237/controller.o
 .comment       0x00000000       0x3d build/default/debug/_ext/1360937237/colorSensor.o
 .comment       0x00000000       0x3d build/default/debug/_ext/1019062744/osal_freertos.o
 .comment       0x00000000       0x3d build/default/debug/_ext/88147854/sys_devcon.o
 .comment       0x00000000       0x3d build/default/debug/_ext/88147854/sys_devcon_pic32mx.o
 .comment       0x00000000       0x3d build/default/debug/_ext/938333736/sys_int_pic32.o
 .comment       0x00000000       0x3d build/default/debug/_ext/1967019917/croutine.o
 .comment       0x00000000       0x3d build/default/debug/_ext/1967019917/list.o
 .comment       0x00000000       0x3d build/default/debug/_ext/1967019917/queue.o
 .comment       0x00000000       0x3d build/default/debug/_ext/1967019917/tasks.o
 .comment       0x00000000       0x3d build/default/debug/_ext/1967019917/timers.o
 .comment       0x00000000       0x3d build/default/debug/_ext/1967019917/event_groups.o
 .comment       0x00000000       0x3d build/default/debug/_ext/2088708874/heap_1.o
 .comment       0x00000000       0x3d build/default/debug/_ext/1834392585/port.o
 .comment       0x00000000       0x3d build/default/debug/_ext/1361460060/drv_adc_static.o
 .comment       0x00000000       0x3d build/default/debug/_ext/12144542/drv_i2c_static_buffer_model.o
 .comment       0x00000000       0x3d build/default/debug/_ext/12144542/drv_i2c_mapping.o
 .comment       0x00000000       0x3d build/default/debug/_ext/1407244131/drv_tmr_static.o
 .comment       0x00000000       0x3d build/default/debug/_ext/1407244131/drv_tmr_mapping.o
 .comment       0x00000000       0x3d build/default/debug/_ext/327000265/drv_usart_mapping.o
 .comment       0x00000000       0x3d build/default/debug/_ext/327000265/drv_usart_static.o
 .comment       0x00000000       0x3d build/default/debug/_ext/327000265/drv_usart_static_byte_model.o
 .comment       0x00000000       0x3d build/default/debug/_ext/639803181/sys_clk_static.o
 .comment       0x00000000       0x3d build/default/debug/_ext/822048611/sys_ports_static.o
 .comment       0x00000000       0x3d build/default/debug/_ext/1688732426/system_init.o
 .comment       0x00000000       0x3d build/default/debug/_ext/1688732426/system_interrupt.o
 .comment       0x00000000       0x3d build/default/debug/_ext/1688732426/system_exceptions.o
 .comment       0x00000000       0x3d build/default/debug/_ext/1688732426/system_tasks.o
 .comment       0x00000000       0x3d build/default/debug/_ext/1688732426/rtos_hooks.o
 .comment       0x00000000       0x3d c:/program files (x86)/microchip/xc32/v1.42/bin/bin/../../lib/gcc/pic32mx/4.8.3\libgcc.a(floatunsisf.o)
 .comment       0x0000003c       0x18 c:/program files (x86)/microchip/xc32/v1.42/bin/bin/../../lib/gcc/pic32mx/4.8.3/../../../../pic32mx/lib\libpic32.a(memset.o)
                                 0x19 (size before relaxing)
 .comment       0x00000054       0x19 c:/program files (x86)/microchip/xc32/v1.42/bin/bin/../../lib/gcc/pic32mx/4.8.3/../../../../pic32mx/lib\libpic32.a(strcmp.o)
                                 0x1a (size before relaxing)
 .comment       0x0000006d       0x19 c:/program files (x86)/microchip/xc32/v1.42/bin/bin/../../lib/gcc/pic32mx/4.8.3/../../../../pic32mx/lib\libpic32.a(strcpy.o)
                                 0x1a (size before relaxing)
 .comment       0x00000086       0x19 c:/program files (x86)/microchip/xc32/v1.42/bin/bin/../../lib/gcc/pic32mx/4.8.3/../../../../pic32mx/lib\libpic32.a(strlen.o)
                                 0x1a (size before relaxing)
 .comment       0x00000000       0x3d c:/program files (x86)/microchip/xc32/v1.42/bin/bin/../../lib/gcc/pic32mx/4.8.3/../../../../pic32mx/lib\libpic32.a(default-bootstrap-exception-handler.o)
 .comment       0x00000000       0x3d c:/program files (x86)/microchip/xc32/v1.42/bin/bin/../../lib/gcc/pic32mx/4.8.3/../../../../pic32mx/lib\libpic32.a(default-on-reset.o)
 .comment       0x00000000       0x3d c:/program files (x86)/microchip/xc32/v1.42/bin/bin/../../lib/gcc/pic32mx/4.8.3/../../../../pic32mx/lib\libpic32.a(default-on-bootstrap.o)
 .comment       0x00000000       0x3d c:/program files (x86)/microchip/xc32/v1.42/bin/bin/../../lib/gcc/pic32mx/4.8.3/../../../../pic32mx/lib\libpic32.a(defaultinterrupt.o)
 .comment       0x00000000       0x3d c:/program files (x86)/microchip/xc32/v1.42/bin/bin/../../lib/gcc/pic32mx/4.8.3/../../../../pic32mx/lib\libc.a(atoi.o)
 .comment       0x0000009f       0x4e c:/program files (x86)/microchip/xc32/v1.42/bin/bin/../../lib/gcc/pic32mx/4.8.3/../../../../pic32mx/lib\libc.a(ctype.o)
                                 0x8b (size before relaxing)
 .comment       0x00000000       0x3d c:/program files (x86)/microchip/xc32/v1.42/bin/bin/../../lib/gcc/pic32mx/4.8.3/../../../../pic32mx/lib\libc.a(strcat.o)
 .comment       0x00000000       0x3d c:/program files (x86)/microchip/xc32/v1.42/bin/bin/../../lib/gcc/pic32mx/4.8.3/../../../../pic32mx/lib\libc.a(strncmp.o)
 .comment       0x00000000       0x3d c:/program files (x86)/microchip/xc32/v1.42/bin/bin/../../lib/gcc/pic32mx/4.8.3/../../../../pic32mx/lib\libc.a(strncpy.o)
 .comment       0x00000000       0x3d c:/program files (x86)/microchip/xc32/v1.42/bin/bin/../../lib/gcc/pic32mx/4.8.3/../../../../pic32mx/lib\libc.a(sprintf_cdnopuxX.eo)
 .comment       0x00000000       0x3d c:/program files (x86)/microchip/xc32/v1.42/bin/bin/../../lib/gcc/pic32mx/4.8.3/../../../../pic32mx/lib\libc.a(doprnt_cdnopuxX.eo)
 .comment       0x00000000       0x3d c:/program files (x86)/microchip/xc32/v1.42/bin/bin/../../lib/gcc/pic32mx/4.8.3/../../../../pic32mx/lib\libc.a(_fputc_simple.o)
 .comment       0x00000000       0x3d c:/program files (x86)/microchip/xc32/v1.42/bin/bin/../../lib/gcc/pic32mx/4.8.3/../../../../pic32mx/lib\libc.a(_iob.o)
 .comment       0x00000000       0x3d c:/program files (x86)/microchip/xc32/v1.42/bin/bin/../../lib/gcc/pic32mx/4.8.3/../../../../pic32mx/lib\libc.a(_flsbuf_simple.o)
 .comment       0x00000000       0x3d c:/program files (x86)/microchip/xc32/v1.42/bin/bin/../../lib/gcc/pic32mx/4.8.3/../../../../pic32mx/lib\libpic32.a(write.o)
 .comment       0x00000000       0x3d c:/program files (x86)/microchip/xc32/v1.42/bin/bin/../../lib/gcc/pic32mx/4.8.3/../../../../pic32mx/lib\libpic32.a(_mon_putc.o)
 .comment       0x00000000       0x3d c:/program files (x86)/microchip/xc32/v1.42/bin/bin/../../lib/gcc/pic32mx/4.8.3/../../../../pic32mx/lib\libpic32.a(xc32_uart.o)
 .comment       0x00000000       0x3d c:/program files (x86)/microchip/xc32/v1.42/bin/bin/../../lib/gcc/pic32mx/4.8.3\libgcc.a(_udivdi3.o)
 .comment       0x00000000       0x3d c:/program files (x86)/microchip/xc32/v1.42/bin/bin/../../lib/gcc/pic32mx/4.8.3\libgcc.a(_umoddi3.o)

.debug
 *(.debug)

.line
 *(.line)

.debug_srcinfo
 *(.debug_srcinfo)

.debug_sfnames
 *(.debug_sfnames)

.debug_aranges  0x00000000     0x13b0
 *(.debug_aranges)
 .debug_aranges
                0x00000000       0x20 c:/program files (x86)/microchip/xc32/v1.42/bin/bin/../../lib/gcc/pic32mx/4.8.3/../../../../pic32mx/lib\software-debug-break.o
 .debug_aranges
                0x00000020       0x30 build/default/debug/_ext/1360937237/app.o
 .debug_aranges
                0x00000050       0x20 build/default/debug/_ext/1360937237/main.o
 .debug_aranges
                0x00000070       0x50 build/default/debug/_ext/1360937237/debug.o
 .debug_aranges
                0x000000c0       0x70 build/default/debug/_ext/1360937237/motorControl.o
 .debug_aranges
                0x00000130       0x60 build/default/debug/_ext/1360937237/communication.o
 .debug_aranges
                0x00000190       0x28 build/default/debug/_ext/1360937237/jsmn.o
 .debug_aranges
                0x000001b8       0x68 build/default/debug/_ext/1360937237/astar.o
 .debug_aranges
                0x00000220       0xf8 build/default/debug/_ext/1360937237/utility.o
 .debug_aranges
                0x00000318       0x30 build/default/debug/_ext/1360937237/pathMovement.o
 .debug_aranges
                0x00000348       0x50 build/default/debug/_ext/1360937237/tapeSensor.o
 .debug_aranges
                0x00000398       0x28 build/default/debug/_ext/1360937237/controller.o
 .debug_aranges
                0x000003c0       0x90 build/default/debug/_ext/1360937237/colorSensor.o
 .debug_aranges
                0x00000450       0x88 build/default/debug/_ext/1019062744/osal_freertos.o
 .debug_aranges
                0x000004d8       0x78 build/default/debug/_ext/88147854/sys_devcon.o
 .debug_aranges
                0x00000550       0x20 build/default/debug/_ext/88147854/sys_devcon_pic32mx.o
 .debug_aranges
                0x00000570       0x48 build/default/debug/_ext/938333736/sys_int_pic32.o
 .debug_aranges
                0x000005b8       0x18 build/default/debug/_ext/1967019917/croutine.o
 .debug_aranges
                0x000005d0       0x40 build/default/debug/_ext/1967019917/list.o
 .debug_aranges
                0x00000610       0xb0 build/default/debug/_ext/1967019917/queue.o
 .debug_aranges
                0x000006c0      0x1a0 build/default/debug/_ext/1967019917/tasks.o
 .debug_aranges
                0x00000860       0x18 build/default/debug/_ext/1967019917/timers.o
 .debug_aranges
                0x00000878       0x60 build/default/debug/_ext/1967019917/event_groups.o
 .debug_aranges
                0x000008d8       0x38 build/default/debug/_ext/2088708874/heap_1.o
 .debug_aranges
                0x00000910       0x58 build/default/debug/_ext/1834392585/port.o
 .debug_aranges
                0x00000968       0x20 build/default/debug/_ext/1834392585/port_asm.o
 .debug_aranges
                0x00000988       0x78 build/default/debug/_ext/1361460060/drv_adc_static.o
 .debug_aranges
                0x00000a00      0x108 build/default/debug/_ext/12144542/drv_i2c_static_buffer_model.o
 .debug_aranges
                0x00000b08       0x60 build/default/debug/_ext/12144542/drv_i2c_mapping.o
 .debug_aranges
                0x00000b68       0xf8 build/default/debug/_ext/1407244131/drv_tmr_static.o
 .debug_aranges
                0x00000c60       0xe8 build/default/debug/_ext/1407244131/drv_tmr_mapping.o
 .debug_aranges
                0x00000d48       0xa8 build/default/debug/_ext/327000265/drv_usart_mapping.o
 .debug_aranges
                0x00000df0       0x78 build/default/debug/_ext/327000265/drv_usart_static.o
 .debug_aranges
                0x00000e68       0x48 build/default/debug/_ext/327000265/drv_usart_static_byte_model.o
 .debug_aranges
                0x00000eb0       0x50 build/default/debug/_ext/639803181/sys_clk_static.o
 .debug_aranges
                0x00000f00      0x108 build/default/debug/_ext/822048611/sys_ports_static.o
 .debug_aranges
                0x00001008       0x20 build/default/debug/_ext/1688732426/system_init.o
 .debug_aranges
                0x00001028       0x48 build/default/debug/_ext/1688732426/system_interrupt.o
 .debug_aranges
                0x00001070       0x20 build/default/debug/_ext/1688732426/system_exceptions.o
 .debug_aranges
                0x00001090       0x60 build/default/debug/_ext/1688732426/system_tasks.o
 .debug_aranges
                0x000010f0       0x78 build/default/debug/_ext/1688732426/system_interrupt_a.o
 .debug_aranges
                0x00001168       0x28 build/default/debug/_ext/1688732426/rtos_hooks.o
 .debug_aranges
                0x00001190       0x20 c:/program files (x86)/microchip/xc32/v1.42/bin/bin/../../lib/gcc/pic32mx/4.8.3\libgcc.a(floatunsisf.o)
 .debug_aranges
                0x000011b0       0x20 c:/program files (x86)/microchip/xc32/v1.42/bin/bin/../../lib/gcc/pic32mx/4.8.3/../../../../pic32mx/lib\libpic32.a(default-bootstrap-exception-handler.o)
 .debug_aranges
                0x000011d0       0x20 c:/program files (x86)/microchip/xc32/v1.42/bin/bin/../../lib/gcc/pic32mx/4.8.3/../../../../pic32mx/lib\libpic32.a(default-on-reset.o)
 .debug_aranges
                0x000011f0       0x20 c:/program files (x86)/microchip/xc32/v1.42/bin/bin/../../lib/gcc/pic32mx/4.8.3/../../../../pic32mx/lib\libpic32.a(default-on-bootstrap.o)
 .debug_aranges
                0x00001210       0x20 c:/program files (x86)/microchip/xc32/v1.42/bin/bin/../../lib/gcc/pic32mx/4.8.3/../../../../pic32mx/lib\libpic32.a(defaultinterrupt.o)
 .debug_aranges
                0x00001230       0x20 c:/program files (x86)/microchip/xc32/v1.42/bin/bin/../../lib/gcc/pic32mx/4.8.3/../../../../pic32mx/lib\libc.a(atoi.o)
 .debug_aranges
                0x00001250       0x20 c:/program files (x86)/microchip/xc32/v1.42/bin/bin/../../lib/gcc/pic32mx/4.8.3/../../../../pic32mx/lib\libc.a(strcat.o)
 .debug_aranges
                0x00001270       0x20 c:/program files (x86)/microchip/xc32/v1.42/bin/bin/../../lib/gcc/pic32mx/4.8.3/../../../../pic32mx/lib\libc.a(strncmp.o)
 .debug_aranges
                0x00001290       0x20 c:/program files (x86)/microchip/xc32/v1.42/bin/bin/../../lib/gcc/pic32mx/4.8.3/../../../../pic32mx/lib\libc.a(strncpy.o)
 .debug_aranges
                0x000012b0       0x20 c:/program files (x86)/microchip/xc32/v1.42/bin/bin/../../lib/gcc/pic32mx/4.8.3/../../../../pic32mx/lib\libc.a(sprintf_cdnopuxX.eo)
 .debug_aranges
                0x000012d0       0x20 c:/program files (x86)/microchip/xc32/v1.42/bin/bin/../../lib/gcc/pic32mx/4.8.3/../../../../pic32mx/lib\libc.a(doprnt_cdnopuxX.eo)
 .debug_aranges
                0x000012f0       0x20 c:/program files (x86)/microchip/xc32/v1.42/bin/bin/../../lib/gcc/pic32mx/4.8.3/../../../../pic32mx/lib\libc.a(_fputc_simple.o)
 .debug_aranges
                0x00001310       0x20 c:/program files (x86)/microchip/xc32/v1.42/bin/bin/../../lib/gcc/pic32mx/4.8.3/../../../../pic32mx/lib\libc.a(_flsbuf_simple.o)
 .debug_aranges
                0x00001330       0x20 c:/program files (x86)/microchip/xc32/v1.42/bin/bin/../../lib/gcc/pic32mx/4.8.3/../../../../pic32mx/lib\libpic32.a(write.o)
 .debug_aranges
                0x00001350       0x20 c:/program files (x86)/microchip/xc32/v1.42/bin/bin/../../lib/gcc/pic32mx/4.8.3/../../../../pic32mx/lib\libpic32.a(_mon_putc.o)
 .debug_aranges
                0x00001370       0x20 c:/program files (x86)/microchip/xc32/v1.42/bin/bin/../../lib/gcc/pic32mx/4.8.3\libgcc.a(_udivdi3.o)
 .debug_aranges
                0x00001390       0x20 c:/program files (x86)/microchip/xc32/v1.42/bin/bin/../../lib/gcc/pic32mx/4.8.3\libgcc.a(_umoddi3.o)

.debug_pubnames
 *(.debug_pubnames)

.debug_info     0x00000000    0x46097
 *(.debug_info .gnu.linkonce.wi.*)
 .debug_info    0x00000000       0xe5 c:/program files (x86)/microchip/xc32/v1.42/bin/bin/../../lib/gcc/pic32mx/4.8.3/../../../../pic32mx/lib\software-debug-break.o
 .debug_info    0x000000e5     0x20e3 build/default/debug/_ext/1360937237/app.o
 .debug_info    0x000021c8      0x1a6 build/default/debug/_ext/1360937237/main.o
 .debug_info    0x0000236e     0x1d61 build/default/debug/_ext/1360937237/debug.o
 .debug_info    0x000040cf     0x1b82 build/default/debug/_ext/1360937237/motorControl.o
 .debug_info    0x00005c51     0x1d38 build/default/debug/_ext/1360937237/communication.o
 .debug_info    0x00007989      0x6c4 build/default/debug/_ext/1360937237/jsmn.o
 .debug_info    0x0000804d      0x850 build/default/debug/_ext/1360937237/astar.o
 .debug_info    0x0000889d     0x3057 build/default/debug/_ext/1360937237/utility.o
 .debug_info    0x0000b8f4     0x1738 build/default/debug/_ext/1360937237/pathMovement.o
 .debug_info    0x0000d02c     0x1b8c build/default/debug/_ext/1360937237/tapeSensor.o
 .debug_info    0x0000ebb8     0x14b5 build/default/debug/_ext/1360937237/controller.o
 .debug_info    0x0001006d     0x1e04 build/default/debug/_ext/1360937237/colorSensor.o
 .debug_info    0x00011e71      0xabf build/default/debug/_ext/1019062744/osal_freertos.o
 .debug_info    0x00012930     0x1178 build/default/debug/_ext/88147854/sys_devcon.o
 .debug_info    0x00013aa8      0xd5c build/default/debug/_ext/88147854/sys_devcon_pic32mx.o
 .debug_info    0x00014804     0x15cb build/default/debug/_ext/938333736/sys_int_pic32.o
 .debug_info    0x00015dcf      0x18a build/default/debug/_ext/1967019917/croutine.o
 .debug_info    0x00015f59      0x48b build/default/debug/_ext/1967019917/list.o
 .debug_info    0x000163e4     0x195a build/default/debug/_ext/1967019917/queue.o
 .debug_info    0x00017d3e     0x2958 build/default/debug/_ext/1967019917/tasks.o
 .debug_info    0x0001a696      0x188 build/default/debug/_ext/1967019917/timers.o
 .debug_info    0x0001a81e      0xd6f build/default/debug/_ext/1967019917/event_groups.o
 .debug_info    0x0001b58d      0x395 build/default/debug/_ext/2088708874/heap_1.o
 .debug_info    0x0001b922     0x11c7 build/default/debug/_ext/1834392585/port.o
 .debug_info    0x0001cae9       0xd8 build/default/debug/_ext/1834392585/port_asm.o
 .debug_info    0x0001cbc1     0x43da build/default/debug/_ext/1361460060/drv_adc_static.o
 .debug_info    0x00020f9b     0x6cfc build/default/debug/_ext/12144542/drv_i2c_static_buffer_model.o
 .debug_info    0x00027c97     0x13ac build/default/debug/_ext/12144542/drv_i2c_mapping.o
 .debug_info    0x00029043     0x3f6c build/default/debug/_ext/1407244131/drv_tmr_static.o
 .debug_info    0x0002cfaf     0x163d build/default/debug/_ext/1407244131/drv_tmr_mapping.o
 .debug_info    0x0002e5ec     0x229a build/default/debug/_ext/327000265/drv_usart_mapping.o
 .debug_info    0x00030886     0x4334 build/default/debug/_ext/327000265/drv_usart_static.o
 .debug_info    0x00034bba     0x2650 build/default/debug/_ext/327000265/drv_usart_static_byte_model.o
 .debug_info    0x0003720a     0x1f5d build/default/debug/_ext/639803181/sys_clk_static.o
 .debug_info    0x00039167     0x3f43 build/default/debug/_ext/822048611/sys_ports_static.o
 .debug_info    0x0003d0aa     0x21cd build/default/debug/_ext/1688732426/system_init.o
 .debug_info    0x0003f277     0x24e6 build/default/debug/_ext/1688732426/system_interrupt.o
 .debug_info    0x0004175d     0x12bd build/default/debug/_ext/1688732426/system_exceptions.o
 .debug_info    0x00042a1a     0x17df build/default/debug/_ext/1688732426/system_tasks.o
 .debug_info    0x000441f9       0x96 build/default/debug/_ext/1688732426/system_interrupt_a.o
 .debug_info    0x0004428f      0x250 build/default/debug/_ext/1688732426/rtos_hooks.o
 .debug_info    0x000444df      0x131 c:/program files (x86)/microchip/xc32/v1.42/bin/bin/../../lib/gcc/pic32mx/4.8.3\libgcc.a(floatunsisf.o)
 .debug_info    0x00044610       0xf5 c:/program files (x86)/microchip/xc32/v1.42/bin/bin/../../lib/gcc/pic32mx/4.8.3/../../../../pic32mx/lib\libpic32.a(default-bootstrap-exception-handler.o)
 .debug_info    0x00044705       0xcf c:/program files (x86)/microchip/xc32/v1.42/bin/bin/../../lib/gcc/pic32mx/4.8.3/../../../../pic32mx/lib\libpic32.a(default-on-reset.o)
 .debug_info    0x000447d4       0xd7 c:/program files (x86)/microchip/xc32/v1.42/bin/bin/../../lib/gcc/pic32mx/4.8.3/../../../../pic32mx/lib\libpic32.a(default-on-bootstrap.o)
 .debug_info    0x000448ab       0xe9 c:/program files (x86)/microchip/xc32/v1.42/bin/bin/../../lib/gcc/pic32mx/4.8.3/../../../../pic32mx/lib\libpic32.a(defaultinterrupt.o)
 .debug_info    0x00044994       0xc4 c:/program files (x86)/microchip/xc32/v1.42/bin/bin/../../lib/gcc/pic32mx/4.8.3/../../../../pic32mx/lib\libc.a(atoi.o)
 .debug_info    0x00044a58       0xc8 c:/program files (x86)/microchip/xc32/v1.42/bin/bin/../../lib/gcc/pic32mx/4.8.3/../../../../pic32mx/lib\libc.a(strcat.o)
 .debug_info    0x00044b20       0xca c:/program files (x86)/microchip/xc32/v1.42/bin/bin/../../lib/gcc/pic32mx/4.8.3/../../../../pic32mx/lib\libc.a(strncmp.o)
 .debug_info    0x00044bea       0xca c:/program files (x86)/microchip/xc32/v1.42/bin/bin/../../lib/gcc/pic32mx/4.8.3/../../../../pic32mx/lib\libc.a(strncpy.o)
 .debug_info    0x00044cb4       0xd4 c:/program files (x86)/microchip/xc32/v1.42/bin/bin/../../lib/gcc/pic32mx/4.8.3/../../../../pic32mx/lib\libc.a(sprintf_cdnopuxX.eo)
 .debug_info    0x00044d88       0xd5 c:/program files (x86)/microchip/xc32/v1.42/bin/bin/../../lib/gcc/pic32mx/4.8.3/../../../../pic32mx/lib\libc.a(doprnt_cdnopuxX.eo)
 .debug_info    0x00044e5d       0xc6 c:/program files (x86)/microchip/xc32/v1.42/bin/bin/../../lib/gcc/pic32mx/4.8.3/../../../../pic32mx/lib\libc.a(_fputc_simple.o)
 .debug_info    0x00044f23       0xc9 c:/program files (x86)/microchip/xc32/v1.42/bin/bin/../../lib/gcc/pic32mx/4.8.3/../../../../pic32mx/lib\libc.a(_flsbuf_simple.o)
 .debug_info    0x00044fec       0xc0 c:/program files (x86)/microchip/xc32/v1.42/bin/bin/../../lib/gcc/pic32mx/4.8.3/../../../../pic32mx/lib\libpic32.a(write.o)
 .debug_info    0x000450ac       0xc8 c:/program files (x86)/microchip/xc32/v1.42/bin/bin/../../lib/gcc/pic32mx/4.8.3/../../../../pic32mx/lib\libpic32.a(_mon_putc.o)
 .debug_info    0x00045174      0x773 c:/program files (x86)/microchip/xc32/v1.42/bin/bin/../../lib/gcc/pic32mx/4.8.3\libgcc.a(_udivdi3.o)
 .debug_info    0x000458e7      0x7b0 c:/program files (x86)/microchip/xc32/v1.42/bin/bin/../../lib/gcc/pic32mx/4.8.3\libgcc.a(_umoddi3.o)

.debug_abbrev   0x00000000     0x5b40
 *(.debug_abbrev)
 .debug_abbrev  0x00000000       0x28 c:/program files (x86)/microchip/xc32/v1.42/bin/bin/../../lib/gcc/pic32mx/4.8.3/../../../../pic32mx/lib\software-debug-break.o
 .debug_abbrev  0x00000028      0x295 build/default/debug/_ext/1360937237/app.o
 .debug_abbrev  0x000002bd       0x93 build/default/debug/_ext/1360937237/main.o
 .debug_abbrev  0x00000350      0x272 build/default/debug/_ext/1360937237/debug.o
 .debug_abbrev  0x000005c2      0x225 build/default/debug/_ext/1360937237/motorControl.o
 .debug_abbrev  0x000007e7      0x200 build/default/debug/_ext/1360937237/communication.o
 .debug_abbrev  0x000009e7      0x201 build/default/debug/_ext/1360937237/jsmn.o
 .debug_abbrev  0x00000be8      0x1bf build/default/debug/_ext/1360937237/astar.o
 .debug_abbrev  0x00000da7      0x3c2 build/default/debug/_ext/1360937237/utility.o
 .debug_abbrev  0x00001169      0x1e8 build/default/debug/_ext/1360937237/pathMovement.o
 .debug_abbrev  0x00001351      0x339 build/default/debug/_ext/1360937237/tapeSensor.o
 .debug_abbrev  0x0000168a      0x18d build/default/debug/_ext/1360937237/controller.o
 .debug_abbrev  0x00001817      0x23a build/default/debug/_ext/1360937237/colorSensor.o
 .debug_abbrev  0x00001a51      0x1fe build/default/debug/_ext/1019062744/osal_freertos.o
 .debug_abbrev  0x00001c4f      0x2a1 build/default/debug/_ext/88147854/sys_devcon.o
 .debug_abbrev  0x00001ef0      0x16d build/default/debug/_ext/88147854/sys_devcon_pic32mx.o
 .debug_abbrev  0x0000205d      0x1ea build/default/debug/_ext/938333736/sys_int_pic32.o
 .debug_abbrev  0x00002247       0x1b build/default/debug/_ext/1967019917/croutine.o
 .debug_abbrev  0x00002262       0xf1 build/default/debug/_ext/1967019917/list.o
 .debug_abbrev  0x00002353      0x310 build/default/debug/_ext/1967019917/queue.o
 .debug_abbrev  0x00002663      0x308 build/default/debug/_ext/1967019917/tasks.o
 .debug_abbrev  0x0000296b       0x1b build/default/debug/_ext/1967019917/timers.o
 .debug_abbrev  0x00002986      0x29a build/default/debug/_ext/1967019917/event_groups.o
 .debug_abbrev  0x00002c20      0x13f build/default/debug/_ext/2088708874/heap_1.o
 .debug_abbrev  0x00002d5f      0x2cf build/default/debug/_ext/1834392585/port.o
 .debug_abbrev  0x0000302e       0x14 build/default/debug/_ext/1834392585/port_asm.o
 .debug_abbrev  0x00003042      0x1ed build/default/debug/_ext/1361460060/drv_adc_static.o
 .debug_abbrev  0x0000322f      0x42d build/default/debug/_ext/12144542/drv_i2c_static_buffer_model.o
 .debug_abbrev  0x0000365c      0x195 build/default/debug/_ext/12144542/drv_i2c_mapping.o
 .debug_abbrev  0x000037f1      0x388 build/default/debug/_ext/1407244131/drv_tmr_static.o
 .debug_abbrev  0x00003b79      0x35d build/default/debug/_ext/1407244131/drv_tmr_mapping.o
 .debug_abbrev  0x00003ed6      0x287 build/default/debug/_ext/327000265/drv_usart_mapping.o
 .debug_abbrev  0x0000415d      0x402 build/default/debug/_ext/327000265/drv_usart_static.o
 .debug_abbrev  0x0000455f      0x2b5 build/default/debug/_ext/327000265/drv_usart_static_byte_model.o
 .debug_abbrev  0x00004814      0x2d4 build/default/debug/_ext/639803181/sys_clk_static.o
 .debug_abbrev  0x00004ae8      0x22b build/default/debug/_ext/822048611/sys_ports_static.o
 .debug_abbrev  0x00004d13      0x2fa build/default/debug/_ext/1688732426/system_init.o
 .debug_abbrev  0x0000500d      0x2dc build/default/debug/_ext/1688732426/system_interrupt.o
 .debug_abbrev  0x000052e9       0xf4 build/default/debug/_ext/1688732426/system_exceptions.o
 .debug_abbrev  0x000053dd      0x1a9 build/default/debug/_ext/1688732426/system_tasks.o
 .debug_abbrev  0x00005586       0x12 build/default/debug/_ext/1688732426/system_interrupt_a.o
 .debug_abbrev  0x00005598       0x97 build/default/debug/_ext/1688732426/rtos_hooks.o
 .debug_abbrev  0x0000562f       0x62 c:/program files (x86)/microchip/xc32/v1.42/bin/bin/../../lib/gcc/pic32mx/4.8.3\libgcc.a(floatunsisf.o)
 .debug_abbrev  0x00005691       0x28 c:/program files (x86)/microchip/xc32/v1.42/bin/bin/../../lib/gcc/pic32mx/4.8.3/../../../../pic32mx/lib\libpic32.a(default-bootstrap-exception-handler.o)
 .debug_abbrev  0x000056b9       0x28 c:/program files (x86)/microchip/xc32/v1.42/bin/bin/../../lib/gcc/pic32mx/4.8.3/../../../../pic32mx/lib\libpic32.a(default-on-reset.o)
 .debug_abbrev  0x000056e1       0x28 c:/program files (x86)/microchip/xc32/v1.42/bin/bin/../../lib/gcc/pic32mx/4.8.3/../../../../pic32mx/lib\libpic32.a(default-on-bootstrap.o)
 .debug_abbrev  0x00005709       0x28 c:/program files (x86)/microchip/xc32/v1.42/bin/bin/../../lib/gcc/pic32mx/4.8.3/../../../../pic32mx/lib\libpic32.a(defaultinterrupt.o)
 .debug_abbrev  0x00005731       0x28 c:/program files (x86)/microchip/xc32/v1.42/bin/bin/../../lib/gcc/pic32mx/4.8.3/../../../../pic32mx/lib\libc.a(atoi.o)
 .debug_abbrev  0x00005759       0x28 c:/program files (x86)/microchip/xc32/v1.42/bin/bin/../../lib/gcc/pic32mx/4.8.3/../../../../pic32mx/lib\libc.a(strcat.o)
 .debug_abbrev  0x00005781       0x28 c:/program files (x86)/microchip/xc32/v1.42/bin/bin/../../lib/gcc/pic32mx/4.8.3/../../../../pic32mx/lib\libc.a(strncmp.o)
 .debug_abbrev  0x000057a9       0x28 c:/program files (x86)/microchip/xc32/v1.42/bin/bin/../../lib/gcc/pic32mx/4.8.3/../../../../pic32mx/lib\libc.a(strncpy.o)
 .debug_abbrev  0x000057d1       0x28 c:/program files (x86)/microchip/xc32/v1.42/bin/bin/../../lib/gcc/pic32mx/4.8.3/../../../../pic32mx/lib\libc.a(sprintf_cdnopuxX.eo)
 .debug_abbrev  0x000057f9       0x28 c:/program files (x86)/microchip/xc32/v1.42/bin/bin/../../lib/gcc/pic32mx/4.8.3/../../../../pic32mx/lib\libc.a(doprnt_cdnopuxX.eo)
 .debug_abbrev  0x00005821       0x28 c:/program files (x86)/microchip/xc32/v1.42/bin/bin/../../lib/gcc/pic32mx/4.8.3/../../../../pic32mx/lib\libc.a(_fputc_simple.o)
 .debug_abbrev  0x00005849       0x28 c:/program files (x86)/microchip/xc32/v1.42/bin/bin/../../lib/gcc/pic32mx/4.8.3/../../../../pic32mx/lib\libc.a(_flsbuf_simple.o)
 .debug_abbrev  0x00005871       0x28 c:/program files (x86)/microchip/xc32/v1.42/bin/bin/../../lib/gcc/pic32mx/4.8.3/../../../../pic32mx/lib\libpic32.a(write.o)
 .debug_abbrev  0x00005899       0x28 c:/program files (x86)/microchip/xc32/v1.42/bin/bin/../../lib/gcc/pic32mx/4.8.3/../../../../pic32mx/lib\libpic32.a(_mon_putc.o)
 .debug_abbrev  0x000058c1      0x138 c:/program files (x86)/microchip/xc32/v1.42/bin/bin/../../lib/gcc/pic32mx/4.8.3\libgcc.a(_udivdi3.o)
 .debug_abbrev  0x000059f9      0x147 c:/program files (x86)/microchip/xc32/v1.42/bin/bin/../../lib/gcc/pic32mx/4.8.3\libgcc.a(_umoddi3.o)

.debug_line     0x00000000     0xbc79
 *(.debug_line)
 .debug_line    0x00000000       0x9c c:/program files (x86)/microchip/xc32/v1.42/bin/bin/../../lib/gcc/pic32mx/4.8.3/../../../../pic32mx/lib\software-debug-break.o
 .debug_line    0x0000009c      0x3de build/default/debug/_ext/1360937237/app.o
 .debug_line    0x0000047a       0xb2 build/default/debug/_ext/1360937237/main.o
 .debug_line    0x0000052c      0x545 build/default/debug/_ext/1360937237/debug.o
 .debug_line    0x00000a71      0x3ce build/default/debug/_ext/1360937237/motorControl.o
 .debug_line    0x00000e3f      0x3a2 build/default/debug/_ext/1360937237/communication.o
 .debug_line    0x000011e1      0x1fe build/default/debug/_ext/1360937237/jsmn.o
 .debug_line    0x000013df      0x1be build/default/debug/_ext/1360937237/astar.o
 .debug_line    0x0000159d      0x5b9 build/default/debug/_ext/1360937237/utility.o
 .debug_line    0x00001b56      0x2af build/default/debug/_ext/1360937237/pathMovement.o
 .debug_line    0x00001e05      0x524 build/default/debug/_ext/1360937237/tapeSensor.o
 .debug_line    0x00002329      0x25b build/default/debug/_ext/1360937237/controller.o
 .debug_line    0x00002584      0x486 build/default/debug/_ext/1360937237/colorSensor.o
 .debug_line    0x00002a0a      0x2b9 build/default/debug/_ext/1019062744/osal_freertos.o
 .debug_line    0x00002cc3      0x5c6 build/default/debug/_ext/88147854/sys_devcon.o
 .debug_line    0x00003289      0x471 build/default/debug/_ext/88147854/sys_devcon_pic32mx.o
 .debug_line    0x000036fa      0x38c build/default/debug/_ext/938333736/sys_int_pic32.o
 .debug_line    0x00003a86       0x1d build/default/debug/_ext/1967019917/croutine.o
 .debug_line    0x00003aa3      0x1dc build/default/debug/_ext/1967019917/list.o
 .debug_line    0x00003c7f      0x496 build/default/debug/_ext/1967019917/queue.o
 .debug_line    0x00004115      0x803 build/default/debug/_ext/1967019917/tasks.o
 .debug_line    0x00004918       0x1d build/default/debug/_ext/1967019917/timers.o
 .debug_line    0x00004935      0x325 build/default/debug/_ext/1967019917/event_groups.o
 .debug_line    0x00004c5a      0x217 build/default/debug/_ext/2088708874/heap_1.o
 .debug_line    0x00004e71      0x23a build/default/debug/_ext/1834392585/port.o
 .debug_line    0x000050ab      0x123 build/default/debug/_ext/1834392585/port_asm.o
 .debug_line    0x000051ce      0x7fc build/default/debug/_ext/1361460060/drv_adc_static.o
 .debug_line    0x000059ca     0x12c6 build/default/debug/_ext/12144542/drv_i2c_static_buffer_model.o
 .debug_line    0x00006c90      0x3bf build/default/debug/_ext/12144542/drv_i2c_mapping.o
 .debug_line    0x0000704f      0x8d9 build/default/debug/_ext/1407244131/drv_tmr_static.o
 .debug_line    0x00007928      0x525 build/default/debug/_ext/1407244131/drv_tmr_mapping.o
 .debug_line    0x00007e4d      0x4b7 build/default/debug/_ext/327000265/drv_usart_mapping.o
 .debug_line    0x00008304      0x8d5 build/default/debug/_ext/327000265/drv_usart_static.o
 .debug_line    0x00008bd9      0x54d build/default/debug/_ext/327000265/drv_usart_static_byte_model.o
 .debug_line    0x00009126      0x48e build/default/debug/_ext/639803181/sys_clk_static.o
 .debug_line    0x000095b4      0x7cb build/default/debug/_ext/822048611/sys_ports_static.o
 .debug_line    0x00009d7f      0x694 build/default/debug/_ext/1688732426/system_init.o
 .debug_line    0x0000a413      0x600 build/default/debug/_ext/1688732426/system_interrupt.o
 .debug_line    0x0000aa13      0x170 build/default/debug/_ext/1688732426/system_exceptions.o
 .debug_line    0x0000ab83      0x415 build/default/debug/_ext/1688732426/system_tasks.o
 .debug_line    0x0000af98      0x14d build/default/debug/_ext/1688732426/system_interrupt_a.o
 .debug_line    0x0000b0e5      0x13d build/default/debug/_ext/1688732426/rtos_hooks.o
 .debug_line    0x0000b222       0x9c c:/program files (x86)/microchip/xc32/v1.42/bin/bin/../../lib/gcc/pic32mx/4.8.3\libgcc.a(floatunsisf.o)
 .debug_line    0x0000b2be       0xa9 c:/program files (x86)/microchip/xc32/v1.42/bin/bin/../../lib/gcc/pic32mx/4.8.3/../../../../pic32mx/lib\libpic32.a(default-bootstrap-exception-handler.o)
 .debug_line    0x0000b367       0x96 c:/program files (x86)/microchip/xc32/v1.42/bin/bin/../../lib/gcc/pic32mx/4.8.3/../../../../pic32mx/lib\libpic32.a(default-on-reset.o)
 .debug_line    0x0000b3fd       0x9a c:/program files (x86)/microchip/xc32/v1.42/bin/bin/../../lib/gcc/pic32mx/4.8.3/../../../../pic32mx/lib\libpic32.a(default-on-bootstrap.o)
 .debug_line    0x0000b497       0xa8 c:/program files (x86)/microchip/xc32/v1.42/bin/bin/../../lib/gcc/pic32mx/4.8.3/../../../../pic32mx/lib\libpic32.a(defaultinterrupt.o)
 .debug_line    0x0000b53f       0x80 c:/program files (x86)/microchip/xc32/v1.42/bin/bin/../../lib/gcc/pic32mx/4.8.3/../../../../pic32mx/lib\libc.a(atoi.o)
 .debug_line    0x0000b5bf        0x0 c:/program files (x86)/microchip/xc32/v1.42/bin/bin/../../lib/gcc/pic32mx/4.8.3/../../../../pic32mx/lib\libc.a(ctype.o)
 .debug_line    0x0000b5bf       0x82 c:/program files (x86)/microchip/xc32/v1.42/bin/bin/../../lib/gcc/pic32mx/4.8.3/../../../../pic32mx/lib\libc.a(strcat.o)
 .debug_line    0x0000b641       0x83 c:/program files (x86)/microchip/xc32/v1.42/bin/bin/../../lib/gcc/pic32mx/4.8.3/../../../../pic32mx/lib\libc.a(strncmp.o)
 .debug_line    0x0000b6c4       0x83 c:/program files (x86)/microchip/xc32/v1.42/bin/bin/../../lib/gcc/pic32mx/4.8.3/../../../../pic32mx/lib\libc.a(strncpy.o)
 .debug_line    0x0000b747       0x83 c:/program files (x86)/microchip/xc32/v1.42/bin/bin/../../lib/gcc/pic32mx/4.8.3/../../../../pic32mx/lib\libc.a(sprintf_cdnopuxX.eo)
 .debug_line    0x0000b7ca       0x82 c:/program files (x86)/microchip/xc32/v1.42/bin/bin/../../lib/gcc/pic32mx/4.8.3/../../../../pic32mx/lib\libc.a(doprnt_cdnopuxX.eo)
 .debug_line    0x0000b84c       0x81 c:/program files (x86)/microchip/xc32/v1.42/bin/bin/../../lib/gcc/pic32mx/4.8.3/../../../../pic32mx/lib\libc.a(_fputc_simple.o)
 .debug_line    0x0000b8cd        0x0 c:/program files (x86)/microchip/xc32/v1.42/bin/bin/../../lib/gcc/pic32mx/4.8.3/../../../../pic32mx/lib\libc.a(_iob.o)
 .debug_line    0x0000b8cd       0x82 c:/program files (x86)/microchip/xc32/v1.42/bin/bin/../../lib/gcc/pic32mx/4.8.3/../../../../pic32mx/lib\libc.a(_flsbuf_simple.o)
 .debug_line    0x0000b94f       0x8b c:/program files (x86)/microchip/xc32/v1.42/bin/bin/../../lib/gcc/pic32mx/4.8.3/../../../../pic32mx/lib\libpic32.a(write.o)
 .debug_line    0x0000b9da       0x8f c:/program files (x86)/microchip/xc32/v1.42/bin/bin/../../lib/gcc/pic32mx/4.8.3/../../../../pic32mx/lib\libpic32.a(_mon_putc.o)
 .debug_line    0x0000ba69        0x0 c:/program files (x86)/microchip/xc32/v1.42/bin/bin/../../lib/gcc/pic32mx/4.8.3/../../../../pic32mx/lib\libpic32.a(xc32_uart.o)
 .debug_line    0x0000ba69       0xff c:/program files (x86)/microchip/xc32/v1.42/bin/bin/../../lib/gcc/pic32mx/4.8.3\libgcc.a(_udivdi3.o)
 .debug_line    0x0000bb68      0x111 c:/program files (x86)/microchip/xc32/v1.42/bin/bin/../../lib/gcc/pic32mx/4.8.3\libgcc.a(_umoddi3.o)

.debug_frame    0x00000000     0x2984
 *(.debug_frame)
 .debug_frame   0x00000000       0x20 c:/program files (x86)/microchip/xc32/v1.42/bin/bin/../../lib/gcc/pic32mx/4.8.3/../../../../pic32mx/lib\software-debug-break.o
 .debug_frame   0x00000020       0x58 build/default/debug/_ext/1360937237/app.o
 .debug_frame   0x00000078       0x28 build/default/debug/_ext/1360937237/main.o
 .debug_frame   0x000000a0       0xb4 build/default/debug/_ext/1360937237/debug.o
 .debug_frame   0x00000154      0x120 build/default/debug/_ext/1360937237/motorControl.o
 .debug_frame   0x00000274       0xe4 build/default/debug/_ext/1360937237/communication.o
 .debug_frame   0x00000358       0x48 build/default/debug/_ext/1360937237/jsmn.o
 .debug_frame   0x000003a0       0xd8 build/default/debug/_ext/1360937237/astar.o
 .debug_frame   0x00000478      0x2c8 build/default/debug/_ext/1360937237/utility.o
 .debug_frame   0x00000740       0x64 build/default/debug/_ext/1360937237/pathMovement.o
 .debug_frame   0x000007a4       0xa0 build/default/debug/_ext/1360937237/tapeSensor.o
 .debug_frame   0x00000844       0x44 build/default/debug/_ext/1360937237/controller.o
 .debug_frame   0x00000888      0x178 build/default/debug/_ext/1360937237/colorSensor.o
 .debug_frame   0x00000a00      0x150 build/default/debug/_ext/1019062744/osal_freertos.o
 .debug_frame   0x00000b50       0xe8 build/default/debug/_ext/88147854/sys_devcon.o
 .debug_frame   0x00000c38       0x28 build/default/debug/_ext/88147854/sys_devcon_pic32mx.o
 .debug_frame   0x00000c60       0x90 build/default/debug/_ext/938333736/sys_int_pic32.o
 .debug_frame   0x00000cf0       0x60 build/default/debug/_ext/1967019917/list.o
 .debug_frame   0x00000d50      0x218 build/default/debug/_ext/1967019917/queue.o
 .debug_frame   0x00000f68      0x4dc build/default/debug/_ext/1967019917/tasks.o
 .debug_frame   0x00001444      0x108 build/default/debug/_ext/1967019917/event_groups.o
 .debug_frame   0x0000154c       0x5c build/default/debug/_ext/2088708874/heap_1.o
 .debug_frame   0x000015a8       0xc0 build/default/debug/_ext/1834392585/port.o
 .debug_frame   0x00001668       0xd0 build/default/debug/_ext/1361460060/drv_adc_static.o
 .debug_frame   0x00001738      0x294 build/default/debug/_ext/12144542/drv_i2c_static_buffer_model.o
 .debug_frame   0x000019cc       0xe0 build/default/debug/_ext/12144542/drv_i2c_mapping.o
 .debug_frame   0x00001aac      0x1e0 build/default/debug/_ext/1407244131/drv_tmr_static.o
 .debug_frame   0x00001c8c      0x218 build/default/debug/_ext/1407244131/drv_tmr_mapping.o
 .debug_frame   0x00001ea4      0x238 build/default/debug/_ext/327000265/drv_usart_mapping.o
 .debug_frame   0x000020dc       0xfc build/default/debug/_ext/327000265/drv_usart_static.o
 .debug_frame   0x000021d8       0x80 build/default/debug/_ext/327000265/drv_usart_static_byte_model.o
 .debug_frame   0x00002258       0xa0 build/default/debug/_ext/639803181/sys_clk_static.o
 .debug_frame   0x000022f8      0x1f0 build/default/debug/_ext/822048611/sys_ports_static.o
 .debug_frame   0x000024e8       0x28 build/default/debug/_ext/1688732426/system_init.o
 .debug_frame   0x00002510       0x9c build/default/debug/_ext/1688732426/system_interrupt.o
 .debug_frame   0x000025ac       0x28 build/default/debug/_ext/1688732426/system_exceptions.o
 .debug_frame   0x000025d4       0xe8 build/default/debug/_ext/1688732426/system_tasks.o
 .debug_frame   0x000026bc       0x40 build/default/debug/_ext/1688732426/rtos_hooks.o
 .debug_frame   0x000026fc       0x28 c:/program files (x86)/microchip/xc32/v1.42/bin/bin/../../lib/gcc/pic32mx/4.8.3\libgcc.a(floatunsisf.o)
 .debug_frame   0x00002724       0x2c c:/program files (x86)/microchip/xc32/v1.42/bin/bin/../../lib/gcc/pic32mx/4.8.3/../../../../pic32mx/lib\libpic32.a(default-bootstrap-exception-handler.o)
 .debug_frame   0x00002750       0x20 c:/program files (x86)/microchip/xc32/v1.42/bin/bin/../../lib/gcc/pic32mx/4.8.3/../../../../pic32mx/lib\libpic32.a(default-on-reset.o)
 .debug_frame   0x00002770       0x20 c:/program files (x86)/microchip/xc32/v1.42/bin/bin/../../lib/gcc/pic32mx/4.8.3/../../../../pic32mx/lib\libpic32.a(default-on-bootstrap.o)
 .debug_frame   0x00002790       0x20 c:/program files (x86)/microchip/xc32/v1.42/bin/bin/../../lib/gcc/pic32mx/4.8.3/../../../../pic32mx/lib\libpic32.a(defaultinterrupt.o)
 .debug_frame   0x000027b0       0x20 c:/program files (x86)/microchip/xc32/v1.42/bin/bin/../../lib/gcc/pic32mx/4.8.3/../../../../pic32mx/lib\libc.a(atoi.o)
 .debug_frame   0x000027d0       0x20 c:/program files (x86)/microchip/xc32/v1.42/bin/bin/../../lib/gcc/pic32mx/4.8.3/../../../../pic32mx/lib\libc.a(strcat.o)
 .debug_frame   0x000027f0       0x20 c:/program files (x86)/microchip/xc32/v1.42/bin/bin/../../lib/gcc/pic32mx/4.8.3/../../../../pic32mx/lib\libc.a(strncmp.o)
 .debug_frame   0x00002810       0x20 c:/program files (x86)/microchip/xc32/v1.42/bin/bin/../../lib/gcc/pic32mx/4.8.3/../../../../pic32mx/lib\libc.a(strncpy.o)