
Optional file libmchp_peripheral.a not found

Optional file libmchp_peripheral_32MX795F512L.a not found
Archive member included because of file (symbol)

c:/program files (x86)/microchip/xc32/v1.42/bin/bin/../../lib/gcc/pic32mx/4.8.3\libgcc.a(floatunsisf.o)
                              build/default/production/_ext/1360937237/colorSensor.o (__floatunsisf)
c:/program files (x86)/microchip/xc32/v1.42/bin/bin/../../lib/gcc/pic32mx/4.8.3/../../../../pic32mx/lib\libpic32.a(memcpy.o)
                              build/default/production/_ext/1967019917/queue.o (memcpy)
c:/program files (x86)/microchip/xc32/v1.42/bin/bin/../../lib/gcc/pic32mx/4.8.3/../../../../pic32mx/lib\libpic32.a(memset.o)
                              build/default/production/_ext/1967019917/tasks.o (memset)
c:/program files (x86)/microchip/xc32/v1.42/bin/bin/../../lib/gcc/pic32mx/4.8.3/../../../../pic32mx/lib\libpic32.a(strcmp.o)
                              build/default/production/_ext/1360937237/communication.o (strcmp)
c:/program files (x86)/microchip/xc32/v1.42/bin/bin/../../lib/gcc/pic32mx/4.8.3/../../../../pic32mx/lib\libpic32.a(strcpy.o)
                              build/default/production/_ext/1360937237/communication.o (strcpy)
c:/program files (x86)/microchip/xc32/v1.42/bin/bin/../../lib/gcc/pic32mx/4.8.3/../../../../pic32mx/lib\libpic32.a(strlen.o)
                              build/default/production/_ext/1360937237/debug.o (strlen)
c:/program files (x86)/microchip/xc32/v1.42/bin/bin/../../lib/gcc/pic32mx/4.8.3/../../../../pic32mx/lib\libpic32.a(default-bootstrap-exception-handler.o)
                              c:/program files (x86)/microchip/xc32/v1.42/bin/bin/../../lib/gcc/pic32mx/4.8.3/../../../../pic32mx/lib/./proc/32MX795F512L/crt0_mips32r2.o (_bootstrap_exception_handler)
c:/program files (x86)/microchip/xc32/v1.42/bin/bin/../../lib/gcc/pic32mx/4.8.3/../../../../pic32mx/lib\libpic32.a(default-on-reset.o)
                              c:/program files (x86)/microchip/xc32/v1.42/bin/bin/../../lib/gcc/pic32mx/4.8.3/../../../../pic32mx/lib/./proc/32MX795F512L/crt0_mips32r2.o (_on_reset)
c:/program files (x86)/microchip/xc32/v1.42/bin/bin/../../lib/gcc/pic32mx/4.8.3/../../../../pic32mx/lib\libpic32.a(default-on-bootstrap.o)
                              c:/program files (x86)/microchip/xc32/v1.42/bin/bin/../../lib/gcc/pic32mx/4.8.3/../../../../pic32mx/lib/./proc/32MX795F512L/crt0_mips32r2.o (_on_bootstrap)
c:/program files (x86)/microchip/xc32/v1.42/bin/bin/../../lib/gcc/pic32mx/4.8.3/../../../../pic32mx/lib\libpic32.a(default-nmi-handler.o)
                              c:/program files (x86)/microchip/xc32/v1.42/bin/bin/../../lib/gcc/pic32mx/4.8.3/../../../../pic32mx/lib/./proc/32MX795F512L/crt0_mips32r2.o (_nmi_handler)
c:/program files (x86)/microchip/xc32/v1.42/bin/bin/../../lib/gcc/pic32mx/4.8.3/../../../../pic32mx/lib\libpic32.a(general-exception.o)
                              c:/program files (x86)/microchip/xc32/v1.42/bin/bin/../../lib/gcc/pic32mx/4.8.3/../../../../pic32mx/lib/./proc/32MX795F512L/crt0_mips32r2.o (_general_exception_context)
c:/program files (x86)/microchip/xc32/v1.42/bin/bin/../../lib/gcc/pic32mx/4.8.3/../../../../pic32mx/lib\libpic32.a(vector0.o)
                              c:/program files (x86)/microchip/xc32/v1.42/bin/bin/../../lib/gcc/pic32mx/4.8.3/../../../../pic32mx/lib/./proc/32MX795F512L\default_isr_vectors.o (__vector_dispatch_0)
c:/program files (x86)/microchip/xc32/v1.42/bin/bin/../../lib/gcc/pic32mx/4.8.3/../../../../pic32mx/lib\libpic32.a(vector2.o)
                              c:/program files (x86)/microchip/xc32/v1.42/bin/bin/../../lib/gcc/pic32mx/4.8.3/../../../../pic32mx/lib/./proc/32MX795F512L\default_isr_vectors.o (__vector_dispatch_2)
c:/program files (x86)/microchip/xc32/v1.42/bin/bin/../../lib/gcc/pic32mx/4.8.3/../../../../pic32mx/lib\libpic32.a(vector3.o)
                              c:/program files (x86)/microchip/xc32/v1.42/bin/bin/../../lib/gcc/pic32mx/4.8.3/../../../../pic32mx/lib/./proc/32MX795F512L\default_isr_vectors.o (__vector_dispatch_3)
c:/program files (x86)/microchip/xc32/v1.42/bin/bin/../../lib/gcc/pic32mx/4.8.3/../../../../pic32mx/lib\libpic32.a(vector5.o)
                              c:/program files (x86)/microchip/xc32/v1.42/bin/bin/../../lib/gcc/pic32mx/4.8.3/../../../../pic32mx/lib/./proc/32MX795F512L\default_isr_vectors.o (__vector_dispatch_5)
c:/program files (x86)/microchip/xc32/v1.42/bin/bin/../../lib/gcc/pic32mx/4.8.3/../../../../pic32mx/lib\libpic32.a(vector6.o)
                              c:/program files (x86)/microchip/xc32/v1.42/bin/bin/../../lib/gcc/pic32mx/4.8.3/../../../../pic32mx/lib/./proc/32MX795F512L\default_isr_vectors.o (__vector_dispatch_6)
c:/program files (x86)/microchip/xc32/v1.42/bin/bin/../../lib/gcc/pic32mx/4.8.3/../../../../pic32mx/lib\libpic32.a(vector7.o)
[...]
Memory Configuration

Name             Origin             Length             Attributes
kseg0_program_mem 0x9d000000         0x00080000         xr
kseg0_boot_mem   0x9fc00490         0x00000970
exception_mem    0x9fc01000         0x00001000
kseg1_boot_mem   0xbfc00000         0x00000490
debug_exec_mem   0xbfc02000         0x00000ff0
config3          0xbfc02ff0         0x00000004
config2          0xbfc02ff4         0x00000004
config1          0xbfc02ff8         0x00000004
config0          0xbfc02ffc         0x00000004
kseg1_data_mem   0xa0000000         0x00020000         w !x
sfrs             0xbf800000         0x00100000
configsfrs       0xbfc02ff0         0x00000010
*default*        0x00000000         0xffffffff

Linker script and memory map

LOAD c:/program files (x86)/microchip/xc32/v1.42/bin/bin/../../lib/gcc/pic32mx/4.8.3/../../../../pic32mx/lib/./proc/32MX795F512L/crt0_mips32r2.o
LOAD c:/program files (x86)/microchip/xc32/v1.42/bin/bin/../../lib/gcc/pic32mx/4.8.3/../../../../pic32mx/lib\debug-exception-return.o
LOAD build/default/production/_ext/1360937237/app.o
LOAD build/default/production/_ext/1360937237/main.o
LOAD build/default/production/_ext/1360937237/debug.o
LOAD build/default/production/_ext/1360937237/motorControl.o
LOAD build/default/production/_ext/1360937237/communication.o
LOAD build/default/production/_ext/1360937237/jsmn.o
LOAD build/default/production/_ext/1360937237/astar.o
LOAD build/default/production/_ext/1360937237/utility.o
LOAD build/default/production/_ext/1360937237/pathMovement.o
LOAD build/default/production/_ext/1360937237/tapeSensor.o
LOAD build/default/production/_ext/1360937237/controller.o
LOAD build/default/production/_ext/1360937237/colorSensor.o
LOAD build/default/production/_ext/1019062744/osal_freertos.o
LOAD build/default/production/_ext/88147854/sys_devcon.o
LOAD build/default/production/_ext/88147854/sys_devcon_pic32mx.o
LOAD build/default/production/_ext/938333736/sys_int_pic32.o
LOAD build/default/production/_ext/1967019917/croutine.o
LOAD build/default/production/_ext/1967019917/list.o
LOAD build/default/production/_ext/1967019917/queue.o
LOAD build/default/production/_ext/1967019917/tasks.o
LOAD build/default/production/_ext/1967019917/timers.o
LOAD build/default/production/_ext/1967019917/event_groups.o
LOAD build/default/production/_ext/2088708874/heap_1.o
LOAD build/default/production/_ext/1834392585/port.o
LOAD build/default/production/_ext/1834392585/port_asm.o
LOAD build/default/production/_ext/12144542/drv_i2c_static_buffer_model.o
LOAD build/default/production/_ext/12144542/drv_i2c_mapping.o
LOAD build/default/production/_ext/1407244131/drv_tmr_static.o
LOAD build/default/production/_ext/1407244131/drv_tmr_mapping.o
LOAD build/default/production/_ext/327000265/drv_usart_mapping.o
LOAD build/default/production/_ext/327000265/drv_usart_static.o
LOAD build/default/production/_ext/327000265/drv_usart_static_byte_model.o
LOAD build/default/production/_ext/639803181/sys_clk_static.o
LOAD build/default/production/_ext/822048611/sys_ports_static.o
LOAD build/default/production/_ext/1688732426/system_init.o
LOAD build/default/production/_ext/1688732426/system_interrupt.o
LOAD build/default/production/_ext/1688732426/system_exceptions.o
LOAD build/default/production/_ext/1688732426/system_tasks.o
LOAD build/default/production/_ext/1688732426/system_interrupt_a.o
LOAD build/default/production/_ext/1688732426/rtos_hooks.o
LOAD ..\..\..\..\..\..\..\microchip\harmony\v1_10\bin\framework\peripheral\PIC32MX795F512L_peripherals.a
                0x00000001                __MPLAB_BUILD = 0x1
                0x00000000                _min_heap_size = 0x0
LOAD c:/program files (x86)/microchip/xc32/v1.42/bin/bin/../../lib/gcc/pic32mx/4.8.3/../../../../pic32mx/lib/./proc/32MX795F512L\default_isr_vectors.o
LOAD c:/program files (x86)/microchip/xc32/v1.42/bin/bin/../../lib/gcc/pic32mx/4.8.3/../../../../pic32mx/lib\pic32_software_reset.o
                0x00000400                PROVIDE (_min_stack_size, 0x400)
LOAD c:/program files (x86)/microchip/xc32/v1.42/bin/bin/../../lib/gcc/pic32mx/4.8.3/../../../../pic32mx/lib/./proc/32MX795F512L\processor.o
START GROUP
LOAD libmchp_peripheral.a
END GROUP
START GROUP
LOAD libmchp_peripheral_32MX795F512L.a
END GROUP
                0x00000001                PROVIDE (_vector_spacing, 0x1)
                0x9fc01000                PROVIDE (_ebase_address, 0x9fc01000)
                0xbfc00000                _RESET_ADDR = 0xbfc00000
                0xbfc00380                _BEV_EXCPT_ADDR = 0xbfc00380
                0xbfc00480                _DBG_EXCPT_ADDR = 0xbfc00480
                0xbfc02000                _DBG_CODE_ADDR = 0xbfc02000
                0x00000ff0                _DBG_CODE_SIZE = 0xff0
                0x9fc01180                _GEN_EXCPT_ADDR = (_ebase_address + 0x180)

.config_BFC02FF0
                0xbfc02ff0        0x4
 *(.config_BFC02FF0)
 .config_BFC02FF0
                0xbfc02ff0        0x4 build/default/production/_ext/1688732426/system_init.o

.config_BFC02FF4
                0xbfc02ff4        0x4
 *(.config_BFC02FF4)
 .config_BFC02FF4
                0xbfc02ff4        0x4 build/default/production/_ext/1688732426/system_init.o

.config_BFC02FF8
                0xbfc02ff8        0x4
 *(.config_BFC02FF8)
 .config_BFC02FF8
                0xbfc02ff8        0x4 build/default/production/_ext/1688732426/system_init.o

.config_BFC02FFC
                0xbfc02ffc        0x4
 *(.config_BFC02FFC)
 .config_BFC02FFC
                0xbfc02ffc        0x4 build/default/production/_ext/1688732426/system_init.o
                0xbfc02000                PROVIDE (_DBG_CODE_ADDR, 0xbfc02000)
                0x00000ff0                PROVIDE (_DBG_CODE_SIZE, 0xff0)

.reset          0xbfc00000      0x208
 *(.reset)
 .reset         0xbfc00000        0x8 c:/program files (x86)/microchip/xc32/v1.42/bin/bin/../../lib/gcc/pic32mx/4.8.3/../../../../pic32mx/lib/./proc/32MX795F512L/crt0_mips32r2.o
                0xbfc00000                _reset
 *(.reset.startup)
 .reset.startup
                0xbfc00008      0x200 c:/program files (x86)/microchip/xc32/v1.42/bin/bin/../../lib/gcc/pic32mx/4.8.3/../../../../pic32mx/lib/./proc/32MX795F512L/crt0_mips32r2.o

.bev_excpt      0xbfc00380       0x10
 *(.bev_handler)
 .bev_handler   0xbfc00380       0x10 c:/program files (x86)/microchip/xc32/v1.42/bin/bin/../../lib/gcc/pic32mx/4.8.3/../../../../pic32mx/lib/./proc/32MX795F512L/crt0_mips32r2.o

.dbg_excpt      0xbfc00480        0x0
                0xbfc00480                . = (. + DEFINED (_DEBUGGER)?0x8:0x0)

.dbg_code       0xbfc02000        0x0
                0xbfc02000                . = (. + DEFINED (_DEBUGGER)?_DBG_CODE_SIZE:0x0)

.app_excpt      0x9fc01180       0x10
 *(.gen_handler)
 .gen_handler   0x9fc01180       0x10 c:/program files (x86)/microchip/xc32/v1.42/bin/bin/../../lib/gcc/pic32mx/4.8.3/../../../../pic32mx/lib/./proc/32MX795F512L/crt0_mips32r2.o

.vector_0       0x9fc01200        0x8
 *(.vector_0)
 .vector_0      0x9fc01200        0x8 c:/program files (x86)/microchip/xc32/v1.42/bin/bin/../../lib/gcc/pic32mx/4.8.3/../../../../pic32mx/lib\libpic32.a(vector0.o)
                0x9fc01200                __vector_dispatch_0
                0x00000001                ASSERT (((_vector_spacing == 0x0) || (SIZEOF (.vector_0) <= (_vector_spacing << 0x5))), function at exception vector 0 too large)

.vector_1       0x9fc01220        0x8
 *(.vector_1)
 .vector_1      0x9fc01220        0x8 build/default/production/_ext/1834392585/port.o
                0x9fc01220                __vector_dispatch_1
                0x00000001                ASSERT (((_vector_spacing == 0x0) || (SIZEOF (.vector_1) <= (_vector_spacing << 0x5))), function at exception vector 1 too large)

.vector_2       0x9fc01240        0x8
 *(.vector_2)
 .vector_2      0x9fc01240        0x8 c:/program files (x86)/microchip/xc32/v1.42/bin/bin/../../lib/gcc/pic32mx/4.8.3/../../../../pic32mx/lib\libpic32.a(vector2.o)
                0x9fc01240                __vector_dispatch_2
                0x00000001                ASSERT (((_vector_spacing == 0x0) || (SIZEOF (.vector_2) <= (_vector_spacing << 0x5))), function at exception vector 2 too large)

.vector_3       0x9fc01260        0x8
 *(.vector_3)
 .vector_3      0x9fc01260        0x8 c:/program files (x86)/microchip/xc32/v1.42/bin/bin/../../lib/gcc/pic32mx/4.8.3/../../../../pic32mx/lib\libpic32.a(vector3.o)
                0x9fc01260                __vector_dispatch_3
                0x00000001                ASSERT (((_vector_spacing == 0x0) || (SIZEOF (.vector_3) <= (_vector_spacing << 0x5))), function at exception vector 3 too large)

.vector_4       0x9fc01280        0x8
 *(.vector_4)
 .vector_4      0x9fc01280        0x8 build/default/production/_ext/1834392585/port.o
                0x9fc01280                __vector_dispatch_4
                0x00000001                ASSERT (((_vector_spacing == 0x0) || (SIZEOF (.vector_4) <= (_vector_spacing << 0x5))), function at exception vector 4 too large)

.vector_5       0x9fc012a0        0x8
 *(.vector_5)
 .vector_5      0x9fc012a0        0x8 c:/program files (x86)/microchip/xc32/v1.42/bin/bin/../../lib/gcc/pic32mx/4.8.3/../../../../pic32mx/lib\libpic32.a(vector5.o)
                0x9fc012a0                __vector_dispatch_5
                0x00000001                ASSERT (((_vector_spacing == 0x0) || (SIZEOF (.vector_5) <= (_vector_spacing << 0x5))), function at exception vector 5 too large)

.vector_6       0x9fc012c0        0x8
 *(.vector_6)
 .vector_6      0x9fc012c0        0x8 c:/program files (x86)/microchip/xc32/v1.42/bin/bin/../../lib/gcc/pic32mx/4.8.3/../../../../pic32mx/lib\libpic32.a(vector6.o)
                0x9fc012c0                __vector_dispatch_6
                0x00000001                ASSERT (((_vector_spacing == 0x0) || (SIZEOF (.vector_6) <= (_vector_spacing << 0x5))), function at exception vector 6 too large)

.vector_7       0x9fc012e0        0x8
 *(.vector_7)
 .vector_7      0x9fc012e0        0x8 c:/program files (x86)/microchip/xc32/v1.42/bin/bin/../../lib/gcc/pic32mx/4.8.3/../../../../pic32mx/lib\libpic32.a(vector7.o)
                0x9fc012e0                __vector_dispatch_7
                0x00000001                ASSERT (((_vector_spacing == 0x0) || (SIZEOF (.vector_7) <= (_vector_spacing << 0x5))), function at exception vector 7 too large)

.vector_8       0x9fc01300       0x10
 *(.vector_8)
 .vector_8      0x9fc01300       0x10 build/default/production/_ext/1688732426/system_interrupt_a.o
                0x9fc01300                __vector_dispatch_8
                0x00000001                ASSERT (((_vector_spacing == 0x0) || (SIZEOF (.vector_8) <= (_vector_spacing << 0x5))), function at exception vector 8 too large)

.vector_9       0x9fc01320        0x8
 *(.vector_9)
 .vector_9      0x9fc01320        0x8 c:/program files (x86)/microchip/xc32/v1.42/bin/bin/../../lib/gcc/pic32mx/4.8.3/../../../../pic32mx/lib\libpic32.a(vector9.o)
                0x9fc01320                __vector_dispatch_9
                0x00000001                ASSERT (((_vector_spacing == 0x0) || (SIZEOF (.vector_9) <= (_vector_spacing << 0x5))), function at exception vector 9 too large)

.vector_10      0x9fc01340        0x8
 *(.vector_10)
 .vector_10     0x9fc01340        0x8 c:/program files (x86)/microchip/xc32/v1.42/bin/bin/../../lib/gcc/pic32mx/4.8.3/../../../../pic32mx/lib\libpic32.a(vector10.o)
                0x9fc01340                __vector_dispatch_10
                0x00000001                ASSERT (((_vector_spacing == 0x0) || (SIZEOF (.vector_10) <= (_vector_spacing << 0x5))), function at exception vector 10 too large)

.vector_11      0x9fc01360        0x8
 *(.vector_11)
 .vector_11     0x9fc01360        0x8 c:/program files (x86)/microchip/xc32/v1.42/bin/bin/../../lib/gcc/pic32mx/4.8.3/../../../../pic32mx/lib\libpic32.a(vector11.o)
                0x9fc01360                __vector_dispatch_11
                0x00000001                ASSERT (((_vector_spacing == 0x0) || (SIZEOF (.vector_11) <= (_vector_spacing << 0x5))), function at exception vector 11 too large)

.vector_12      0x9fc01380       0x10
 *(.vector_12)
 .vector_12     0x9fc01380       0x10 build/default/production/_ext/1688732426/system_interrupt_a.o
                0x9fc01380                __vector_dispatch_12
                0x00000001                ASSERT (((_vector_spacing == 0x0) || (SIZEOF (.vector_12) <= (_vector_spacing << 0x5))), function at exception vector 12 too large)

.vector_13      0x9fc013a0        0x8
 *(.vector_13)
 .vector_13     0x9fc013a0        0x8 c:/program files (x86)/microchip/xc32/v1.42/bin/bin/../../lib/gcc/pic32mx/4.8.3/../../../../pic32mx/lib\libpic32.a(vector13.o)
                0x9fc013a0                __vector_dispatch_13
                0x00000001                ASSERT (((_vector_spacing == 0x0) || (SIZEOF (.vector_13) <= (_vector_spacing << 0x5))), function at exception vector 13 too large)

.vector_14      0x9fc013c0        0x8
 *(.vector_14)
 .vector_14     0x9fc013c0        0x8 c:/program files (x86)/microchip/xc32/v1.42/bin/bin/../../lib/gcc/pic32mx/4.8.3/../../../../pic32mx/lib\libpic32.a(vector14.o)
                0x9fc013c0                __vector_dispatch_14
                0x00000001                ASSERT (((_vector_spacing == 0x0) || (SIZEOF (.vector_14) <= (_vector_spacing << 0x5))), function at exception vector 14 too large)

.vector_15      0x9fc013e0        0x8
 *(.vector_15)
 .vector_15     0x9fc013e0        0x8 c:/program files (x86)/microchip/xc32/v1.42/bin/bin/../../lib/gcc/pic32mx/4.8.3/../../../../pic32mx/lib\libpic32.a(vector15.o)
                0x9fc013e0                __vector_dispatch_15
                0x00000001                ASSERT (((_vector_spacing == 0x0) || (SIZEOF (.vector_15) <= (_vector_spacing << 0x5))), function at exception vector 15 too large)

.vector_16      0x9fc01400       0x10
 *(.vector_16)
 .vector_16     0x9fc01400       0x10 build/default/production/_ext/1688732426/system_interrupt_a.o
                0x9fc01400                __vector_dispatch_16
                0x00000001                ASSERT (((_vector_spacing == 0x0) || (SIZEOF (.vector_16) <= (_vector_spacing << 0x5))), function at exception vector 16 too large)

.vector_17      0x9fc01420        0x8
 *(.vector_17)
 .vector_17     0x9fc01420        0x8 c:/program files (x86)/microchip/xc32/v1.42/bin/bin/../../lib/gcc/pic32mx/4.8.3/../../../../pic32mx/lib\libpic32.a(vector17.o)
                0x9fc01420                __vector_dispatch_17
                0x00000001                ASSERT (((_vector_spacing == 0x0) || (SIZEOF (.vector_17) <= (_vector_spacing << 0x5))), function at exception vector 17 too large)

.vector_18      0x9fc01440        0x8
 *(.vector_18)
 .vector_18     0x9fc01440        0x8 c:/program files (x86)/microchip/xc32/v1.42/bin/bin/../../lib/gcc/pic32mx/4.8.3/../../../../pic32mx/lib\libpic32.a(vector18.o)
                0x9fc01440                __vector_dispatch_18
                0x00000001                ASSERT (((_vector_spacing == 0x0) || (SIZEOF (.vector_18) <= (_vector_spacing << 0x5))), function at exception vector 18 too large)

.vector_19      0x9fc01460        0x8
 *(.vector_19)
 .vector_19     0x9fc01460        0x8 c:/program files (x86)/microchip/xc32/v1.42/bin/bin/../../lib/gcc/pic32mx/4.8.3/../../../../pic32mx/lib\libpic32.a(vector19.o)
                0x9fc01460                __vector_dispatch_19
                0x00000001                ASSERT (((_vector_spacing == 0x0) || (SIZEOF (.vector_19) <= (_vector_spacing << 0x5))), function at exception vector 19 too large)

.vector_20      0x9fc01480        0x8
 *(.vector_20)
 .vector_20     0x9fc01480        0x8 c:/program files (x86)/microchip/xc32/v1.42/bin/bin/../../lib/gcc/pic32mx/4.8.3/../../../../pic32mx/lib\libpic32.a(vector20.o)
                0x9fc01480                __vector_dispatch_20
                0x00000001                ASSERT (((_vector_spacing == 0x0) || (SIZEOF (.vector_20) <= (_vector_spacing << 0x5))), function at exception vector 20 too large)

.vector_21      0x9fc014a0        0x8
 *(.vector_21)
 .vector_21     0x9fc014a0        0x8 c:/program files (x86)/microchip/xc32/v1.42/bin/bin/../../lib/gcc/pic32mx/4.8.3/../../../../pic32mx/lib\libpic32.a(vector21.o)
                0x9fc014a0                __vector_dispatch_21
                0x00000001                ASSERT (((_vector_spacing == 0x0) || (SIZEOF (.vector_21) <= (_vector_spacing << 0x5))), function at exception vector 21 too large)

.vector_22      0x9fc014c0        0x8
 *(.vector_22)
 .vector_22     0x9fc014c0        0x8 c:/program files (x86)/microchip/xc32/v1.42/bin/bin/../../lib/gcc/pic32mx/4.8.3/../../../../pic32mx/lib\libpic32.a(vector22.o)
                0x9fc014c0                __vector_dispatch_22
                0x00000001                ASSERT (((_vector_spacing == 0x0) || (SIZEOF (.vector_22) <= (_vector_spacing << 0x5))), function at exception vector 22 too large)

.vector_23      0x9fc014e0        0x8
 *(.vector_23)
 .vector_23     0x9fc014e0        0x8 c:/program files (x86)/microchip/xc32/v1.42/bin/bin/../../lib/gcc/pic32mx/4.8.3/../../../../pic32mx/lib\libpic32.a(vector23.o)
                0x9fc014e0                __vector_dispatch_23
                0x00000001                ASSERT (((_vector_spacing == 0x0) || (SIZEOF (.vector_23) <= (_vector_spacing << 0x5))), function at exception vector 23 too large)

.vector_24      0x9fc01500       0x10
 *(.vector_24)
 .vector_24     0x9fc01500       0x10 build/default/production/_ext/1688732426/system_interrupt_a.o
                0x9fc01500                __vector_dispatch_24
                0x00000001                ASSERT (((_vector_spacing == 0x0) || (SIZEOF (.vector_24) <= (_vector_spacing << 0x5))), function at exception vector 24 too large)

.vector_25      0x9fc01520       0x10
 *(.vector_25)
 .vector_25     0x9fc01520       0x10 build/default/production/_ext/1688732426/system_interrupt_a.o
                0x9fc01520                __vector_dispatch_25
                0x00000001                ASSERT (((_vector_spacing == 0x0) || (SIZEOF (.vector_25) <= (_vector_spacing << 0x5))), function at exception vector 25 too large)

.vector_26      0x9fc01540        0x8
 *(.vector_26)
 .vector_26     0x9fc01540        0x8 c:/program files (x86)/microchip/xc32/v1.42/bin/bin/../../lib/gcc/pic32mx/4.8.3/../../../../pic32mx/lib\libpic32.a(vector26.o)
                0x9fc01540                __vector_dispatch_26
                0x00000001                ASSERT (((_vector_spacing == 0x0) || (SIZEOF (.vector_26) <= (_vector_spacing << 0x5))), function at exception vector 26 too large)

.vector_27      0x9fc01560        0x8
 *(.vector_27)
 .vector_27     0x9fc01560        0x8 c:/program files (x86)/microchip/xc32/v1.42/bin/bin/../../lib/gcc/pic32mx/4.8.3/../../../../pic32mx/lib\libpic32.a(vector27.o)
                0x9fc01560                __vector_dispatch_27
                0x00000001                ASSERT (((_vector_spacing == 0x0) || (SIZEOF (.vector_27) <= (_vector_spacing << 0x5))), function at exception vector 27 too large)

.vector_28      0x9fc01580        0x8
 *(.vector_28)
 .vector_28     0x9fc01580        0x8 c:/program files (x86)/microchip/xc32/v1.42/bin/bin/../../lib/gcc/pic32mx/4.8.3/../../../../pic32mx/lib\libpic32.a(vector28.o)
                0x9fc01580                __vector_dispatch_28
                0x00000001                ASSERT (((_vector_spacing == 0x0) || (SIZEOF (.vector_28) <= (_vector_spacing << 0x5))), function at exception vector 28 too large)

.vector_29      0x9fc015a0        0x8
 *(.vector_29)
 .vector_29     0x9fc015a0        0x8 c:/program files (x86)/microchip/xc32/v1.42/bin/bin/../../lib/gcc/pic32mx/4.8.3/../../../../pic32mx/lib\libpic32.a(vector29.o)
                0x9fc015a0                __vector_dispatch_29
                0x00000001                ASSERT (((_vector_spacing == 0x0) || (SIZEOF (.vector_29) <= (_vector_spacing << 0x5))), function at exception vector 29 too large)

.vector_30      0x9fc015c0        0x8
 *(.vector_30)
 .vector_30     0x9fc015c0        0x8 c:/program files (x86)/microchip/xc32/v1.42/bin/bin/../../lib/gcc/pic32mx/4.8.3/../../../../pic32mx/lib\libpic32.a(vector30.o)
                0x9fc015c0                __vector_dispatch_30
                0x00000001                ASSERT (((_vector_spacing == 0x0) || (SIZEOF (.vector_30) <= (_vector_spacing << 0x5))), function at exception vector 30 too large)

.vector_31      0x9fc015e0        0x8
 *(.vector_31)
 .vector_31     0x9fc015e0        0x8 c:/program files (x86)/microchip/xc32/v1.42/bin/bin/../../lib/gcc/pic32mx/4.8.3/../../../../pic32mx/lib\libpic32.a(vector31.o)
                0x9fc015e0                __vector_dispatch_31
                0x00000001                ASSERT (((_vector_spacing == 0x0) || (SIZEOF (.vector_31) <= (_vector_spacing << 0x5))), function at exception vector 31 too large)

.vector_32      0x9fc01600       0x10
 *(.vector_32)
 .vector_32     0x9fc01600       0x10 build/default/production/_ext/1688732426/system_interrupt_a.o
                0x9fc01600                __vector_dispatch_32
                0x00000001                ASSERT (((_vector_spacing == 0x0) || (SIZEOF (.vector_32) <= (_vector_spacing << 0x5))), function at exception vector 32 too large)

.vector_33      0x9fc01620       0x10
 *(.vector_33)
 .vector_33     0x9fc01620       0x10 build/default/production/_ext/1688732426/system_interrupt_a.o
                0x9fc01620                __vector_dispatch_33
                0x00000001                ASSERT (((_vector_spacing == 0x0) || (SIZEOF (.vector_33) <= (_vector_spacing << 0x5))), function at exception vector 33 too large)

.vector_34      0x9fc01640        0x8
 *(.vector_34)
 .vector_34     0x9fc01640        0x8 c:/program files (x86)/microchip/xc32/v1.42/bin/bin/../../lib/gcc/pic32mx/4.8.3/../../../../pic32mx/lib\libpic32.a(vector34.o)
                0x9fc01640                __vector_dispatch_34
                0x00000001                ASSERT (((_vector_spacing == 0x0) || (SIZEOF (.vector_34) <= (_vector_spacing << 0x5))), function at exception vector 34 too large)

.vector_35      0x9fc01660        0x8
 *(.vector_35)
 .vector_35     0x9fc01660        0x8 c:/program files (x86)/microchip/xc32/v1.42/bin/bin/../../lib/gcc/pic32mx/4.8.3/../../../../pic32mx/lib\libpic32.a(vector35.o)
                0x9fc01660                __vector_dispatch_35
                0x00000001                ASSERT (((_vector_spacing == 0x0) || (SIZEOF (.vector_35) <= (_vector_spacing << 0x5))), function at exception vector 35 too large)

.vector_36      0x9fc01680        0x8
 *(.vector_36)
 .vector_36     0x9fc01680        0x8 c:/program files (x86)/microchip/xc32/v1.42/bin/bin/../../lib/gcc/pic32mx/4.8.3/../../../../pic32mx/lib\libpic32.a(vector36.o)
                0x9fc01680                __vector_dispatch_36
                0x00000001                ASSERT (((_vector_spacing == 0x0) || (SIZEOF (.vector_36) <= (_vector_spacing << 0x5))), function at exception vector 36 too large)

.vector_37      0x9fc016a0        0x8
 *(.vector_37)
 .vector_37     0x9fc016a0        0x8 c:/program files (x86)/microchip/xc32/v1.42/bin/bin/../../lib/gcc/pic32mx/4.8.3/../../../../pic32mx/lib\libpic32.a(vector37.o)
                0x9fc016a0                __vector_dispatch_37
                0x00000001                ASSERT (((_vector_spacing == 0x0) || (SIZEOF (.vector_37) <= (_vector_spacing << 0x5))), function at exception vector 37 too large)

.vector_38      0x9fc016c0        0x8
 *(.vector_38)
 .vector_38     0x9fc016c0        0x8 c:/program files (x86)/microchip/xc32/v1.42/bin/bin/../../lib/gcc/pic32mx/4.8.3/../../../../pic32mx/lib\libpic32.a(vector38.o)
                0x9fc016c0                __vector_dispatch_38
                0x00000001                ASSERT (((_vector_spacing == 0x0) || (SIZEOF (.vector_38) <= (_vector_spacing << 0x5))), function at exception vector 38 too large)

.vector_39      0x9fc016e0        0x8
 *(.vector_39)
 .vector_39     0x9fc016e0        0x8 c:/program files (x86)/microchip/xc32/v1.42/bin/bin/../../lib/gcc/pic32mx/4.8.3/../../../../pic32mx/lib\libpic32.a(vector39.o)
                0x9fc016e0                __vector_dispatch_39
                0x00000001                ASSERT (((_vector_spacing == 0x0) || (SIZEOF (.vector_39) <= (_vector_spacing << 0x5))), function at exception vector 39 too large)

.vector_40      0x9fc01700        0x8
 *(.vector_40)
 .vector_40     0x9fc01700        0x8 c:/program files (x86)/microchip/xc32/v1.42/bin/bin/../../lib/gcc/pic32mx/4.8.3/../../../../pic32mx/lib\libpic32.a(vector40.o)
                0x9fc01700                __vector_dispatch_40
                0x00000001                ASSERT (((_vector_spacing == 0x0) || (SIZEOF (.vector_40) <= (_vector_spacing << 0x5))), function at exception vector 40 too large)

.vector_41      0x9fc01720        0x8
 *(.vector_41)
 .vector_41     0x9fc01720        0x8 c:/program files (x86)/microchip/xc32/v1.42/bin/bin/../../lib/gcc/pic32mx/4.8.3/../../../../pic32mx/lib\libpic32.a(vector41.o)
                0x9fc01720                __vector_dispatch_41
                0x00000001                ASSERT (((_vector_spacing == 0x0) || (SIZEOF (.vector_41) <= (_vector_spacing << 0x5))), function at exception vector 41 too large)

.vector_42      0x9fc01740        0x8
 *(.vector_42)
 .vector_42     0x9fc01740        0x8 c:/program files (x86)/microchip/xc32/v1.42/bin/bin/../../lib/gcc/pic32mx/4.8.3/../../../../pic32mx/lib\libpic32.a(vector42.o)
                0x9fc01740                __vector_dispatch_42
                0x00000001                ASSERT (((_vector_spacing == 0x0) || (SIZEOF (.vector_42) <= (_vector_spacing << 0x5))), function at exception vector 42 too large)

.vector_43      0x9fc01760        0x8
 *(.vector_43)
 .vector_43     0x9fc01760        0x8 c:/program files (x86)/microchip/xc32/v1.42/bin/bin/../../lib/gcc/pic32mx/4.8.3/../../../../pic32mx/lib\libpic32.a(vector43.o)
                0x9fc01760                __vector_dispatch_43
                0x00000001                ASSERT (((_vector_spacing == 0x0) || (SIZEOF (.vector_43) <= (_vector_spacing << 0x5))), function at exception vector 43 too large)

.vector_44      0x9fc01780        0x8
 *(.vector_44)
 .vector_44     0x9fc01780        0x8 c:/program files (x86)/microchip/xc32/v1.42/bin/bin/../../lib/gcc/pic32mx/4.8.3/../../../../pic32mx/lib\libpic32.a(vector44.o)
                0x9fc01780                __vector_dispatch_44
                0x00000001                ASSERT (((_vector_spacing == 0x0) || (SIZEOF (.vector_44) <= (_vector_spacing << 0x5))), function at exception vector 44 too large)

.vector_45      0x9fc017a0        0x8
 *(.vector_45)
 .vector_45     0x9fc017a0        0x8 c:/program files (x86)/microchip/xc32/v1.42/bin/bin/../../lib/gcc/pic32mx/4.8.3/../../../../pic32mx/lib\libpic32.a(vector45.o)
                0x9fc017a0                __vector_dispatch_45
                0x00000001                ASSERT (((_vector_spacing == 0x0) || (SIZEOF (.vector_45) <= (_vector_spacing << 0x5))), function at exception vector 45 too large)

.vector_46      0x9fc017c0        0x8
 *(.vector_46)
 .vector_46     0x9fc017c0        0x8 c:/program files (x86)/microchip/xc32/v1.42/bin/bin/../../lib/gcc/pic32mx/4.8.3/../../../../pic32mx/lib\libpic32.a(vector46.o)
                0x9fc017c0                __vector_dispatch_46
                0x00000001                ASSERT (((_vector_spacing == 0x0) || (SIZEOF (.vector_46) <= (_vector_spacing << 0x5))), function at exception vector 46 too large)

.vector_47      0x9fc017e0        0x8
 *(.vector_47)
 .vector_47     0x9fc017e0        0x8 c:/program files (x86)/microchip/xc32/v1.42/bin/bin/../../lib/gcc/pic32mx/4.8.3/../../../../pic32mx/lib\libpic32.a(vector47.o)
                0x9fc017e0                __vector_dispatch_47
                0x00000001                ASSERT (((_vector_spacing == 0x0) || (SIZEOF (.vector_47) <= (_vector_spacing << 0x5))), function at exception vector 47 too large)

.vector_48      0x9fc01800        0x8
 *(.vector_48)
 .vector_48     0x9fc01800        0x8 c:/program files (x86)/microchip/xc32/v1.42/bin/bin/../../lib/gcc/pic32mx/4.8.3/../../../../pic32mx/lib\libpic32.a(vector48.o)
                0x9fc01800                __vector_dispatch_48
                0x00000001                ASSERT (((_vector_spacing == 0x0) || (SIZEOF (.vector_48) <= (_vector_spacing << 0x5))), function at exception vector 48 too large)

.vector_49      0x9fc01820        0x8
 *(.vector_49)
 .vector_49     0x9fc01820        0x8 c:/program files (x86)/microchip/xc32/v1.42/bin/bin/../../lib/gcc/pic32mx/4.8.3/../../../../pic32mx/lib\libpic32.a(vector49.o)
                0x9fc01820                __vector_dispatch_49
                0x00000001                ASSERT (((_vector_spacing == 0x0) || (SIZEOF (.vector_49) <= (_vector_spacing << 0x5))), function at exception vector 49 too large)

.vector_50      0x9fc01840        0x8
 *(.vector_50)
 .vector_50     0x9fc01840        0x8 c:/program files (x86)/microchip/xc32/v1.42/bin/bin/../../lib/gcc/pic32mx/4.8.3/../../../../pic32mx/lib\libpic32.a(vector50.o)
                0x9fc01840                __vector_dispatch_50
                0x00000001                ASSERT (((_vector_spacing == 0x0) || (SIZEOF (.vector_50) <= (_vector_spacing << 0x5))), function at exception vector 50 too large)

.vector_51      0x9fc01860        0x8
 *(.vector_51)
 .vector_51     0x9fc01860        0x8 c:/program files (x86)/microchip/xc32/v1.42/bin/bin/../../lib/gcc/pic32mx/4.8.3/../../../../pic32mx/lib\libpic32.a(vector51.o)
                0x9fc01860                __vector_dispatch_51
                0x00000001                ASSERT (((_vector_spacing == 0x0) || (SIZEOF (.vector_51) <= (_vector_spacing << 0x5))), function at exception vector 51 too large)

.vector_52      0x9fc01880        0x0
 *(.vector_52)
                0x00000001                ASSERT (((_vector_spacing == 0x0) || (SIZEOF (.vector_52) <= (_vector_spacing << 0x5))), function at exception vector 52 too large)

.vector_53      0x9fc018a0        0x0
 *(.vector_53)
                0x00000001                ASSERT (((_vector_spacing == 0x0) || (SIZEOF (.vector_53) <= (_vector_spacing << 0x5))), function at exception vector 53 too large)

.vector_54      0x9fc018c0        0x0
 *(.vector_54)
                0x00000001                ASSERT (((_vector_spacing == 0x0) || (SIZEOF (.vector_54) <= (_vector_spacing << 0x5))), function at exception vector 54 too large)

.vector_55      0x9fc018e0        0x0
 *(.vector_55)
                0x00000001                ASSERT (((_vector_spacing == 0x0) || (SIZEOF (.vector_55) <= (_vector_spacing << 0x5))), function at exception vector 55 too large)

.vector_56      0x9fc01900        0x0
 *(.vector_56)
                0x00000001                ASSERT (((_vector_spacing == 0x0) || (SIZEOF (.vector_56) <= (_vector_spacing << 0x5))), function at exception vector 56 too large)

.vector_57      0x9fc01920        0x0
 *(.vector_57)
                0x00000001                ASSERT (((_vector_spacing == 0x0) || (SIZEOF (.vector_57) <= (_vector_spacing << 0x5))), function at exception vector 57 too large)

.vector_58      0x9fc01940        0x0
 *(.vector_58)
                0x00000001                ASSERT (((_vector_spacing == 0x0) || (SIZEOF (.vector_58) <= (_vector_spacing << 0x5))), function at exception vector 58 too large)

.vector_59      0x9fc01960        0x0
 *(.vector_59)
                0x00000001                ASSERT (((_vector_spacing == 0x0) || (SIZEOF (.vector_59) <= (_vector_spacing << 0x5))), function at exception vector 59 too large)

.vector_60      0x9fc01980        0x0
 *(.vector_60)
                0x00000001                ASSERT (((_vector_spacing == 0x0) || (SIZEOF (.vector_60) <= (_vector_spacing << 0x5))), function at exception vector 60 too large)

.vector_61      0x9fc019a0        0x0
 *(.vector_61)
                0x00000001                ASSERT (((_vector_spacing == 0x0) || (SIZEOF (.vector_61) <= (_vector_spacing << 0x5))), function at exception vector 61 too large)

.vector_62      0x9fc019c0        0x0
 *(.vector_62)
                0x00000001                ASSERT (((_vector_spacing == 0x0) || (SIZEOF (.vector_62) <= (_vector_spacing << 0x5))), function at exception vector 62 too large)

.vector_63      0x9fc019e0        0x0
 *(.vector_63)
                0x00000001                ASSERT (((_vector_spacing == 0x0) || (SIZEOF (.vector_63) <= (_vector_spacing << 0x5))), function at exception vector 63 too large)

.startup
 *(.startup)

.text           0x9d000000        0x0
 *(.stub .gnu.linkonce.t.*)
 *(.text.*personality*)
 *(.mips16.fn.*)
 *(.mips16.call.*)
 *(.gnu.warning)
                0x9d000000                . = ALIGN (0x4)

.init           0x9d000000        0x0
 *crti.o(.init)
 *crtbegin.o(.init)
 *(EXCLUDE_FILE(*crtn.o *crtend?.o *crtend.o) .init)
 *crtend.o(.init)
 *crtn.o(.init)
                0x9d000000                . = ALIGN (0x4)

.fini           0x9d000000        0x0
 *(.fini)
                0x9d000000                . = ALIGN (0x4)

.preinit_array  0x9d000000        0x0
                0x9d000000                PROVIDE (__preinit_array_start, .)
 *(.preinit_array)
                0x9d000000                PROVIDE (__preinit_array_end, .)
                0x9d000000                . = ALIGN (0x4)

.init_array     0x9d000000        0x0
                0x9d000000                PROVIDE (__init_array_start, .)
 *(SORT(.init_array.*))
 *(.init_array)
                0x9d000000                PROVIDE (__init_array_end, .)
                0x9d000000                . = ALIGN (0x4)

.fini_array     0x9d000000        0x0
                0x9d000000                PROVIDE (__fini_array_start, .)
 *(SORT(.fini_array.*))
 *(.fini_array)
                0x9d000000                PROVIDE (__fini_array_end, .)
                0x9d000000                . = ALIGN (0x4)

.ctors          0x9d000000        0x0
 *crtbegin.o(.ctors)
 *crtbegin?.o(.ctors)
 *(EXCLUDE_FILE(*crtend?.o *crtend.o) .ctors)
 *(SORT(.ctors.*))
 *(.ctors)
                0x9d000000                . = ALIGN (0x4)

.dtors          0x9d000000        0x0
 *crtbegin.o(.dtors)
 *crtbegin?.o(.dtors)
 *(EXCLUDE_FILE(*crtend?.o *crtend.o) .dtors)
 *(SORT(.dtors.*))
 *(.dtors)
                0x9d000000                . = ALIGN (0x4)

.rodata         0x9d000000        0x0
 *(.gnu.linkonce.r.*)
 *(.rodata1)
                0x9d000000                . = ALIGN (0x4)

.sdata2         0x9fc00490        0x0
 *(.sdata2 .sdata2.* .gnu.linkonce.s2.*)
                0x9fc00490                . = ALIGN (0x4)

.sbss2          0x9fc00490        0x0
 *(.sbss2 .sbss2.* .gnu.linkonce.sb2.*)
                0x9fc00490                . = ALIGN (0x4)

.eh_frame_hdr
 *(.eh_frame_hdr)
                0x9fc00490                . = ALIGN (0x4)

.eh_frame
 *(.eh_frame)
                0x9fc00490                . = ALIGN (0x4)

.gcc_except_table
 *(.gcc_except_table .gcc_except_table.*)
                0x9fc00490                . = ALIGN (0x4)

.dbg_data       0xa0000000        0x0
                0xa0000000                . = (. + DEFINED (_DEBUGGER)?0x200:0x0)

.jcr            0xa0000000        0x0
 *(.jcr)
                0xa0000000                . = ALIGN (0x4)

.eh_frame
 *(.eh_frame)
                0xa0000000                . = ALIGN (0x4)

.gcc_except_table
 *(.gcc_except_table .gcc_except_table.*)
                0xa0000000                . = ALIGN (0x4)

.persist        0xa0000000        0x0
                0xa0000000                _persist_begin = .
 *(.persist .persist.*)
 *(.pbss .pbss.*)
                0xa0000000                . = ALIGN (0x4)
                0xa0000000                _persist_end = .

.data           0xa0000000        0x0
 *(.gnu.linkonce.d.*)
 *(.data1)
                0xa0000000                . = ALIGN (0x4)
                0xa0000000                . = .
                0xa0007ff0                _gp = (ALIGN (0x10) + 0x7ff0)

.got            0xa0000000        0x0
 *(.got.plt)
 *(.got)
                0xa0000000                . = ALIGN (0x4)

.sdata          0xa0000000       0x18
                0xa0000000                _sdata_begin = .
 *(.sdata .sdata.* .gnu.linkonce.s.*)
 .sdata         0xa0000000        0x4 build/default/production/_ext/1360937237/debug.o
                0xa0000000                armValue
 .sdata         0xa0000004        0xc build/default/production/_ext/1360937237/colorSensor.o
 .sdata         0xa0000010        0x4 build/default/production/_ext/1834392585/port.o
                0xa0000010                uxInterruptNesting
 .sdata         0xa0000014        0x4 c:/program files (x86)/microchip/xc32/v1.42/bin/bin/../../lib/gcc/pic32mx/4.8.3/../../../../pic32mx/lib\libpic32.a(xc32_uart.o)
                0xa0000014                __XC_UART
                0xa0000018                . = ALIGN (0x4)
                0xa0000018                _sdata_end = .

.lit8
 *(.lit8)

.lit4
 *(.lit4)
                0xa0000018                . = ALIGN (0x4)
                0xa0000018                _data_end = .
                0xa0000018                _bss_begin = .

.sbss           0xa0000018      0x170
                0xa0000018                _sbss_begin = .
 *(.dynsbss)
 *(.sbss .sbss.* .gnu.linkonce.sb.*)
 .sbss          0xa0000018        0x4 build/default/production/_ext/1360937237/app.o
 .sbss          0xa000001c        0x4 build/default/production/_ext/1360937237/motorControl.o
 .sbss          0xa0000020        0xc build/default/production/_ext/1360937237/communication.o
 .sbss          0xa000002c       0x2c build/default/production/_ext/1360937237/utility.o
 .sbss          0xa0000058        0x8 build/default/production/_ext/1360937237/pathMovement.o
 .sbss          0xa0000060       0x28 build/default/production/_ext/1360937237/colorSensor.o
 .sbss          0xa0000088       0x3c build/default/production/_ext/1967019917/tasks.o
                0xa00000c0                pxCurrentTCB
 .sbss          0xa00000c4        0x8 build/default/production/_ext/2088708874/heap_1.o
 .sbss          0xa00000cc        0x4 build/default/production/_ext/1834392585/port.o
                0xa00000cc                uxSavedTaskStackPointer
 .sbss          0xa00000d0       0x12 build/default/production/_ext/12144542/drv_i2c_static_buffer_model.o
                0xa00000d0                QueueDelta_2
                0xa00000d2                QueueOut_2
                0xa00000d4                QueueIn_2
                0xa00000d6                QueueDelta_1
                0xa00000d8                QueueOut_1
                0xa00000da                QueueIn_1
                0xa00000dc                QueueDelta_0
                0xa00000de                QueueOut_0
                0xa00000e0                QueueIn_0
 .sbss          0xa00000e2        0x3 build/default/production/_ext/1407244131/drv_tmr_static.o
 *fill*         0xa00000e5        0x3 
 .sbss          0xa00000e8        0x4 build/default/production/_ext/1688732426/system_interrupt.o
                0xa00000e8                pulseCtr
 .sbss          0xa00000ec        0xc build/default/production/_ext/1688732426/system_exceptions.o
 *(.scommon)
 .scommon       0xa00000f8       0x4c build/default/production/_ext/1360937237/app.o
                0xa00000f8                MAX_X
                0xa00000fc                MAX_Y
                0xa0000100                roverListLen
                0xa0000104                nodeListLen
                0xa0000108                MIN_X
                0xa000010c                MIN_Y
                0xa0000110                receiveBytes
                0xa0000114                traceBackListLen
                0xa0000118                openListLen
                0xa000011c                closeListLen
                0xa0000120                oristate
                0xa0000124                goalPosition
                0xa000012c                defenseLength
                0xa0000130                boundaryListLen
                0xa0000134                startPosition
                0xa000013c                obsticleListLen
                0xa0000140                centerLength
 .scommon       0xa0000144        0x0 build/default/production/_ext/1360937237/motorControl.o
 .scommon       0xa0000144        0x0 build/default/production/_ext/1360937237/communication.o
 .scommon       0xa0000144        0x0 build/default/production/_ext/1360937237/astar.o
 .scommon       0xa0000144        0x0 build/default/production/_ext/1360937237/utility.o
 .scommon       0xa0000144        0x0 build/default/production/_ext/1360937237/pathMovement.o
 .scommon       0xa0000144        0x0 build/default/production/_ext/1360937237/tapeSensor.o
 .scommon       0xa0000144        0x8 build/default/production/_ext/1360937237/controller.o
                0xa0000144                controllerData
 .scommon       0xa000014c        0x0 build/default/production/_ext/1360937237/colorSensor.o
 .scommon       0xa000014c        0x8 build/default/production/_ext/88147854/sys_devcon.o
                0xa000014c                sysDevconObj
 .scommon       0xa0000154       0x30 build/default/production/_ext/12144542/drv_i2c_static_buffer_model.o
                0xa0000154                lBufferObj2
                0xa0000158                lBufferObj0
                0xa000015c                lBufferObj1
                0xa0000160                i2c2State
                0xa0000164                i2c1ClientObj
                0xa000016c                i2c0State
                0xa0000170                i2c1State
                0xa0000174                i2c0ClientObj
                0xa000017c                i2c2ClientObj
 .scommon       0xa0000184        0x0 build/default/production/_ext/327000265/drv_usart_mapping.o
 .scommon       0xa0000184        0x4 build/default/production/_ext/327000265/drv_usart_static.o
                0xa0000184                gDrvUSART0Obj
 .scommon       0xa0000188        0x0 build/default/production/_ext/327000265/drv_usart_static_byte_model.o
 .scommon       0xa0000188        0x0 build/default/production/_ext/639803181/sys_clk_static.o
 .scommon       0xa0000188        0x0 build/default/production/_ext/1688732426/system_init.o
 .scommon       0xa0000188        0x0 build/default/production/_ext/1688732426/system_interrupt.o
 .scommon       0xa0000188        0x0 build/default/production/_ext/1688732426/system_exceptions.o
 .scommon       0xa0000188        0x0 build/default/production/_ext/1688732426/system_tasks.o
                0xa0000188                _sbss_end = .
                0xa0000188                . = ALIGN (0x4)

.bss            0xa0000188     0x6d24
 *(.dynbss)
 *(COMMON)
 COMMON         0xa0000188     0x6c80 build/default/production/_ext/1360937237/app.o
                0xa0000188                obsticle_list
                0xa0000e58                traceback_list
                0xa00014c0                open_list
                0xa0001b28                cur_map
                0xa0002ad0                close_list
                0xa0003138                ex_map
                0xa00040e0                node_list
                0xa00060e8                boundary_list
                0xa00060f8                rover_list
                0xa0006dc8                ex_msg
 COMMON         0xa0006e08        0xc build/default/production/_ext/1360937237/colorSensor.o
                0xa0006e08                colorsensorData
 COMMON         0xa0006e14       0x84 build/default/production/_ext/12144542/drv_i2c_static_buffer_model.o
                0xa0006e14                i2c1Obj
                0xa0006e40                i2c0Obj
                0xa0006e6c                i2c2Obj
 COMMON         0xa0006e98       0x14 build/default/production/_ext/1688732426/system_init.o
                0xa0006e98                sysObj
                0xa0006eac                . = ALIGN ((. != 0x0)?0x4:0x1)
                0xa0006eac                . = ALIGN (0x4)
                0xa0006eac                _end = .
                0xa0006eac                _bss_end = .
                0x00020000                _bmxdudba_address = 0x20000
                0x00020000                _bmxdupba_address = 0x20000

/DISCARD/
 *(.pdr)
 *(.rel.dyn)
 *(.note.GNU-stack)
 *(.note.GNU-stack)
 *(.gnu_debuglink)
 *(.gnu.lto_*)
 *(.discard)

.gptab.sdata
 *(.gptab.data)
 *(.gptab.sdata)

.gptab.sbss
 *(.gptab.bss)
 *(.gptab.sbss)

.mdebug.abi32   0xa0006eac        0x0
 *(.mdebug.abi32)
 .mdebug.abi32  0xa0006eac        0x0 build/default/production/_ext/1360937237/app.o
 .mdebug.abi32  0xa0006eac        0x0 build/default/production/_ext/1360937237/main.o
 .mdebug.abi32  0xa0006eac        0x0 build/default/production/_ext/1360937237/debug.o
 .mdebug.abi32  0xa0006eac        0x0 build/default/production/_ext/1360937237/motorControl.o
 .mdebug.abi32  0xa0006eac        0x0 build/default/production/_ext/1360937237/communication.o
 .mdebug.abi32  0xa0006eac        0x0 build/default/production/_ext/1360937237/jsmn.o
 .mdebug.abi32  0xa0006eac        0x0 build/default/production/_ext/1360937237/astar.o
 .mdebug.abi32  0xa0006eac        0x0 build/default/production/_ext/1360937237/utility.o
 .mdebug.abi32  0xa0006eac        0x0 build/default/production/_ext/1360937237/pathMovement.o
 .mdebug.abi32  0xa0006eac        0x0 build/default/production/_ext/1360937237/tapeSensor.o
 .mdebug.abi32  0xa0006eac        0x0 build/default/production/_ext/1360937237/controller.o
 .mdebug.abi32  0xa0006eac        0x0 build/default/production/_ext/1360937237/colorSensor.o
 .mdebug.abi32  0xa0006eac        0x0 build/default/production/_ext/1019062744/osal_freertos.o
 .mdebug.abi32  0xa0006eac        0x0 build/default/production/_ext/88147854/sys_devcon.o
 .mdebug.abi32  0xa0006eac        0x0 build/default/production/_ext/88147854/sys_devcon_pic32mx.o
 .mdebug.abi32  0xa0006eac        0x0 build/default/production/_ext/938333736/sys_int_pic32.o
 .mdebug.abi32  0xa0006eac        0x0 build/default/production/_ext/1967019917/croutine.o
 .mdebug.abi32  0xa0006eac        0x0 build/default/production/_ext/1967019917/list.o
 .mdebug.abi32  0xa0006eac        0x0 build/default/production/_ext/1967019917/queue.o
 .mdebug.abi32  0xa0006eac        0x0 build/default/production/_ext/1967019917/tasks.o
 .mdebug.abi32  0xa0006eac        0x0 build/default/production/_ext/1967019917/timers.o
 .mdebug.abi32  0xa0006eac        0x0 build/default/production/_ext/1967019917/event_groups.o
 .mdebug.abi32  0xa0006eac        0x0 build/default/production/_ext/2088708874/heap_1.o
 .mdebug.abi32  0xa0006eac        0x0 build/default/production/_ext/1834392585/port.o
 .mdebug.abi32  0xa0006eac        0x0 build/default/production/_ext/12144542/drv_i2c_static_buffer_model.o
 .mdebug.abi32  0xa0006eac        0x0 build/default/production/_ext/12144542/drv_i2c_mapping.o
 .mdebug.abi32  0xa0006eac        0x0 build/default/production/_ext/1407244131/drv_tmr_static.o
 .mdebug.abi32  0xa0006eac        0x0 build/default/production/_ext/1407244131/drv_tmr_mapping.o
 .mdebug.abi32  0xa0006eac        0x0 build/default/production/_ext/327000265/drv_usart_mapping.o
 .mdebug.abi32  0xa0006eac        0x0 build/default/production/_ext/327000265/drv_usart_static.o
 .mdebug.abi32  0xa0006eac        0x0 build/default/production/_ext/327000265/drv_usart_static_byte_model.o
 .mdebug.abi32  0xa0006eac        0x0 build/default/production/_ext/639803181/sys_clk_static.o
 .mdebug.abi32  0xa0006eac        0x0 build/default/production/_ext/822048611/sys_ports_static.o
 .mdebug.abi32  0xa0006eac        0x0 build/default/production/_ext/1688732426/system_init.o
 .mdebug.abi32  0xa0006eac        0x0 build/default/production/_ext/1688732426/system_interrupt.o
 .mdebug.abi32  0xa0006eac        0x0 build/default/production/_ext/1688732426/system_exceptions.o
 .mdebug.abi32  0xa0006eac        0x0 build/default/production/_ext/1688732426/system_tasks.o
 .mdebug.abi32  0xa0006eac        0x0 build/default/production/_ext/1688732426/rtos_hooks.o
 .mdebug.abi32  0xa0006eac        0x0 c:/program files (x86)/microchip/xc32/v1.42/bin/bin/../../lib/gcc/pic32mx/4.8.3\libgcc.a(floatunsisf.o)
 .mdebug.abi32  0xa0006eac        0x0 c:/program files (x86)/microchip/xc32/v1.42/bin/bin/../../lib/gcc/pic32mx/4.8.3/../../../../pic32mx/lib\libpic32.a(default-bootstrap-exception-handler.o)
 .mdebug.abi32  0xa0006eac        0x0 c:/program files (x86)/microchip/xc32/v1.42/bin/bin/../../lib/gcc/pic32mx/4.8.3/../../../../pic32mx/lib\libpic32.a(default-on-reset.o)
 .mdebug.abi32  0xa0006eac        0x0 c:/program files (x86)/microchip/xc32/v1.42/bin/bin/../../lib/gcc/pic32mx/4.8.3/../../../../pic32mx/lib\libpic32.a(default-on-bootstrap.o)
 .mdebug.abi32  0xa0006eac        0x0 c:/program files (x86)/microchip/xc32/v1.42/bin/bin/../../lib/gcc/pic32mx/4.8.3/../../../../pic32mx/lib\libpic32.a(defaultinterrupt.o)
 .mdebug.abi32  0xa0006eac        0x0 c:/program files (x86)/microchip/xc32/v1.42/bin/bin/../../lib/gcc/pic32mx/4.8.3/../../../../pic32mx/lib\libc.a(atoi.o)
 .mdebug.abi32  0xa0006eac        0x0 c:/program files (x86)/microchip/xc32/v1.42/bin/bin/../../lib/gcc/pic32mx/4.8.3/../../../../pic32mx/lib\libc.a(ctype.o)
 .mdebug.abi32  0xa0006eac        0x0 c:/program files (x86)/microchip/xc32/v1.42/bin/bin/../../lib/gcc/pic32mx/4.8.3/../../../../pic32mx/lib\libc.a(strcat.o)
 .mdebug.abi32  0xa0006eac        0x0 c:/program files (x86)/microchip/xc32/v1.42/bin/bin/../../lib/gcc/pic32mx/4.8.3/../../../../pic32mx/lib\libc.a(strncmp.o)
 .mdebug.abi32  0xa0006eac        0x0 c:/program files (x86)/microchip/xc32/v1.42/bin/bin/../../lib/gcc/pic32mx/4.8.3/../../../../pic32mx/lib\libc.a(strncpy.o)
 .mdebug.abi32  0xa0006eac        0x0 c:/program files (x86)/microchip/xc32/v1.42/bin/bin/../../lib/gcc/pic32mx/4.8.3/../../../../pic32mx/lib\libc.a(snprintf_fF.eo)
 .mdebug.abi32  0xa0006eac        0x0 c:/program files (x86)/microchip/xc32/v1.42/bin/bin/../../lib/gcc/pic32mx/4.8.3/../../../../pic32mx/lib\libc.a(sprintf_cdnopuxX.eo)
 .mdebug.abi32  0xa0006eac        0x0 c:/program files (x86)/microchip/xc32/v1.42/bin/bin/../../lib/gcc/pic32mx/4.8.3/../../../../pic32mx/lib\libc.a(vsnprintf_fF.eo)
 .mdebug.abi32  0xa0006eac        0x0 c:/program files (x86)/microchip/xc32/v1.42/bin/bin/../../lib/gcc/pic32mx/4.8.3/../../../../pic32mx/lib\libc.a(_fputc_simple.o)
 .mdebug.abi32  0xa0006eac        0x0 c:/program files (x86)/microchip/xc32/v1.42/bin/bin/../../lib/gcc/pic32mx/4.8.3/../../../../pic32mx/lib\libc.a(powersf.o)
 .mdebug.abi32  0xa0006eac        0x0 c:/program files (x86)/microchip/xc32/v1.42/bin/bin/../../lib/gcc/pic32mx/4.8.3/../../../../pic32mx/lib\libc.a(_iob.o)
 .mdebug.abi32  0xa0006eac        0x0 c:/program files (x86)/microchip/xc32/v1.42/bin/bin/../../lib/gcc/pic32mx/4.8.3/../../../../pic32mx/lib\libc.a(_flsbuf_simple.o)
 .mdebug.abi32  0xa0006eac        0x0 c:/program files (x86)/microchip/xc32/v1.42/bin/bin/../../lib/gcc/pic32mx/4.8.3/../../../../pic32mx/lib\libc.a(doprnt_cdfFnopuxX.eo)
 .mdebug.abi32  0xa0006eac        0x0 c:/program files (x86)/microchip/xc32/v1.42/bin/bin/../../lib/gcc/pic32mx/4.8.3/../../../../pic32mx/lib\libpic32.a(write.o)
 .mdebug.abi32  0xa0006eac        0x0 c:/program files (x86)/microchip/xc32/v1.42/bin/bin/../../lib/gcc/pic32mx/4.8.3/../../../../pic32mx/lib\libpic32.a(_mon_putc.o)
 .mdebug.abi32  0xa0006eac        0x0 c:/program files (x86)/microchip/xc32/v1.42/bin/bin/../../lib/gcc/pic32mx/4.8.3/../../../../pic32mx/lib\libpic32.a(xc32_uart.o)
 .mdebug.abi32  0xa0006eac        0x0 c:/program files (x86)/microchip/xc32/v1.42/bin/bin/../../lib/gcc/pic32mx/4.8.3/../../../../pic32mx/lib\libe.a(_floatdisf.o)
 .mdebug.abi32  0xa0006eac        0x0 c:/program files (x86)/microchip/xc32/v1.42/bin/bin/../../lib/gcc/pic32mx/4.8.3\libgcc.a(_udivdi3.o)
 .mdebug.abi32  0xa0006eac        0x0 c:/program files (x86)/microchip/xc32/v1.42/bin/bin/../../lib/gcc/pic32mx/4.8.3\libgcc.a(_umoddi3.o)

.mdebug.abiN32
 *(.mdebug.abiN32)

.mdebug.abi64
 *(.mdebug.abi64)

.mdebug.abiO64
 *(.mdebug.abiO64)

.mdebug.eabi32
 *(.mdebug.eabi32)

.mdebug.eabi64
 *(.mdebug.eabi64)

.gcc_compiled_long32
 *(.gcc_compiled_long32)

.gcc_compiled_long64
 *(.gcc_compiled_long64)

.stab
 *(.stab)

.stabstr
 *(.stabstr)

.stab.excl
 *(.stab.excl)

.stab.exclstr
 *(.stab.exclstr)

.stab.index
 *(.stab.index)

.stab.indexstr
 *(.stab.indexstr)

.comment        0x00000000      0x18b
 *(.comment)
 .comment       0x00000000       0x3c build/default/production/_ext/1360937237/app.o
                                 0x3d (size before relaxing)
 .comment       0x00000000       0x3d build/default/production/_ext/1360937237/main.o
 .comment       0x00000000       0x3d build/default/production/_ext/1360937237/debug.o
 .comment       0x00000000       0x3d build/default/production/_ext/1360937237/motorControl.o
 .comment       0x00000000       0x3d build/default/production/_ext/1360937237/communication.o
 .comment       0x00000000       0x3d build/default/production/_ext/1360937237/jsmn.o
 .comment       0x00000000       0x3d build/default/production/_ext/1360937237/astar.o
 .comment       0x00000000       0x3d build/default/production/_ext/1360937237/utility.o
 .comment       0x00000000       0x3d build/default/production/_ext/1360937237/pathMovement.o
 .comment       0x00000000       0x3d build/default/production/_ext/1360937237/tapeSensor.o
 .comment       0x00000000       0x3d build/default/production/_ext/1360937237/controller.o
 .comment       0x00000000       0x3d build/default/production/_ext/1360937237/colorSensor.o
 .comment       0x00000000       0x3d build/default/production/_ext/1019062744/osal_freertos.o
 .comment       0x00000000       0x3d build/default/production/_ext/88147854/sys_devcon.o
 .comment       0x00000000       0x3d build/default/production/_ext/88147854/sys_devcon_pic32mx.o
 .comment       0x00000000       0x3d build/default/production/_ext/938333736/sys_int_pic32.o
 .comment       0x00000000       0x3d build/default/production/_ext/1967019917/croutine.o
 .comment       0x00000000       0x3d build/default/production/_ext/1967019917/list.o
 .comment       0x00000000       0x3d build/default/production/_ext/1967019917/queue.o
 .comment       0x00000000       0x3d build/default/production/_ext/1967019917/tasks.o
 .comment       0x00000000       0x3d build/default/production/_ext/1967019917/timers.o
 .comment       0x00000000       0x3d build/default/production/_ext/1967019917/event_groups.o
 .comment       0x00000000       0x3d build/default/production/_ext/2088708874/heap_1.o
 .comment       0x00000000       0x3d build/default/production/_ext/1834392585/port.o
 .comment       0x00000000       0x3d build/default/production/_ext/12144542/drv_i2c_static_buffer_model.o
 .comment       0x00000000       0x3d build/default/production/_ext/12144542/drv_i2c_mapping.o
 .comment       0x00000000       0x3d build/default/production/_ext/1407244131/drv_tmr_static.o
 .comment       0x00000000       0x3d build/default/production/_ext/1407244131/drv_tmr_mapping.o
 .comment       0x00000000       0x3d build/default/production/_ext/327000265/drv_usart_mapping.o
 .comment       0x00000000       0x3d build/default/production/_ext/327000265/drv_usart_static.o
 .comment       0x00000000       0x3d build/default/production/_ext/327000265/drv_usart_static_byte_model.o
 .comment       0x00000000       0x3d build/default/production/_ext/639803181/sys_clk_static.o
 .comment       0x00000000       0x3d build/default/production/_ext/822048611/sys_ports_static.o
 .comment       0x00000000       0x3d build/default/production/_ext/1688732426/system_init.o
 .comment       0x00000000       0x3d build/default/production/_ext/1688732426/system_interrupt.o
 .comment       0x00000000       0x3d build/default/production/_ext/1688732426/system_exceptions.o
 .comment       0x00000000       0x3d build/default/production/_ext/1688732426/system_tasks.o
 .comment       0x00000000       0x3d build/default/production/_ext/1688732426/rtos_hooks.o
 .comment       0x00000000       0x3d c:/program files (x86)/microchip/xc32/v1.42/bin/bin/../../lib/gcc/pic32mx/4.8.3\libgcc.a(floatunsisf.o)
 .comment       0x0000003c       0x18 c:/program files (x86)/microchip/xc32/v1.42/bin/bin/../../lib/gcc/pic32mx/4.8.3/../../../../pic32mx/lib\libpic32.a(memset.o)
                                 0x19 (size before relaxing)
 .comment       0x00000054       0x19 c:/program files (x86)/microchip/xc32/v1.42/bin/bin/../../lib/gcc/pic32mx/4.8.3/../../../../pic32mx/lib\libpic32.a(strcmp.o)
                                 0x1a (size before relaxing)
 .comment       0x0000006d       0x19 c:/program files (x86)/microchip/xc32/v1.42/bin/bin/../../lib/gcc/pic32mx/4.8.3/../../../../pic32mx/lib\libpic32.a(strcpy.o)
                                 0x1a (size before relaxing)
 .comment       0x00000086       0x19 c:/program files (x86)/microchip/xc32/v1.42/bin/bin/../../lib/gcc/pic32mx/4.8.3/../../../../pic32mx/lib\libpic32.a(strlen.o)
                                 0x1a (size before relaxing)
 .comment       0x00000000       0x3d c:/program files (x86)/microchip/xc32/v1.42/bin/bin/../../lib/gcc/pic32mx/4.8.3/../../../../pic32mx/lib\libpic32.a(default-bootstrap-exception-handler.o)
 .comment       0x00000000       0x3d c:/program files (x86)/microchip/xc32/v1.42/bin/bin/../../lib/gcc/pic32mx/4.8.3/../../../../pic32mx/lib\libpic32.a(default-on-reset.o)
 .comment       0x00000000       0x3d c:/program files (x86)/microchip/xc32/v1.42/bin/bin/../../lib/gcc/pic32mx/4.8.3/../../../../pic32mx/lib\libpic32.a(default-on-bootstrap.o)
 .comment       0x00000000       0x3d c:/program files (x86)/microchip/xc32/v1.42/bin/bin/../../lib/gcc/pic32mx/4.8.3/../../../../pic32mx/lib\libpic32.a(defaultinterrupt.o)
 .comment       0x00000000       0x3d c:/program files (x86)/microchip/xc32/v1.42/bin/bin/../../lib/gcc/pic32mx/4.8.3/../../../../pic32mx/lib\libc.a(atoi.o)
 .comment       0x0000009f       0x4e c:/program files (x86)/microchip/xc32/v1.42/bin/bin/../../lib/gcc/pic32mx/4.8.3/../../../../pic32mx/lib\libc.a(ctype.o)
                                 0x8b (size before relaxing)
 .comment       0x00000000       0x3d c:/program files (x86)/microchip/xc32/v1.42/bin/bin/../../lib/gcc/pic32mx/4.8.3/../../../../pic32mx/lib\libc.a(strcat.o)
 .comment       0x00000000       0x3d c:/program files (x86)/microchip/xc32/v1.42/bin/bin/../../lib/gcc/pic32mx/4.8.3/../../../../pic32mx/lib\libc.a(strncmp.o)
 .comment       0x00000000       0x3d c:/program files (x86)/microchip/xc32/v1.42/bin/bin/../../lib/gcc/pic32mx/4.8.3/../../../../pic32mx/lib\libc.a(strncpy.o)
 .comment       0x00000000       0x3d c:/program files (x86)/microchip/xc32/v1.42/bin/bin/../../lib/gcc/pic32mx/4.8.3/../../../../pic32mx/lib\libc.a(snprintf_fF.eo)
 .comment       0x00000000       0x3d c:/program files (x86)/microchip/xc32/v1.42/bin/bin/../../lib/gcc/pic32mx/4.8.3/../../../../pic32mx/lib\libc.a(sprintf_cdnopuxX.eo)
 .comment       0x00000000       0x3d c:/program files (x86)/microchip/xc32/v1.42/bin/bin/../../lib/gcc/pic32mx/4.8.3/../../../../pic32mx/lib\libc.a(vsnprintf_fF.eo)
 .comment       0x00000000       0x3d c:/program files (x86)/microchip/xc32/v1.42/bin/bin/../../lib/gcc/pic32mx/4.8.3/../../../../pic32mx/lib\libc.a(_fputc_simple.o)
 .comment       0x00000000       0x3d c:/program files (x86)/microchip/xc32/v1.42/bin/bin/../../lib/gcc/pic32mx/4.8.3/../../../../pic32mx/lib\libc.a(powersf.o)
 .comment       0x00000000       0x3d c:/program files (x86)/microchip/xc32/v1.42/bin/bin/../../lib/gcc/pic32mx/4.8.3/../../../../pic32mx/lib\libc.a(_iob.o)
 .comment       0x00000000       0x3d c:/program files (x86)/microchip/xc32/v1.42/bin/bin/../../lib/gcc/pic32mx/4.8.3/../../../../pic32mx/lib\libc.a(_flsbuf_simple.o)
 .comment       0x00000000       0x3d c:/program files (x86)/microchip/xc32/v1.42/bin/bin/../../lib/gcc/pic32mx/4.8.3/../../../../pic32mx/lib\libc.a(doprnt_cdfFnopuxX.eo)
 .comment       0x00000000       0x3d c:/program files (x86)/microchip/xc32/v1.42/bin/bin/../../lib/gcc/pic32mx/4.8.3/../../../../pic32mx/lib\libpic32.a(write.o)
 .comment       0x00000000       0x3d c:/program files (x86)/microchip/xc32/v1.42/bin/bin/../../lib/gcc/pic32mx/4.8.3/../../../../pic32mx/lib\libpic32.a(_mon_putc.o)
 .comment       0x00000000       0x3d c:/program files (x86)/microchip/xc32/v1.42/bin/bin/../../lib/gcc/pic32mx/4.8.3/../../../../pic32mx/lib\libpic32.a(xc32_uart.o)
 .comment       0x000000ed       0x9e c:/program files (x86)/microchip/xc32/v1.42/bin/bin/../../lib/gcc/pic32mx/4.8.3/../../../../pic32mx/lib\libe.a(_floatdisf.o)
                                 0xdb (size before relaxing)
 .comment       0x00000000       0x3d c:/program files (x86)/microchip/xc32/v1.42/bin/bin/../../lib/gcc/pic32mx/4.8.3\libgcc.a(_udivdi3.o)
 .comment       0x00000000       0x3d c:/program files (x86)/microchip/xc32/v1.42/bin/bin/../../lib/gcc/pic32mx/4.8.3\libgcc.a(_umoddi3.o)

.debug
 *(.debug)

.line
 *(.line)

.debug_srcinfo
 *(.debug_srcinfo)

.debug_sfnames
 *(.debug_sfnames)

.debug_aranges  0x00000000     0x14b8
 *(.debug_aranges)
 .debug_aranges
                0x00000000       0x30 build/default/production/_ext/1360937237/app.o
 .debug_aranges
                0x00000030       0x20 build/default/production/_ext/1360937237/main.o
 .debug_aranges
                0x00000050       0x70 build/default/production/_ext/1360937237/debug.o
 .debug_aranges
                0x000000c0       0x70 build/default/production/_ext/1360937237/motorControl.o
 .debug_aranges
                0x00000130       0x68 build/default/production/_ext/1360937237/communication.o
 .debug_aranges
                0x00000198       0x28 build/default/production/_ext/1360937237/jsmn.o
 .debug_aranges
                0x000001c0       0x68 build/default/production/_ext/1360937237/astar.o
 .debug_aranges
                0x00000228      0x128 build/default/production/_ext/1360937237/utility.o
 .debug_aranges
                0x00000350       0x30 build/default/production/_ext/1360937237/pathMovement.o
 .debug_aranges
                0x00000380       0x30 build/default/production/_ext/1360937237/tapeSensor.o
 .debug_aranges
                0x000003b0       0x28 build/default/production/_ext/1360937237/controller.o
 .debug_aranges
                0x000003d8       0xb8 build/default/production/_ext/1360937237/colorSensor.o
 .debug_aranges
                0x00000490       0x88 build/default/production/_ext/1019062744/osal_freertos.o
 .debug_aranges
                0x00000518       0x78 build/default/production/_ext/88147854/sys_devcon.o
 .debug_aranges
                0x00000590       0x20 build/default/production/_ext/88147854/sys_devcon_pic32mx.o
 .debug_aranges
                0x000005b0       0x48 build/default/production/_ext/938333736/sys_int_pic32.o
 .debug_aranges
                0x000005f8       0x18 build/default/production/_ext/1967019917/croutine.o
 .debug_aranges
                0x00000610       0x40 build/default/production/_ext/1967019917/list.o
 .debug_aranges
                0x00000650       0xb0 build/default/production/_ext/1967019917/queue.o
 .debug_aranges
                0x00000700      0x178 build/default/production/_ext/1967019917/tasks.o
 .debug_aranges
                0x00000878       0x18 build/default/production/_ext/1967019917/timers.o
 .debug_aranges
                0x00000890       0x60 build/default/production/_ext/1967019917/event_groups.o
 .debug_aranges
                0x000008f0       0x38 build/default/production/_ext/2088708874/heap_1.o
 .debug_aranges
                0x00000928       0x58 build/default/production/_ext/1834392585/port.o
 .debug_aranges
                0x00000980       0x20 build/default/production/_ext/1834392585/port_asm.o
 .debug_aranges
                0x000009a0      0x180 build/default/production/_ext/12144542/drv_i2c_static_buffer_model.o
 .debug_aranges
                0x00000b20       0x60 build/default/production/_ext/12144542/drv_i2c_mapping.o
 .debug_aranges
                0x00000b80      0x168 build/default/production/_ext/1407244131/drv_tmr_static.o
 .debug_aranges
                0x00000ce8       0xe8 build/default/production/_ext/1407244131/drv_tmr_mapping.o
 .debug_aranges
                0x00000dd0       0xa8 build/default/production/_ext/327000265/drv_usart_mapping.o
 .debug_aranges
                0x00000e78       0x78 build/default/production/_ext/327000265/drv_usart_static.o
 .debug_aranges
                0x00000ef0       0x48 build/default/production/_ext/327000265/drv_usart_static_byte_model.o
 .debug_aranges
                0x00000f38       0x50 build/default/production/_ext/639803181/sys_clk_static.o
 .debug_aranges
                0x00000f88      0x108 build/default/production/_ext/822048611/sys_ports_static.o
 .debug_aranges
                0x00001090       0x20 build/default/production/_ext/1688732426/system_init.o
 .debug_aranges
                0x000010b0       0x50 build/default/production/_ext/1688732426/system_interrupt.o
 .debug_aranges
                0x00001100       0x20 build/default/production/_ext/1688732426/system_exceptions.o
 .debug_aranges
                0x00001120       0x60 build/default/production/_ext/1688732426/system_tasks.o
 .debug_aranges
                0x00001180       0x88 build/default/production/_ext/1688732426/system_interrupt_a.o
 .debug_aranges
                0x00001208       0x28 build/default/production/_ext/1688732426/rtos_hooks.o
 .debug_aranges
                0x00001230       0x20 c:/program files (x86)/microchip/xc32/v1.42/bin/bin/../../lib/gcc/pic32mx/4.8.3\libgcc.a(floatunsisf.o)
 .debug_aranges
                0x00001250       0x20 c:/program files (x86)/microchip/xc32/v1.42/bin/bin/../../lib/gcc/pic32mx/4.8.3/../../../../pic32mx/lib\libpic32.a(default-bootstrap-exception-handler.o)
 .debug_aranges
                0x00001270       0x20 c:/program files (x86)/microchip/xc32/v1.42/bin/bin/../../lib/gcc/pic32mx/4.8.3/../../../../pic32mx/lib\libpic32.a(default-on-reset.o)
 .debug_aranges
                0x00001290       0x20 c:/program files (x86)/microchip/xc32/v1.42/bin/bin/../../lib/gcc/pic32mx/4.8.3/../../../../pic32mx/lib\libpic32.a(default-on-bootstrap.o)
 .debug_aranges
                0x000012b0       0x20 c:/program files (x86)/microchip/xc32/v1.42/bin/bin/../../lib/gcc/pic32mx/4.8.3/../../../../pic32mx/lib\libpic32.a(defaultinterrupt.o)
 .debug_aranges
                0x000012d0       0x20 c:/program files (x86)/microchip/xc32/v1.42/bin/bin/../../lib/gcc/pic32mx/4.8.3/../../../../pic32mx/lib\libc.a(atoi.o)
 .debug_aranges
                0x000012f0       0x20 c:/program files (x86)/microchip/xc32/v1.42/bin/bin/../../lib/gcc/pic32mx/4.8.3/../../../../pic32mx/lib\libc.a(strcat.o)
 .debug_aranges
                0x00001310       0x20 c:/program files (x86)/microchip/xc32/v1.42/bin/bin/../../lib/gcc/pic32mx/4.8.3/../../../../pic32mx/lib\libc.a(strncmp.o)
 .debug_aranges
                0x00001330       0x20 c:/program files (x86)/microchip/xc32/v1.42/bin/bin/../../lib/gcc/pic32mx/4.8.3/../../../../pic32mx/lib\libc.a(strncpy.o)
 .debug_aranges
                0x00001350       0x20 c:/program files (x86)/microchip/xc32/v1.42/bin/bin/../../lib/gcc/pic32mx/4.8.3/../../../../pic32mx/lib\libc.a(snprintf_fF.eo)
 .debug_aranges
                0x00001370       0x20 c:/program files (x86)/microchip/xc32/v1.42/bin/bin/../../lib/gcc/pic32mx/4.8.3/../../../../pic32mx/lib\libc.a(sprintf_cdnopuxX.eo)
 .debug_aranges
                0x00001390       0x20 c:/program files (x86)/microchip/xc32/v1.42/bin/bin/../../lib/gcc/pic32mx/4.8.3/../../../../pic32mx/lib\libc.a(vsnprintf_fF.eo)
 .debug_aranges
                0x000013b0       0x20 c:/program files (x86)/microchip/xc32/v1.42/bin/bin/../../lib/gcc/pic32mx/4.8.3/../../../../pic32mx/lib\libc.a(_fputc_simple.o)
 .debug_aranges
                0x000013d0       0x20 c:/program files (x86)/microchip/xc32/v1.42/bin/bin/../../lib/gcc/pic32mx/4.8.3/../../../../pic32mx/lib\libc.a(_flsbuf_simple.o)
 .debug_aranges
                0x000013f0       0x28 c:/program files (x86)/microchip/xc32/v1.42/bin/bin/../../lib/gcc/pic32mx/4.8.3/../../../../pic32mx/lib\libc.a(doprnt_cdfFnopuxX.eo)
 .debug_aranges
                0x00001418       0x20 c:/program files (x86)/microchip/xc32/v1.42/bin/bin/../../lib/gcc/pic32mx/4.8.3/../../../../pic32mx/lib\libpic32.a(write.o)
 .debug_aranges
                0x00001438       0x20 c:/program files (x86)/microchip/xc32/v1.42/bin/bin/../../lib/gcc/pic32mx/4.8.3/../../../../pic32mx/lib\libpic32.a(_mon_putc.o)
 .debug_aranges
                0x00001458       0x20 c:/program files (x86)/microchip/xc32/v1.42/bin/bin/../../lib/gcc/pic32mx/4.8.3/../../../../pic32mx/lib\libe.a(_floatdisf.o)
 .debug_aranges
                0x00001478       0x20 c:/program files (x86)/microchip/xc32/v1.42/bin/bin/../../lib/gcc/pic32mx/4.8.3\libgcc.a(_udivdi3.o)
 .debug_aranges
                0x00001498       0x20 c:/program files (x86)/microchip/xc32/v1.42/bin/bin/../../lib/gcc/pic32mx/4.8.3\libgcc.a(_umoddi3.o)

.debug_pubnames
 *(.debug_pubnames)

.debug_info     0x00000000    0x4617a
 *(.debug_info .gnu.linkonce.wi.*)
 .debug_info    0x00000000     0x2045 build/default/production/_ext/1360937237/app.o
 .debug_info    0x00002045      0x1a5 build/default/production/_ext/1360937237/main.o
 .debug_info    0x000021ea     0x207b build/default/production/_ext/1360937237/debug.o
 .debug_info    0x00004265     0x1b1b build/default/production/_ext/1360937237/motorControl.o
 .debug_info    0x00005d80     0x1de0 build/default/production/_ext/1360937237/communication.o
 .debug_info    0x00007b60      0x6c2 build/default/production/_ext/1360937237/jsmn.o
 .debug_info    0x00008222      0x87a build/default/production/_ext/1360937237/astar.o
 .debug_info    0x00008a9c     0x339d build/default/production/_ext/1360937237/utility.o
 .debug_info    0x0000be39     0x233e build/default/production/_ext/1360937237/pathMovement.o
 .debug_info    0x0000e177     0x1a88 build/default/production/_ext/1360937237/tapeSensor.o
 .debug_info    0x0000fbff     0x1460 build/default/production/_ext/1360937237/controller.o
 .debug_info    0x0001105f     0x258e build/default/production/_ext/1360937237/colorSensor.o
 .debug_info    0x000135ed      0xaa6 build/default/production/_ext/1019062744/osal_freertos.o
 .debug_info    0x00014093     0x116a build/default/production/_ext/88147854/sys_devcon.o
 .debug_info    0x000151fd      0xd5b build/default/production/_ext/88147854/sys_devcon_pic32mx.o
 .debug_info    0x00015f58     0x15c2 build/default/production/_ext/938333736/sys_int_pic32.o
 .debug_info    0x0001751a      0x18b build/default/production/_ext/1967019917/croutine.o
 .debug_info    0x000176a5      0x487 build/default/production/_ext/1967019917/list.o
 .debug_info    0x00017b2c     0x193a build/default/production/_ext/1967019917/queue.o
 .debug_info    0x00019466     0x2929 build/default/production/_ext/1967019917/tasks.o
 .debug_info    0x0001bd8f      0x189 build/default/production/_ext/1967019917/timers.o
 .debug_info    0x0001bf18      0xd5e build/default/production/_ext/1967019917/event_groups.o
 .debug_info    0x0001cc76      0x391 build/default/production/_ext/2088708874/heap_1.o
 .debug_info    0x0001d007     0x11ba build/default/production/_ext/1834392585/port.o
 .debug_info    0x0001e1c1       0xd9 build/default/production/_ext/1834392585/port_asm.o
 .debug_info    0x0001e29a     0x88ab build/default/production/_ext/12144542/drv_i2c_static_buffer_model.o
 .debug_info    0x00026b45     0x165f build/default/production/_ext/12144542/drv_i2c_mapping.o
 .debug_info    0x000281a4     0x4ab9 build/default/production/_ext/1407244131/drv_tmr_static.o
 .debug_info    0x0002cc5d     0x18d2 build/default/production/_ext/1407244131/drv_tmr_mapping.o
 .debug_info    0x0002e52f     0x2225 build/default/production/_ext/327000265/drv_usart_mapping.o
 .debug_info    0x00030754     0x42d2 build/default/production/_ext/327000265/drv_usart_static.o
 .debug_info    0x00034a26     0x25f7 build/default/production/_ext/327000265/drv_usart_static_byte_model.o
 .debug_info    0x0003701d     0x1f02 build/default/production/_ext/639803181/sys_clk_static.o
 .debug_info    0x00038f1f     0x4005 build/default/production/_ext/822048611/sys_ports_static.o
 .debug_info    0x0003cf24     0x21b0 build/default/production/_ext/1688732426/system_init.o
 .debug_info    0x0003f0d4     0x2569 build/default/production/_ext/1688732426/system_interrupt.o
 .debug_info    0x0004163d     0x126a build/default/production/_ext/1688732426/system_exceptions.o
 .debug_info    0x000428a7     0x178e build/default/production/_ext/1688732426/system_tasks.o
 .debug_info    0x00044035       0x97 build/default/production/_ext/1688732426/system_interrupt_a.o
 .debug_info    0x000440cc      0x24d build/default/production/_ext/1688732426/rtos_hooks.o
 .debug_info    0x00044319      0x131 c:/program files (x86)/microchip/xc32/v1.42/bin/bin/../../lib/gcc/pic32mx/4.8.3\libgcc.a(floatunsisf.o)
 .debug_info    0x0004444a       0xf5 c:/program files (x86)/microchip/xc32/v1.42/bin/bin/../../lib/gcc/pic32mx/4.8.3/../../../../pic32mx/lib\libpic32.a(default-bootstrap-exception-handler.o)
 .debug_info    0x0004453f       0xcf c:/program files (x86)/microchip/xc32/v1.42/bin/bin/../../lib/gcc/pic32mx/4.8.3/../../../../pic32mx/lib\libpic32.a(default-on-reset.o)
 .debug_info    0x0004460e       0xd7 c:/program files (x86)/microchip/xc32/v1.42/bin/bin/../../lib/gcc/pic32mx/4.8.3/../../../../pic32mx/lib\libpic32.a(default-on-bootstrap.o)
 .debug_info    0x000446e5       0xe9 c:/program files (x86)/microchip/xc32/v1.42/bin/bin/../../lib/gcc/pic32mx/4.8.3/../../../../pic32mx/lib\libpic32.a(defaultinterrupt.o)
 .debug_info    0x000447ce       0xc4 c:/program files (x86)/microchip/xc32/v1.42/bin/bin/../../lib/gcc/pic32mx/4.8.3/../../../../pic32mx/lib\libc.a(atoi.o)
 .debug_info    0x00044892       0xc8 c:/program files (x86)/microchip/xc32/v1.42/bin/bin/../../lib/gcc/pic32mx/4.8.3/../../../../pic32mx/lib\libc.a(strcat.o)
 .debug_info    0x0004495a       0xca c:/program files (x86)/microchip/xc32/v1.42/bin/bin/../../lib/gcc/pic32mx/4.8.3/../../../../pic32mx/lib\libc.a(strncmp.o)
 .debug_info    0x00044a24       0xca c:/program files (x86)/microchip/xc32/v1.42/bin/bin/../../lib/gcc/pic32mx/4.8.3/../../../../pic32mx/lib\libc.a(strncpy.o)
 .debug_info    0x00044aee       0xd0 c:/program files (x86)/microchip/xc32/v1.42/bin/bin/../../lib/gcc/pic32mx/4.8.3/../../../../pic32mx/lib\libc.a(snprintf_fF.eo)
 .debug_info    0x00044bbe       0xd4 c:/program files (x86)/microchip/xc32/v1.42/bin/bin/../../lib/gcc/pic32mx/4.8.3/../../../../pic32mx/lib\libc.a(sprintf_cdnopuxX.eo)
 .debug_info    0x00044c92       0xd2 c:/program files (x86)/microchip/xc32/v1.42/bin/bin/../../lib/gcc/pic32mx/4.8.3/../../../../pic32mx/lib\libc.a(vsnprintf_fF.eo)
 .debug_info    0x00044d64       0xc6 c:/program files (x86)/microchip/xc32/v1.42/bin/bin/../../lib/gcc/pic32mx/4.8.3/../../../../pic32mx/lib\libc.a(_fputc_simple.o)
 .debug_info    0x00044e2a       0xc9 c:/program files (x86)/microchip/xc32/v1.42/bin/bin/../../lib/gcc/pic32mx/4.8.3/../../../../pic32mx/lib\libc.a(_flsbuf_simple.o)
 .debug_info    0x00044ef3       0xfe c:/program files (x86)/microchip/xc32/v1.42/bin/bin/../../lib/gcc/pic32mx/4.8.3/../../../../pic32mx/lib\libc.a(doprnt_cdfFnopuxX.eo)
 .debug_info    0x00044ff1       0xc0 c:/program files (x86)/microchip/xc32/v1.42/bin/bin/../../lib/gcc/pic32mx/4.8.3/../../../../pic32mx/lib\libpic32.a(write.o)
 .debug_info    0x000450b1       0xc8 c:/program files (x86)/microchip/xc32/v1.42/bin/bin/../../lib/gcc/pic32mx/4.8.3/../../../../pic32mx/lib\libpic32.a(_mon_putc.o)
 .debug_info    0x00045179       0xde c:/program files (x86)/microchip/xc32/v1.42/bin/bin/../../lib/gcc/pic32mx/4.8.3/../../../../pic32mx/lib\libe.a(_floatdisf.o)
 .debug_info    0x00045257      0x773 c:/program files (x86)/microchip/xc32/v1.42/bin/bin/../../lib/gcc/pic32mx/4.8.3\libgcc.a(_udivdi3.o)
 .debug_info    0x000459ca      0x7b0 c:/program files (x86)/microchip/xc32/v1.42/bin/bin/../../lib/gcc/pic32mx/4.8.3\libgcc.a(_umoddi3.o)

.debug_abbrev   0x00000000     0x5849
 *(.debug_abbrev)
 .debug_abbrev  0x00000000      0x284 build/default/production/_ext/1360937237/app.o
 .debug_abbrev  0x00000284       0x93 build/default/production/_ext/1360937237/main.o
 .debug_abbrev  0x00000317      0x2aa build/default/production/_ext/1360937237/debug.o
 .debug_abbrev  0x000005c1      0x225 build/default/production/_ext/1360937237/motorControl.o
 .debug_abbrev  0x000007e6      0x238 build/default/production/_ext/1360937237/communication.o
 .debug_abbrev  0x00000a1e      0x201 build/default/production/_ext/1360937237/jsmn.o
 .debug_abbrev  0x00000c1f      0x18d build/default/production/_ext/1360937237/astar.o
 .debug_abbrev  0x00000dac      0x393 build/default/production/_ext/1360937237/utility.o
 .debug_abbrev  0x0000113f      0x284 build/default/production/_ext/1360937237/pathMovement.o
 .debug_abbrev  0x000013c3      0x227 build/default/production/_ext/1360937237/tapeSensor.o
 .debug_abbrev  0x000015ea      0x18d build/default/production/_ext/1360937237/controller.o
 .debug_abbrev  0x00001777      0x282 build/default/production/_ext/1360937237/colorSensor.o
 .debug_abbrev  0x000019f9      0x1fe build/default/production/_ext/1019062744/osal_freertos.o
 .debug_abbrev  0x00001bf7      0x26d build/default/production/_ext/88147854/sys_devcon.o
 .debug_abbrev  0x00001e64      0x16d build/default/production/_ext/88147854/sys_devcon_pic32mx.o
 .debug_abbrev  0x00001fd1      0x1d0 build/default/production/_ext/938333736/sys_int_pic32.o
 .debug_abbrev  0x000021a1       0x1b build/default/production/_ext/1967019917/croutine.o
 .debug_abbrev  0x000021bc       0xf1 build/default/production/_ext/1967019917/list.o
 .debug_abbrev  0x000022ad      0x2f4 build/default/production/_ext/1967019917/queue.o
 .debug_abbrev  0x000025a1      0x381 build/default/production/_ext/1967019917/tasks.o
 .debug_abbrev  0x00002922       0x1b build/default/production/_ext/1967019917/timers.o
 .debug_abbrev  0x0000293d      0x29a build/default/production/_ext/1967019917/event_groups.o
 .debug_abbrev  0x00002bd7      0x13f build/default/production/_ext/2088708874/heap_1.o
 .debug_abbrev  0x00002d16      0x2cf build/default/production/_ext/1834392585/port.o
 .debug_abbrev  0x00002fe5       0x14 build/default/production/_ext/1834392585/port_asm.o
 .debug_abbrev  0x00002ff9      0x3c1 build/default/production/_ext/12144542/drv_i2c_static_buffer_model.o
 .debug_abbrev  0x000033ba      0x1b1 build/default/production/_ext/12144542/drv_i2c_mapping.o
 .debug_abbrev  0x0000356b      0x341 build/default/production/_ext/1407244131/drv_tmr_static.o
 .debug_abbrev  0x000038ac      0x2e2 build/default/production/_ext/1407244131/drv_tmr_mapping.o
 .debug_abbrev  0x00003b8e      0x287 build/default/production/_ext/327000265/drv_usart_mapping.o
 .debug_abbrev  0x00003e15      0x3cc build/default/production/_ext/327000265/drv_usart_static.o
 .debug_abbrev  0x000041e1      0x299 build/default/production/_ext/327000265/drv_usart_static_byte_model.o
 .debug_abbrev  0x0000447a      0x2d4 build/default/production/_ext/639803181/sys_clk_static.o
 .debug_abbrev  0x0000474e      0x22b build/default/production/_ext/822048611/sys_ports_static.o
 .debug_abbrev  0x00004979      0x2fa build/default/production/_ext/1688732426/system_init.o
 .debug_abbrev  0x00004c73      0x2b1 build/default/production/_ext/1688732426/system_interrupt.o
 .debug_abbrev  0x00004f24      0x10a build/default/production/_ext/1688732426/system_exceptions.o
 .debug_abbrev  0x0000502e      0x1bf build/default/production/_ext/1688732426/system_tasks.o
 .debug_abbrev  0x000051ed       0x12 build/default/production/_ext/1688732426/system_interrupt_a.o
 .debug_abbrev  0x000051ff       0x97 build/default/production/_ext/1688732426/rtos_hooks.o
 .debug_abbrev  0x00005296       0x62 c:/program files (x86)/microchip/xc32/v1.42/bin/bin/../../lib/gcc/pic32mx/4.8.3\libgcc.a(floatunsisf.o)
 .debug_abbrev  0x000052f8       0x28 c:/program files (x86)/microchip/xc32/v1.42/bin/bin/../../lib/gcc/pic32mx/4.8.3/../../../../pic32mx/lib\libpic32.a(default-bootstrap-exception-handler.o)
 .debug_abbrev  0x00005320       0x28 c:/program files (x86)/microchip/xc32/v1.42/bin/bin/../../lib/gcc/pic32mx/4.8.3/../../../../pic32mx/lib\libpic32.a(default-on-reset.o)
 .debug_abbrev  0x00005348       0x28 c:/program files (x86)/microchip/xc32/v1.42/bin/bin/../../lib/gcc/pic32mx/4.8.3/../../../../pic32mx/lib\libpic32.a(default-on-bootstrap.o)
 .debug_abbrev  0x00005370       0x28 c:/program files (x86)/microchip/xc32/v1.42/bin/bin/../../lib/gcc/pic32mx/4.8.3/../../../../pic32mx/lib\libpic32.a(defaultinterrupt.o)
 .debug_abbrev  0x00005398       0x28 c:/program files (x86)/microchip/xc32/v1.42/bin/bin/../../lib/gcc/pic32mx/4.8.3/../../../../pic32mx/lib\libc.a(atoi.o)
 .debug_abbrev  0x000053c0       0x28 c:/program files (x86)/microchip/xc32/v1.42/bin/bin/../../lib/gcc/pic32mx/4.8.3/../../../../pic32mx/lib\libc.a(strcat.o)
 .debug_abbrev  0x000053e8       0x28 c:/program files (x86)/microchip/xc32/v1.42/bin/bin/../../lib/gcc/pic32mx/4.8.3/../../../../pic32mx/lib\libc.a(strncmp.o)
 .debug_abbrev  0x00005410       0x28 c:/program files (x86)/microchip/xc32/v1.42/bin/bin/../../lib/gcc/pic32mx/4.8.3/../../../../pic32mx/lib\libc.a(strncpy.o)
 .debug_abbrev  0x00005438       0x28 c:/program files (x86)/microchip/xc32/v1.42/bin/bin/../../lib/gcc/pic32mx/4.8.3/../../../../pic32mx/lib\libc.a(snprintf_fF.eo)
 .debug_abbrev  0x00005460       0x28 c:/program files (x86)/microchip/xc32/v1.42/bin/bin/../../lib/gcc/pic32mx/4.8.3/../../../../pic32mx/lib\libc.a(sprintf_cdnopuxX.eo)
 .debug_abbrev  0x00005488       0x28 c:/program files (x86)/microchip/xc32/v1.42/bin/bin/../../lib/gcc/pic32mx/4.8.3/../../../../pic32mx/lib\libc.a(vsnprintf_fF.eo)
 .debug_abbrev  0x000054b0       0x28 c:/program files (x86)/microchip/xc32/v1.42/bin/bin/../../lib/gcc/pic32mx/4.8.3/../../../../pic32mx/lib\libc.a(_fputc_simple.o)
 .debug_abbrev  0x000054d8       0x28 c:/program files (x86)/microchip/xc32/v1.42/bin/bin/../../lib/gcc/pic32mx/4.8.3/../../../../pic32mx/lib\libc.a(_flsbuf_simple.o)
 .debug_abbrev  0x00005500       0x45 c:/program files (x86)/microchip/xc32/v1.42/bin/bin/../../lib/gcc/pic32mx/4.8.3/../../../../pic32mx/lib\libc.a(doprnt_cdfFnopuxX.eo)
 .debug_abbrev  0x00005545       0x28 c:/program files (x86)/microchip/xc32/v1.42/bin/bin/../../lib/gcc/pic32mx/4.8.3/../../../../pic32mx/lib\libpic32.a(write.o)
 .debug_abbrev  0x0000556d       0x28 c:/program files (x86)/microchip/xc32/v1.42/bin/bin/../../lib/gcc/pic32mx/4.8.3/../../../../pic32mx/lib\libpic32.a(_mon_putc.o)
 .debug_abbrev  0x00005595       0x35 c:/program files (x86)/microchip/xc32/v1.42/bin/bin/../../lib/gcc/pic32mx/4.8.3/../../../../pic32mx/lib\libe.a(_floatdisf.o)
 .debug_abbrev  0x000055ca      0x138 c:/program files (x86)/microchip/xc32/v1.42/bin/bin/../../lib/gcc/pic32mx/4.8.3\libgcc.a(_udivdi3.o)
 .debug_abbrev  0x00005702      0x147 c:/program files (x86)/microchip/xc32/v1.42/bin/bin/../../lib/gcc/pic32mx/4.8.3\libgcc.a(_umoddi3.o)

.debug_line     0x00000000     0xc071
 *(.debug_line)
 .debug_line    0x00000000      0x3ef build/default/production/_ext/1360937237/app.o
 .debug_line    0x000003ef       0xb3 build/default/production/_ext/1360937237/main.o
 .debug_line    0x000004a2      0x5d4 build/default/production/_ext/1360937237/debug.o
 .debug_line    0x00000a76      0x3e0 build/default/production/_ext/1360937237/motorControl.o
 .debug_line    0x00000e56      0x3d6 build/default/production/_ext/1360937237/communication.o
 .debug_line    0x0000122c      0x1ff build/default/production/_ext/1360937237/jsmn.o
 .debug_line    0x0000142b      0x1c0 build/default/production/_ext/1360937237/astar.o
 .debug_line    0x000015eb      0x6c9 build/default/production/_ext/1360937237/utility.o
 .debug_line    0x00001cb4      0x472 build/default/production/_ext/1360937237/pathMovement.o
 .debug_line    0x00002126      0x2e7 build/default/production/_ext/1360937237/tapeSensor.o
 .debug_line    0x0000240d      0x26d build/default/production/_ext/1360937237/controller.o
 .debug_line    0x0000267a      0x5b4 build/default/production/_ext/1360937237/colorSensor.o
 .debug_line    0x00002c2e      0x2b9 build/default/production/_ext/1019062744/osal_freertos.o
 .debug_line    0x00002ee7      0x5c6 build/default/production/_ext/88147854/sys_devcon.o
 .debug_line    0x000034ad      0x471 build/default/production/_ext/88147854/sys_devcon_pic32mx.o
 .debug_line    0x0000391e      0x38c build/default/production/_ext/938333736/sys_int_pic32.o
 .debug_line    0x00003caa       0x1d build/default/production/_ext/1967019917/croutine.o
 .debug_line    0x00003cc7      0x1dc build/default/production/_ext/1967019917/list.o
 .debug_line    0x00003ea3      0x496 build/default/production/_ext/1967019917/queue.o
 .debug_line    0x00004339      0x7ba build/default/production/_ext/1967019917/tasks.o
 .debug_line    0x00004af3       0x1d build/default/production/_ext/1967019917/timers.o
 .debug_line    0x00004b10      0x325 build/default/production/_ext/1967019917/event_groups.o
 .debug_line    0x00004e35      0x217 build/default/production/_ext/2088708874/heap_1.o
 .debug_line    0x0000504c      0x23a build/default/production/_ext/1834392585/port.o
 .debug_line    0x00005286      0x123 build/default/production/_ext/1834392585/port_asm.o
 .debug_line    0x000053a9     0x18a5 build/default/production/_ext/12144542/drv_i2c_static_buffer_model.o
 .debug_line    0x00006c4e      0x3d7 build/default/production/_ext/12144542/drv_i2c_mapping.o
 .debug_line    0x00007025      0xac8 build/default/production/_ext/1407244131/drv_tmr_static.o
 .debug_line    0x00007aed      0x556 build/default/production/_ext/1407244131/drv_tmr_mapping.o
 .debug_line    0x00008043      0x4cb build/default/production/_ext/327000265/drv_usart_mapping.o
 .debug_line    0x0000850e      0x8e8 build/default/production/_ext/327000265/drv_usart_static.o
 .debug_line    0x00008df6      0x560 build/default/production/_ext/327000265/drv_usart_static_byte_model.o
 .debug_line    0x00009356      0x4a1 build/default/production/_ext/639803181/sys_clk_static.o
 .debug_line    0x000097f7      0x7db build/default/production/_ext/822048611/sys_ports_static.o
 .debug_line    0x00009fd2      0x624 build/default/production/_ext/1688732426/system_init.o
 .debug_line    0x0000a5f6      0x629 build/default/production/_ext/1688732426/system_interrupt.o
 .debug_line    0x0000ac1f      0x181 build/default/production/_ext/1688732426/system_exceptions.o
 .debug_line    0x0000ada0      0x417 build/default/production/_ext/1688732426/system_tasks.o
 .debug_line    0x0000b1b7      0x177 build/default/production/_ext/1688732426/system_interrupt_a.o
 .debug_line    0x0000b32e      0x13e build/default/production/_ext/1688732426/rtos_hooks.o
 .debug_line    0x0000b46c       0x9c c:/program files (x86)/microchip/xc32/v1.42/bin/bin/../../lib/gcc/pic32mx/4.8.3\libgcc.a(floatunsisf.o)
 .debug_line    0x0000b508       0xa9 c:/program files (x86)/microchip/xc32/v1.42/bin/bin/../../lib/gcc/pic32mx/4.8.3/../../../../pic32mx/lib\libpic32.a(default-bootstrap-exception-handler.o)
 .debug_line    0x0000b5b1       0x96 c:/program files (x86)/microchip/xc32/v1.42/bin/bin/../../lib/gcc/pic32mx/4.8.3/../../../../pic32mx/lib\libpic32.a(default-on-reset.o)
 .debug_line    0x0000b647       0x9a c:/program files (x86)/microchip/xc32/v1.42/bin/bin/../../lib/gcc/pic32mx/4.8.3/../../../../pic32mx/lib\libpic32.a(default-on-bootstrap.o)
 .debug_line    0x0000b6e1       0xa8 c:/program files (x86)/microchip/xc32/v1.42/bin/bin/../../lib/gcc/pic32mx/4.8.3/../../../../pic32mx/lib\libpic32.a(defaultinterrupt.o)
 .debug_line    0x0000b789       0x80 c:/program files (x86)/microchip/xc32/v1.42/bin/bin/../../lib/gcc/pic32mx/4.8.3/../../../../pic32mx/lib\libc.a(atoi.o)
 .debug_line    0x0000b809        0x0 c:/program files (x86)/microchip/xc32/v1.42/bin/bin/../../lib/gcc/pic32mx/4.8.3/../../../../pic32mx/lib\libc.a(ctype.o)
 .debug_line    0x0000b809       0x82 c:/program files (x86)/microchip/xc32/v1.42/bin/bin/../../lib/gcc/pic32mx/4.8.3/../../../../pic32mx/lib\libc.a(strcat.o)
 .debug_line    0x0000b88b       0x83 c:/program files (x86)/microchip/xc32/v1.42/bin/bin/../../lib/gcc/pic32mx/4.8.3/../../../../pic32mx/lib\libc.a(strncmp.o)
 .debug_line    0x0000b90e       0x83 c:/program files (x86)/microchip/xc32/v1.42/bin/bin/../../lib/gcc/pic32mx/4.8.3/../../../../pic32mx/lib\libc.a(strncpy.o)
 .debug_line    0x0000b991       0x84 c:/program files (x86)/microchip/xc32/v1.42/bin/bin/../../lib/gcc/pic32mx/4.8.3/../../../../pic32mx/lib\libc.a(snprintf_fF.eo)
 .debug_line    0x0000ba15       0x83 c:/program files (x86)/microchip/xc32/v1.42/bin/bin/../../lib/gcc/pic32mx/4.8.3/../../../../pic32mx/lib\libc.a(sprintf_cdnopuxX.eo)
 .debug_line    0x0000ba98       0x85 c:/program files (x86)/microchip/xc32/v1.42/bin/bin/../../lib/gcc/pic32mx/4.8.3/../../../../pic32mx/lib\libc.a(vsnprintf_fF.eo)
 .debug_line    0x0000bb1d       0x81 c:/program files (x86)/microchip/xc32/v1.42/bin/bin/../../lib/gcc/pic32mx/4.8.3/../../../../pic32mx/lib\libc.a(_fputc_simple.o)
 .debug_line    0x0000bb9e        0x0 c:/program files (x86)/microchip/xc32/v1.42/bin/bin/../../lib/gcc/pic32mx/4.8.3/../../../../pic32mx/lib\libc.a(powersf.o)
 .debug_line    0x0000bb9e        0x0 c:/program files (x86)/microchip/xc32/v1.42/bin/bin/../../lib/gcc/pic32mx/4.8.3/../../../../pic32mx/lib\libc.a(_iob.o)
 .debug_line    0x0000bb9e       0x82 c:/program files (x86)/microchip/xc32/v1.42/bin/bin/../../lib/gcc/pic32mx/4.8.3/../../../../pic32mx/lib\libc.a(_flsbuf_simple.o)
 .debug_line    0x0000bc20       0x82 c:/program files (x86)/microchip/xc32/v1.42/bin/bin/../../lib/gcc/pic32mx/4.8.3/../../../../pic32mx/lib\libc.a(doprnt_cdfFnopuxX.eo)
 .debug_line    0x0000bca2       0x8b c:/program files (x86)/microchip/xc32/v1.42/bin/bin/../../lib/gcc/pic32mx/4.8.3/../../../../pic32mx/lib\libpic32.a(write.o)
 .debug_line    0x0000bd2d       0x8f c:/program files (x86)/microchip/xc32/v1.42/bin/bin/../../lib/gcc/pic32mx/4.8.3/../../../../pic32mx/lib\libpic32.a(_mon_putc.o)
 .debug_line    0x0000bdbc        0x0 c:/program files (x86)/microchip/xc32/v1.42/bin/bin/../../lib/gcc/pic32mx/4.8.3/../../../../pic32mx/lib\libpic32.a(xc32_uart.o)
 .debug_line    0x0000bdbc       0xa5 c:/program files (x86)/microchip/xc32/v1.42/bin/bin/../../lib/gcc/pic32mx/4.8.3/../../../../pic32mx/lib\libe.a(_floatdisf.o)
 .debug_line    0x0000be61       0xff c:/program files (x86)/microchip/xc32/v1.42/bin/bin/../../lib/gcc/pic32mx/4.8.3\libgcc.a(_udivdi3.o)
 .debug_line    0x0000bf60      0x111 c:/program files (x86)/microchip/xc32/v1.42/bin/bin/../../lib/gcc/pic32mx/4.8.3\libgcc.a(_umoddi3.o)

.debug_frame    0x00000000     0x2c14
 *(.debug_frame)
 .debug_frame   0x00000000       0x58 build/default/production/_ext/1360937237/app.o
 .debug_frame   0x00000058       0x28 build/default/production/_ext/1360937237/main.o
 .debug_frame   0x00000080      0x104 build/default/production/_ext/1360937237/debug.o
 .debug_frame   0x00000184      0x120 build/default/production/_ext/1360937237/motorControl.o
 .debug_frame   0x000002a4       0xfc build/default/production/_ext/1360937237/communication.o
 .debug_frame   0x000003a0       0x48 build/default/production/_ext/1360937237/jsmn.o
 .debug_frame   0x000003e8       0xd8 build/default/production/_ext/1360937237/astar.o
 .debug_frame   0x000004c0      0x338 build/default/production/_ext/1360937237/utility.o
 .debug_frame   0x000007f8       0x64 build/default/production/_ext/1360937237/pathMovement.o
 .debug_frame   0x0000085c       0x68 build/default/production/_ext/1360937237/tapeSensor.o
 .debug_frame   0x000008c4       0x44 build/default/production/_ext/1360937237/controller.o
 .debug_frame   0x00000908      0x1f8 build/default/production/_ext/1360937237/colorSensor.o
 .debug_frame   0x00000b00      0x150 build/default/production/_ext/1019062744/osal_freertos.o
 .debug_frame   0x00000c50       0xe8 build/default/production/_ext/88147854/sys_devcon.o
 .debug_frame   0x00000d38       0x28 build/default/production/_ext/88147854/sys_devcon_pic32mx.o
 .debug_frame   0x00000d60       0x90 build/default/production/_ext/938333736/sys_int_pic32.o
 .debug_frame   0x00000df0       0x60 build/default/production/_ext/1967019917/list.o
 .debug_frame   0x00000e50      0x218 build/default/production/_ext/1967019917/queue.o
 .debug_frame   0x00001068      0x458 build/default/production/_ext/1967019917/tasks.o
 .debug_frame   0x000014c0      0x108 build/default/production/_ext/1967019917/event_groups.o
 .debug_frame   0x000015c8       0x5c build/default/production/_ext/2088708874/heap_1.o
 .debug_frame   0x00001624       0xc0 build/default/production/_ext/1834392585/port.o
 .debug_frame   0x000016e4      0x3d4 build/default/production/_ext/12144542/drv_i2c_static_buffer_model.o
 .debug_frame   0x00001ab8       0xe0 build/default/production/_ext/12144542/drv_i2c_mapping.o
 .debug_frame   0x00001b98      0x2c8 build/default/production/_ext/1407244131/drv_tmr_static.o
 .debug_frame   0x00001e60      0x218 build/default/production/_ext/1407244131/drv_tmr_mapping.o
 .debug_frame   0x00002078      0x238 build/default/production/_ext/327000265/drv_usart_mapping.o
 .debug_frame   0x000022b0       0xfc build/default/production/_ext/327000265/drv_usart_static.o
 .debug_frame   0x000023ac       0x80 build/default/production/_ext/327000265/drv_usart_static_byte_model.o
 .debug_frame   0x0000242c       0xa0 build/default/production/_ext/639803181/sys_clk_static.o
 .debug_frame   0x000024cc      0x1f0 build/default/production/_ext/822048611/sys_ports_static.o
 .debug_frame   0x000026bc       0x28 build/default/production/_ext/1688732426/system_init.o
 .debug_frame   0x000026e4       0xc4 build/default/production/_ext/1688732426/system_interrupt.o
 .debug_frame   0x000027a8       0x28 build/default/production/_ext/1688732426/system_exceptions.o
 .debug_frame   0x000027d0       0xe8 build/default/production/_ext/1688732426/system_tasks.o
 .debug_frame   0x000028b8       0x40 build/default/production/_ext/1688732426/rtos_hooks.o
 .debug_frame   0x000028f8       0x28 c:/program files (x86)/microchip/xc32/v1.42/bin/bin/../../lib/gcc/pic32mx/4.8.3\libgcc.a(floatunsisf.o)
 .debug_frame   0x00002920       0x2c c:/program files (x86)/microchip/xc32/v1.42/bin/bin/../../lib/gcc/pic32mx/4.8.3/../../../../pic32mx/lib\libpic32.a(default-bootstrap-exception-handler.o)